
 RUN  v0.34.3 /Users/dsifry/Developer/harnesseval/.cache/verify_repos/cal.com

 ❯ |0| apps/web/pages/api/webhook/app-credential.verified.test.ts  (1 test | 1 failed) 11ms
   ❯ apps/web/pages/api/webhook/app-credential.verified.test.ts > apps/web/pages/api/webhook/app-credential > updates keys AND refreshes credential type to avoid stale discriminator after app type evolution
     → Webhook app-credential sync should refresh credential type to avoid stale discriminator: expected undefined to be 'newType' // Object.is equality

 Test Files  1 failed (1)
      Tests  1 failed (1)
   Start at  13:45:03
   Duration  288ms (transform 22ms, setup 14ms, collect 11ms, tests 11ms, environment 0ms, prepare 45ms)

⎯⎯⎯⎯⎯⎯⎯ Failed Tests 1 ⎯⎯⎯⎯⎯⎯⎯

 FAIL  |0| apps/web/pages/api/webhook/app-credential.verified.test.ts > apps/web/pages/api/webhook/app-credential > updates keys AND refreshes credential type to avoid stale discriminator after app type evolution
AssertionError: Webhook app-credential sync should refresh credential type to avoid stale discriminator: expected undefined to be 'newType' // Object.is equality

- Expected: 
"newType"

+ Received: 
undefined

 ❯ apps/web/pages/api/webhook/app-credential.verified.test.ts:95:7
     93|       updateArg.data.type,
     94|       "Webhook app-credential sync should refresh credential type to a…
     95|     ).toBe("newType");
       |       ^
     96| 
     97|     expect(res.status).toHaveBeenCalledWith(200);

⎯⎯⎯⎯⎯⎯⎯⎯⎯⎯⎯⎯⎯⎯⎯⎯⎯⎯⎯⎯⎯⎯⎯⎯[1/1]⎯

