
 RUN  v0.34.3 /Users/dsifry/Developer/harnesseval/.cache/verify_repos/cal.com-14740

 ❯ |@calcom/core| packages/trpc/server/routers/viewer/bookings/addGuests.handler.verified.test.ts  (1 test | 1 failed) 207ms
   ❯ packages/trpc/server/routers/viewer/bookings/addGuests.handler.verified.test.ts > addGuestsHandler — recurring booking must not send a series-wide invite > does not forward eventType.recurringEvent on the event used to update calendar attendees
     → default.getSubLogger is not a function

 Test Files  1 failed (1)
      Tests  1 failed (1)
   Start at  15:12:04
   Duration  646ms (transform 144ms, setup 66ms, collect 26ms, tests 207ms, environment 0ms, prepare 47ms)

(node:76770) MaxListenersExceededWarning: Possible EventEmitter memory leak detected. 11 SIGTERM listeners added to [process]. MaxListeners is 10. Use emitter.setMaxListeners() to increase limit
(Use `node --trace-warnings ...` to show where the warning was created)
(node:76770) MaxListenersExceededWarning: Possible EventEmitter memory leak detected. 11 end listeners added to [ReadStream]. MaxListeners is 10. Use emitter.setMaxListeners() to increase limit
⎯⎯⎯⎯⎯⎯⎯ Failed Tests 1 ⎯⎯⎯⎯⎯⎯⎯

 FAIL  |@calcom/core| packages/trpc/server/routers/viewer/bookings/addGuests.handler.verified.test.ts > addGuestsHandler — recurring booking must not send a series-wide invite > does not forward eventType.recurringEvent on the event used to update calendar attendees
TypeError: default.getSubLogger is not a function
 ❯ packages/lib/redactError.ts:7:20
      5| import { IS_PRODUCTION } from "./constants";
      6| 
      7| const log = logger.getSubLogger({ prefix: [`[redactError]`] });
       |                    ^
      8| 
      9| function shouldRedact<T extends Error>(error: T) {
 ❯ packages/lib/server/getServerErrorFromUnknown.ts:5:31

⎯⎯⎯⎯⎯⎯⎯⎯⎯⎯⎯⎯⎯⎯⎯⎯⎯⎯⎯⎯⎯⎯⎯⎯⎯⎯⎯⎯⎯⎯
Serialized Error: { toJSON: 'Function<value>' }
⎯⎯⎯⎯⎯⎯⎯⎯⎯⎯⎯⎯⎯⎯⎯⎯⎯⎯⎯⎯⎯⎯⎯⎯[1/1]⎯

