
 RUN  v0.34.3 /Users/dsifry/Developer/harnesseval/.cache/verify_repos/cal.com-10967

 ❯ |0| packages/features/bookings/lib/handleNewBooking.verified.test.ts  (1 test | 1 failed) 905ms
   ❯ packages/features/bookings/lib/handleNewBooking.verified.test.ts > handleNewBooking loadUsers() empty dynamicUserList guard > surfaces the descriptive 'dynamicUserList is not properly defined or empty.' error as an HTTP 400 rather than swallowing it into a generic 500
     → empty dynamicUserList misclassified as a non-400 (claimed 500 generic): expected undefined to be 400 // Object.is equality

 Test Files  1 failed (1)
      Tests  1 failed (1)
   Start at  19:03:43
   Duration  1.11s (transform 445ms, setup 0ms, collect 15ms, tests 905ms, environment 0ms, prepare 41ms)

[90m19:03:44.654 [39m[1m[93mWARN[39m[22m RateLimit Disabled due to not finding UPSTASH env variables 
⎯⎯⎯⎯⎯⎯⎯ Failed Tests 1 ⎯⎯⎯⎯⎯⎯⎯

 FAIL  |0| packages/features/bookings/lib/handleNewBooking.verified.test.ts > handleNewBooking loadUsers() empty dynamicUserList guard > surfaces the descriptive 'dynamicUserList is not properly defined or empty.' error as an HTTP 400 rather than swallowing it into a generic 500
AssertionError: empty dynamicUserList misclassified as a non-400 (claimed 500 generic): expected undefined to be 400 // Object.is equality

- Expected: 
400

+ Received: 
undefined

 ❯ packages/features/bookings/lib/handleNewBooking.verified.test.ts:121:7
    119|       statusCode,
    120|       "empty dynamicUserList misclassified as a non-400 (claimed 500 g…
    121|     ).toBe(400);
       |       ^
    122|     expect(
    123|       message,

⎯⎯⎯⎯⎯⎯⎯⎯⎯⎯⎯⎯⎯⎯⎯⎯⎯⎯⎯⎯⎯⎯⎯⎯[1/1]⎯

