
 RUN  v0.34.3 /Users/dsifry/Developer/harnesseval/.cache/verify_repos/cal.com

 ❯ |0| apps/web/pages/api/webhook/app-credential.verified.test.ts  (1 test | 1 failed) 14ms
   ❯ apps/web/pages/api/webhook/app-credential.verified.test.ts > /api/webhook/app-credential > rejects overwriting another user's credentials even when the instance-wide webhook secret is known
     → Instance-wide shared webhook secret should NOT authorize overwriting another user's app credentials: expected 200 to be 403 // Object.is equality

 Test Files  1 failed (1)
      Tests  1 failed (1)
   Start at  13:40:13
   Duration  262ms (transform 21ms, setup 16ms, collect 12ms, tests 14ms, environment 0ms, prepare 42ms)

⎯⎯⎯⎯⎯⎯⎯ Failed Tests 1 ⎯⎯⎯⎯⎯⎯⎯

 FAIL  |0| apps/web/pages/api/webhook/app-credential.verified.test.ts > /api/webhook/app-credential > rejects overwriting another user's credentials even when the instance-wide webhook secret is known
AssertionError: Instance-wide shared webhook secret should NOT authorize overwriting another user's app credentials: expected 200 to be 403 // Object.is equality

- Expected
+ Received

- 403
+ 200

 ❯ apps/web/pages/api/webhook/app-credential.verified.test.ts:119:7
    117|       resWrap.statusCode,
    118|       "Instance-wide shared webhook secret should NOT authorize overwr…
    119|     ).toBe(403);
       |       ^
    120|     expect(prismaMock.credential.update).not.toHaveBeenCalled();
    121|     expect(prismaMock.credential.create).not.toHaveBeenCalled();

⎯⎯⎯⎯⎯⎯⎯⎯⎯⎯⎯⎯⎯⎯⎯⎯⎯⎯⎯⎯⎯⎯⎯⎯[1/1]⎯

