
 RUN  v0.34.3 /Users/dsifry/Developer/harnesseval/.cache/verify_repos/cal.com

 ❯ |0| apps/web/pages/api/webhook/app-credential.verified.test.ts  (1 test | 1 failed) 16ms
   ❯ apps/web/pages/api/webhook/app-credential.verified.test.ts > matches the incoming lowercased webhook header even when CALCOM_WEBHOOK_HEADER_NAME contains uppercase
     → the mixed-case CALCOM_WEBHOOK_HEADER_NAME should be lowercased before lookup so the lowercased incoming header matches: expected 'Invalid webhook secret' to be 'User not found' // Object.is equality

 Test Files  1 failed (1)
      Tests  1 failed (1)
   Start at  01:01:49
   Duration  342ms (transform 23ms, setup 18ms, collect 10ms, tests 16ms, environment 0ms, prepare 43ms)

⎯⎯⎯⎯⎯⎯⎯ Failed Tests 1 ⎯⎯⎯⎯⎯⎯⎯

 FAIL  |0| apps/web/pages/api/webhook/app-credential.verified.test.ts > matches the incoming lowercased webhook header even when CALCOM_WEBHOOK_HEADER_NAME contains uppercase
AssertionError: the mixed-case CALCOM_WEBHOOK_HEADER_NAME should be lowercased before lookup so the lowercased incoming header matches: expected 'Invalid webhook secret' to be 'User not found' // Object.is equality

- Expected
+ Received

- User not found
+ Invalid webhook secret

 ❯ apps/web/pages/api/webhook/app-credential.verified.test.ts:54:5
     52|     responseBody.message,
     53|     "the mixed-case CALCOM_WEBHOOK_HEADER_NAME should be lowercased be…
     54|   ).toBe("User not found");
       |     ^
     55| });
     56| 

⎯⎯⎯⎯⎯⎯⎯⎯⎯⎯⎯⎯⎯⎯⎯⎯⎯⎯⎯⎯⎯⎯⎯⎯[1/1]⎯

