
 RUN  v0.34.3 /Users/dsifry/Developer/harnesseval/.cache/verify_repos/cal.com

 ❯ |0| apps/web/pages/api/webhook/app-credential.verified.test.ts  (1 test | 1 failed) 13ms
   ❯ apps/web/pages/api/webhook/app-credential.verified.test.ts > app-credential webhook secret auth > rejects requests when webhook secret is unset and the webhook header is absent
     → expected "spy" to be called with arguments: [ 403 ]

Received: 

  1st spy call:

  Array [
-   403,
+   404,
  ]


Number of calls: 1


 Test Files  1 failed (1)
      Tests  1 failed (1)
   Start at  01:03:44
   Duration  207ms (transform 19ms, setup 14ms, collect 9ms, tests 13ms, environment 0ms, prepare 52ms)

⎯⎯⎯⎯⎯⎯⎯ Failed Tests 1 ⎯⎯⎯⎯⎯⎯⎯

 FAIL  |0| apps/web/pages/api/webhook/app-credential.verified.test.ts > app-credential webhook secret auth > rejects requests when webhook secret is unset and the webhook header is absent
AssertionError: expected "spy" to be called with arguments: [ 403 ]

Received: 

  1st spy call:

  Array [
-   403,
+   404,
  ]


Number of calls: 1

 ❯ apps/web/pages/api/webhook/app-credential.verified.test.ts:49:24
     47|     await handler(req, res);
     48| 
     49|     expect(statusMock).toHaveBeenCalledWith(403);
       |                        ^
     50|     expect(jsonMock).toHaveBeenCalledWith(
     51|       expect.objectContaining({ message: "Invalid webhook secret" })

⎯⎯⎯⎯⎯⎯⎯⎯⎯⎯⎯⎯⎯⎯⎯⎯⎯⎯⎯⎯⎯⎯⎯⎯[1/1]⎯

