
 RUN  v0.34.3 /Users/dsifry/Developer/harnesseval/.cache/verify_repos/cal.com-10967

 ❯ |0| packages/core/EventManager.verified.test.ts  (1 test | 1 failed) 224ms
   ❯ packages/core/EventManager.verified.test.ts > EventManager.createAllCalendarEvents — duplicate destinations > creates only one calendar event when two destinations share credentialId+externalId
     → Cannot read properties of undefined (reading 'filter')

 Test Files  1 failed (1)
      Tests  1 failed (1)
   Start at  19:20:57
   Duration  458ms (transform 153ms, setup 0ms, collect 25ms, tests 224ms, environment 0ms, prepare 47ms)

⎯⎯⎯⎯⎯⎯⎯ Failed Tests 1 ⎯⎯⎯⎯⎯⎯⎯

 FAIL  |0| packages/core/EventManager.verified.test.ts > EventManager.createAllCalendarEvents — duplicate destinations > creates only one calendar event when two destinations share credentialId+externalId
TypeError: Cannot read properties of undefined (reading 'filter')
 ❯ packages/app-store/utils.ts:53:40
     51| function getApps(credentials: CredentialDataWithTeamName[], filterOnCr…
     52|   const apps = ALL_APPS.reduce((reducedArray, appMeta) => {
     53|     const appCredentials = credentials.filter((credential) => credenti…
       |                                        ^
     54| 
     55|     if (filterOnCredentials && !appCredentials.length && !appMeta.isGl…
 ❯ Module.getApps packages/app-store/utils.ts:52:25
 ❯ new EventManager packages/core/EventManager.ts:79:28
 ❯ packages/core/EventManager.verified.test.ts:49:16

⎯⎯⎯⎯⎯⎯⎯⎯⎯⎯⎯⎯⎯⎯⎯⎯⎯⎯⎯⎯⎯⎯⎯⎯⎯⎯⎯⎯⎯⎯
Serialized Error: { toJSON: 'Function<value>' }
⎯⎯⎯⎯⎯⎯⎯⎯⎯⎯⎯⎯⎯⎯⎯⎯⎯⎯⎯⎯⎯⎯⎯⎯[1/1]⎯

