
 RUN  v0.34.3 /Users/dsifry/Developer/harnesseval/.cache/verify_repos/cal.com-10967

 ❯ |0| packages/core/EventManager.verified.test.ts  (1 test | 1 failed) 265ms
   ❯ packages/core/EventManager.verified.test.ts > EventManager createAllCalendarEvents > should not abort the whole booking creation when one destination's prisma credential lookup fails, preserving already-created events
     → Cannot read properties of undefined (reading 'flatMap')

 Test Files  1 failed (1)
      Tests  1 failed (1)
   Start at  16:15:52
   Duration  694ms (transform 171ms, setup 0ms, collect 30ms, tests 265ms, environment 0ms, prepare 62ms)

⎯⎯⎯⎯⎯⎯⎯ Failed Tests 1 ⎯⎯⎯⎯⎯⎯⎯

 FAIL  |0| packages/core/EventManager.verified.test.ts > EventManager createAllCalendarEvents > should not abort the whole booking creation when one destination's prisma credential lookup fails, preserving already-created events
TypeError: Cannot read properties of undefined (reading 'flatMap')
 ❯ new EventManager packages/core/EventManager.ts:79:58
     77|    */
     78|   constructor(user: EventManagerUser) {
     79|     const appCredentials = getApps(user.credentials, true).flatMap((ap…
       |                                                          ^
     80|       app.credentials.map((creds) => ({ ...creds, appName: app.name }))
     81|     );
 ❯ packages/core/EventManager.verified.test.ts:77:21

⎯⎯⎯⎯⎯⎯⎯⎯⎯⎯⎯⎯⎯⎯⎯⎯⎯⎯⎯⎯⎯⎯⎯⎯⎯⎯⎯⎯⎯⎯
Serialized Error: { toJSON: 'Function<value>' }
⎯⎯⎯⎯⎯⎯⎯⎯⎯⎯⎯⎯⎯⎯⎯⎯⎯⎯⎯⎯⎯⎯⎯⎯[1/1]⎯

