
 RUN  v0.34.3 /Users/dsifry/Developer/harnesseval/.cache/verify_repos/cal.com-14740

 ❯ |@calcom/core| packages/trpc/server/routers/viewer/bookings/addGuests.handler.verified.test.ts  (1 test | 1 failed) 49ms
   ❯ packages/trpc/server/routers/viewer/bookings/addGuests.handler.verified.test.ts > addGuestsHandler > should throw a TRPCError instead of an unhandled Prisma error when booking.userId is null
     → expected Error: An operation failed because it dep… to be an instance of TRPCError

 Test Files  1 failed (1)
      Tests  1 failed (1)
   Start at  14:29:31
   Duration  470ms (transform 55ms, setup 92ms, collect 33ms, tests 49ms, environment 0ms, prepare 60ms)

(node:72930) MaxListenersExceededWarning: Possible EventEmitter memory leak detected. 11 SIGTERM listeners added to [process]. MaxListeners is 10. Use emitter.setMaxListeners() to increase limit
(Use `node --trace-warnings ...` to show where the warning was created)
(node:72930) MaxListenersExceededWarning: Possible EventEmitter memory leak detected. 11 end listeners added to [ReadStream]. MaxListeners is 10. Use emitter.setMaxListeners() to increase limit
⎯⎯⎯⎯⎯⎯⎯ Failed Tests 1 ⎯⎯⎯⎯⎯⎯⎯

 FAIL  |@calcom/core| packages/trpc/server/routers/viewer/bookings/addGuests.handler.verified.test.ts > addGuestsHandler > should throw a TRPCError instead of an unhandled Prisma error when booking.userId is null
AssertionError: expected Error: An operation failed because it dep… to be an instance of TRPCError
 ❯ packages/trpc/server/routers/viewer/bookings/addGuests.handler.verified.test.ts:68:5
     66|     const input = { bookingId: 1, guests: ["newguest@example.com"] };
     67| 
     68|     await expect(addGuestsHandler({ ctx, input } as any)).rejects.toBe…
       |     ^
     69|   });
     70| });

⎯⎯⎯⎯⎯⎯⎯⎯⎯⎯⎯⎯⎯⎯⎯⎯⎯⎯⎯⎯⎯⎯⎯⎯[1/1]⎯

