
 RUN  v0.34.3 /Users/dsifry/Developer/harnesseval/.cache/verify_repos/cal.com-10967

 ❯ |0| packages/features/bookings/lib/handleNewBooking.verified.test.ts  (1 test | 1 failed) 6ms
   ❯ packages/features/bookings/lib/handleNewBooking.verified.test.ts > collective destination calendars > should not silently drop team members' destination calendars when the organizer has none
     → expected true to be false // Object.is equality

 Test Files  1 failed (1)
      Tests  1 failed (1)
   Start at  15:03:35
   Duration  259ms (transform 15ms, setup 0ms, collect 12ms, tests 6ms, environment 0ms, prepare 60ms)

⎯⎯⎯⎯⎯⎯⎯ Failed Tests 1 ⎯⎯⎯⎯⎯⎯⎯

 FAIL  |0| packages/features/bookings/lib/handleNewBooking.verified.test.ts > collective destination calendars > should not silently drop team members' destination calendars when the organizer has none
AssertionError: expected true to be false // Object.is equality

- Expected
+ Received

- false
+ true

 ❯ packages/features/bookings/lib/handleNewBooking.verified.test.ts:16:30
     14|     );
     15| 
     16|     expect(usesOptionalPush).toBe(false);
       |                              ^
     17|   });
     18| });

⎯⎯⎯⎯⎯⎯⎯⎯⎯⎯⎯⎯⎯⎯⎯⎯⎯⎯⎯⎯⎯⎯⎯⎯[1/1]⎯

