
 RUN  v0.34.3 /Users/dsifry/Developer/harnesseval/.cache/verify_repos/cal.com

 ❯ |0| apps/web/pages/api/webhook/app-credential.verified.test.ts  (1 test | 1 failed) 28ms
   ❯ apps/web/pages/api/webhook/app-credential.verified.test.ts > app-credential webhook replay/version guard > does not let a replayed/stale webhook overwrite a newer rotated credential
     → expected 500 to be 200 // Object.is equality

 Test Files  1 failed (1)
      Tests  1 failed (1)
   Start at  23:20:16
   Duration  451ms (transform 37ms, setup 15ms, collect 17ms, tests 28ms, environment 0ms, prepare 39ms)

⎯⎯⎯⎯⎯⎯⎯ Failed Tests 1 ⎯⎯⎯⎯⎯⎯⎯

 FAIL  |0| apps/web/pages/api/webhook/app-credential.verified.test.ts > app-credential webhook replay/version guard > does not let a replayed/stale webhook overwrite a newer rotated credential
AssertionError: expected 500 to be 200 // Object.is equality

- Expected
+ Received

- 200
+ 500

 ❯ apps/web/pages/api/webhook/app-credential.verified.test.ts:81:33
     79|     const newerRes = makeRes();
     80|     await handler(makeReq({ userId: 1, appSlug: "test-app", keys: "new…
     81|     expect(newerRes.statusCode).toBe(200);
       |                                 ^
     82| 
     83|     // An older delivery (delayed retry or captured/replayed request) …

⎯⎯⎯⎯⎯⎯⎯⎯⎯⎯⎯⎯⎯⎯⎯⎯⎯⎯⎯⎯⎯⎯⎯⎯[1/1]⎯

