
 RUN  v0.34.3 /Users/dsifry/Developer/harnesseval/.cache/verify_repos/cal.com-14740

 ❯ packages/ui/form/MultiEmail.verified.test.tsx  (1 test | 1 failed) 21ms
   ❯ packages/ui/form/MultiEmail.verified.test.tsx > MultiEmail circular dependency > should not use exports from the @calcom/ui barrel (to avoid circular dependency)
     → expected "spy" to not be called at all, but actually been called 1 times

Received: 

  1st spy call:

    Array [
      Object {
        "StartIcon": "user-plus",
        "children": "add_another",
        "className": "my-2.5",
        "color": "minimal",
        "data-testid": "add-another-email",
        "onClick": [Function onClick],
        "type": "button",
      },
      Object {},
    ]


Number of calls: 1


 Test Files  1 failed (1)
      Tests  1 failed (1)
   Start at  18:21:35
   Duration  751ms (transform 52ms, setup 0ms, collect 51ms, tests 21ms, environment 300ms, prepare 77ms)

⎯⎯⎯⎯⎯⎯⎯ Failed Tests 1 ⎯⎯⎯⎯⎯⎯⎯

 FAIL  packages/ui/form/MultiEmail.verified.test.tsx > MultiEmail circular dependency > should not use exports from the @calcom/ui barrel (to avoid circular dependency)
AssertionError: expected "spy" to not be called at all, but actually been called 1 times

Received: 

  1st spy call:

    Array [
      Object {
        "StartIcon": "user-plus",
        "children": "add_another",
        "className": "my-2.5",
        "color": "minimal",
        "data-testid": "add-another-email",
        "onClick": [Function onClick],
        "type": "button",
      },
      Object {},
    ]


Number of calls: 1

 ❯ packages/ui/form/MultiEmail.verified.test.tsx:36:27
     34|     );
     35| 
     36|     expect(ui.Button).not.toHaveBeenCalled();
       |                           ^
     37|     expect(ui.EmailField).not.toHaveBeenCalled();
     38|     expect(ui.Icon).not.toHaveBeenCalled();

⎯⎯⎯⎯⎯⎯⎯⎯⎯⎯⎯⎯⎯⎯⎯⎯⎯⎯⎯⎯⎯⎯⎯⎯[1/1]⎯

