
 RUN  v0.34.3 /Users/dsifry/Developer/harnesseval/.cache/verify_repos/cal.com-14740

 ✓ apps/web/components/dialog/AddGuestsDialog.verified.test.tsx  (1 test) 19ms

 Test Files  1 passed (1)
      Tests  1 passed (1)
   Start at  15:02:36
   Duration  545ms (transform 47ms, setup 0ms, collect 110ms, tests 19ms, environment 168ms, prepare 65ms)

stderr | apps/web/components/dialog/AddGuestsDialog.verified.test.tsx > AddGuestsDialog error toast > shows the unable_to_add_guests fallback instead of a raw 'undefined:' prefix
Warning: Received `false` for a non-boolean attribute `loading`.

If you want to write it to the DOM, pass a string instead: loading="false" or loading={value.toString()}.

If you used to conditionally omit it with loading={condition && value}, pass loading={condition ? value : undefined} instead.
    at button
    at Button (/Users/dsifry/Developer/harnesseval/.cache/verify_repos/cal.com-14740/apps/web/components/dialog/AddGuestsDialog.verified.test.tsx:27:65)
    at div
    at DialogFooter (/Users/dsifry/Developer/harnesseval/.cache/verify_repos/cal.com-14740/apps/web/components/dialog/AddGuestsDialog.verified.test.tsx:30:67)
    at div
    at div
    at div
    at DialogContent (/Users/dsifry/Developer/harnesseval/.cache/verify_repos/cal.com-14740/apps/web/components/dialog/AddGuestsDialog.verified.test.tsx:29:68)
    at div
    at Dialog (/Users/dsifry/Developer/harnesseval/.cache/verify_repos/cal.com-14740/apps/web/components/dialog/AddGuestsDialog.verified.test.tsx:28:28)
    at AddGuestsDialog (/Users/dsifry/Developer/harnesseval/.cache/verify_repos/cal.com-14740/apps/web/components/dialog/AddGuestsDialog.tsx:19:11)

