
 RUN  v0.34.3 /Users/dsifry/Developer/harnesseval/.cache/verify_repos/cal.com-14740

 ❯ apps/web/components/dialog/AddGuestsDialog.verified.test.tsx  (1 test | 1 failed) 22ms
   ❯ apps/web/components/dialog/AddGuestsDialog.verified.test.tsx > AddGuestsDialog error toast > shows the unable_to_add_guests fallback instead of a raw 'undefined:' prefix
     → expected "spy" to be called with arguments: [ 'Unable to add guests', 'error' ]

Received: 

  1st spy call:

  Array [
-   "Unable to add guests",
+   "undefined: some_raw_error",
    "error",
  ]


Number of calls: 1


 Test Files  1 failed (1)
      Tests  1 failed (1)
   Start at  15:02:34
   Duration  712ms (transform 52ms, setup 0ms, collect 123ms, tests 22ms, environment 268ms, prepare 77ms)

stderr | apps/web/components/dialog/AddGuestsDialog.verified.test.tsx > AddGuestsDialog error toast > shows the unable_to_add_guests fallback instead of a raw 'undefined:' prefix
Warning: Received `false` for a non-boolean attribute `loading`.

If you want to write it to the DOM, pass a string instead: loading="false" or loading={value.toString()}.

If you used to conditionally omit it with loading={condition && value}, pass loading={condition ? value : undefined} instead.
    at button
    at Button (/Users/dsifry/Developer/harnesseval/.cache/verify_repos/cal.com-14740/apps/web/components/dialog/AddGuestsDialog.verified.test.tsx:27:65)
    at div
    at DialogFooter (/Users/dsifry/Developer/harnesseval/.cache/verify_repos/cal.com-14740/apps/web/components/dialog/AddGuestsDialog.verified.test.tsx:30:67)
    at div
    at div
    at div
    at DialogContent (/Users/dsifry/Developer/harnesseval/.cache/verify_repos/cal.com-14740/apps/web/components/dialog/AddGuestsDialog.verified.test.tsx:29:68)
    at div
    at Dialog (/Users/dsifry/Developer/harnesseval/.cache/verify_repos/cal.com-14740/apps/web/components/dialog/AddGuestsDialog.verified.test.tsx:28:28)
    at AddGuestsDialog (/Users/dsifry/Developer/harnesseval/.cache/verify_repos/cal.com-14740/apps/web/components/dialog/AddGuestsDialog.tsx:19:11)

⎯⎯⎯⎯⎯⎯⎯ Failed Tests 1 ⎯⎯⎯⎯⎯⎯⎯

 FAIL  apps/web/components/dialog/AddGuestsDialog.verified.test.tsx > AddGuestsDialog error toast > shows the unable_to_add_guests fallback instead of a raw 'undefined:' prefix
AssertionError: expected "spy" to be called with arguments: [ 'Unable to add guests', 'error' ]

Received: 

  1st spy call:

  Array [
-   "Unable to add guests",
+   "undefined: some_raw_error",
    "error",
  ]


Number of calls: 1

 ❯ apps/web/components/dialog/AddGuestsDialog.verified.test.tsx:62:29
     60|     // `${err.data?.code}: ${t(err.message)}` is always truthy,
     61|     // making the `|| t("unable_to_add_guests")` fallback dead code.
     62|     expect(mocks.showToast).toHaveBeenCalledWith("Unable to add guests…
       |                             ^
     63|   });
     64| });

⎯⎯⎯⎯⎯⎯⎯⎯⎯⎯⎯⎯⎯⎯⎯⎯⎯⎯⎯⎯⎯⎯⎯⎯[1/1]⎯

