
 RUN  v0.34.3 /Users/dsifry/Developer/harnesseval/.cache/verify_repos/cal.com-14740

 ❯ packages/trpc/server/routers/viewer/bookings/_router.verified.test.tsx  (1 test | 1 failed) 5ms
   ❯ packages/trpc/server/routers/viewer/bookings/_router.verified.test.tsx > bookings.addGuests input contract > rejects a fractional bookingId so Prisma never receives a float for an Int column
     → expected [ { code: 'invalid_type', …(4) } ] to deeply equal ArrayContaining{ …(3) }

 Test Files  1 failed (1)
      Tests  1 failed (1)
   Start at  18:24:19
   Duration  420ms (transform 19ms, setup 0ms, collect 14ms, tests 5ms, environment 201ms, prepare 44ms)

⎯⎯⎯⎯⎯⎯⎯ Failed Tests 1 ⎯⎯⎯⎯⎯⎯⎯

 FAIL  packages/trpc/server/routers/viewer/bookings/_router.verified.test.tsx > bookings.addGuests input contract > rejects a fractional bookingId so Prisma never receives a float for an Int column
AssertionError: expected [ { code: 'invalid_type', …(4) } ] to deeply equal ArrayContaining{ …(3) }

- Expected
+ Received

- ArrayContaining [
-   ObjectContaining {
+ Array [
+   Object {
+     "code": "invalid_type",
+     "expected": "string",
+     "message": "Expected string, received object",
      "path": Array [
-       "bookingId",
+       "guests",
+       0,
      ],
+     "received": "object",
    },
  ]

 ❯ packages/trpc/server/routers/viewer/bookings/_router.verified.test.tsx:18:35
     16| 
     17|     if (!result.success) {
     18|       expect(result.error.issues).toEqual(
       |                                   ^
     19|         expect.arrayContaining([expect.objectContaining({ path: ["book…
     20|       );

⎯⎯⎯⎯⎯⎯⎯⎯⎯⎯⎯⎯⎯⎯⎯⎯⎯⎯⎯⎯⎯⎯⎯⎯[1/1]⎯

