
 RUN  v0.34.3 /Users/dsifry/Developer/harnesseval/.cache/verify_repos/cal.com-10967

 ❯ |0| packages/core/EventManager.verified.test.ts  (1 test | 1 failed) 49ms
   ❯ packages/core/EventManager.verified.test.ts > EventManager.updateAllCalendarEvents > surfaces an error thrown before calendarReference is assigned instead of silently returning []
     → updateAllCalendarEvents swallowed an error thrown before calendarReference was assigned and returned [] — callers get no failure signal (and no log output).: expected true to be false // Object.is equality

 Test Files  1 failed (1)
      Tests  1 failed (1)
   Start at  18:52:41
   Duration  250ms (transform 42ms, setup 0ms, collect 13ms, tests 49ms, environment 0ms, prepare 40ms)

⎯⎯⎯⎯⎯⎯⎯ Failed Tests 1 ⎯⎯⎯⎯⎯⎯⎯

 FAIL  |0| packages/core/EventManager.verified.test.ts > EventManager.updateAllCalendarEvents > surfaces an error thrown before calendarReference is assigned instead of silently returning []
AssertionError: updateAllCalendarEvents swallowed an error thrown before calendarReference was assigned and returned [] — callers get no failure signal (and no log output).: expected true to be false // Object.is equality

- Expected
+ Received

- false
+ true

 ❯ packages/core/EventManager.verified.test.ts:86:7
     84|       resolvedAsSilentSuccess,
     85|       "updateAllCalendarEvents swallowed an error thrown before calend…
     86|     ).toBe(false);
       |       ^
     87|   });
     88| });

⎯⎯⎯⎯⎯⎯⎯⎯⎯⎯⎯⎯⎯⎯⎯⎯⎯⎯⎯⎯⎯⎯⎯⎯[1/1]⎯

