
 RUN  v0.34.3 /Users/dsifry/Developer/harnesseval/.cache/verify_repos/cal.com-14740

 ❯ |@calcom/core| packages/emails/templates/organizer-add-guests-email.verified.test.ts  (1 test | 1 failed) 157ms
   ❯ packages/emails/templates/organizer-add-guests-email.verified.test.ts > OrganizerAddGuestsEmail > replyTo must not leak attendee emails (organizer only)
     → expected [ 'organizer@example.com', …(3) ] to deeply equal [ 'organizer@example.com' ]

 Test Files  1 failed (1)
      Tests  1 failed (1)
   Start at  14:34:35
   Duration  456ms (transform 94ms, setup 60ms, collect 15ms, tests 157ms, environment 0ms, prepare 47ms)

(node:8868) MaxListenersExceededWarning: Possible EventEmitter memory leak detected. 11 SIGTERM listeners added to [process]. MaxListeners is 10. Use emitter.setMaxListeners() to increase limit
(Use `node --trace-warnings ...` to show where the warning was created)
(node:8868) MaxListenersExceededWarning: Possible EventEmitter memory leak detected. 11 end listeners added to [ReadStream]. MaxListeners is 10. Use emitter.setMaxListeners() to increase limit
⎯⎯⎯⎯⎯⎯⎯ Failed Tests 1 ⎯⎯⎯⎯⎯⎯⎯

 FAIL  |@calcom/core| packages/emails/templates/organizer-add-guests-email.verified.test.ts > OrganizerAddGuestsEmail > replyTo must not leak attendee emails (organizer only)
AssertionError: expected [ 'organizer@example.com', …(3) ] to deeply equal [ 'organizer@example.com' ]

- Expected
+ Received

  Array [
    "organizer@example.com",
+   "attendee1@example.com",
+   "attendee2@example.com",
+   "attendee3@example.com",
  ]

 ❯ packages/emails/templates/organizer-add-guests-email.verified.test.ts:53:29
     51|     // Claim: the Reply-To header must contain only the organizer, not…
     52|     // attendee, to avoid roster leakage and unbounded header growth.
     53|     expect(payload.replyTo).toEqual(["organizer@example.com"]);
       |                             ^
     54|   });
     55| });

⎯⎯⎯⎯⎯⎯⎯⎯⎯⎯⎯⎯⎯⎯⎯⎯⎯⎯⎯⎯⎯⎯⎯⎯[1/1]⎯

