
 RUN  v0.34.3 /Users/dsifry/Developer/harnesseval/.cache/verify_repos/cal.com-14740

 ❯ |@calcom/core| packages/trpc/server/routers/viewer/bookings/addGuests.handler.verified.test.ts  (2 tests | 2 failed) 24ms
   ❯ packages/trpc/server/routers/viewer/bookings/addGuests.handler.verified.test.ts > addGuestsHandler - authorization / booking state > rejects adding guests to a CANCELLED booking even for an attendee
     → promise resolved "[object Object]" instead of rejecting
   ❯ packages/trpc/server/routers/viewer/bookings/addGuests.handler.verified.test.ts > addGuestsHandler - authorization / booking state > rejects adding guests to a booking that is in the past
     → promise resolved "[object Object]" instead of rejecting

 Test Files  1 failed (1)
      Tests  2 failed (2)
   Start at  14:28:38
   Duration  541ms (transform 80ms, setup 89ms, collect 99ms, tests 24ms, environment 0ms, prepare 84ms)

(node:66883) MaxListenersExceededWarning: Possible EventEmitter memory leak detected. 11 SIGTERM listeners added to [process]. MaxListeners is 10. Use emitter.setMaxListeners() to increase limit
(Use `node --trace-warnings ...` to show where the warning was created)
(node:66883) MaxListenersExceededWarning: Possible EventEmitter memory leak detected. 11 end listeners added to [ReadStream]. MaxListeners is 10. Use emitter.setMaxListeners() to increase limit
⎯⎯⎯⎯⎯⎯⎯ Failed Tests 2 ⎯⎯⎯⎯⎯⎯⎯

 FAIL  |@calcom/core| packages/trpc/server/routers/viewer/bookings/addGuests.handler.verified.test.ts > addGuestsHandler - authorization / booking state > rejects adding guests to a CANCELLED booking even for an attendee
Error: promise resolved "[object Object]" instead of rejecting
 ❯ packages/trpc/server/routers/viewer/bookings/addGuests.handler.verified.test.ts:102:5
    100|     );
    101|     const { addGuestsHandler } = await import("./addGuests.handler");
    102|     await expect(
       |     ^
    103|       addGuestsHandler({
    104|         ctx: { user: attendeeUser },

⎯⎯⎯⎯⎯⎯⎯⎯⎯⎯⎯⎯⎯⎯⎯⎯⎯⎯⎯⎯⎯⎯⎯⎯[1/2]⎯

 FAIL  |@calcom/core| packages/trpc/server/routers/viewer/bookings/addGuests.handler.verified.test.ts > addGuestsHandler - authorization / booking state > rejects adding guests to a booking that is in the past
Error: promise resolved "[object Object]" instead of rejecting
 ❯ packages/trpc/server/routers/viewer/bookings/addGuests.handler.verified.test.ts:118:5
    116|     );
    117|     const { addGuestsHandler } = await import("./addGuests.handler");
    118|     await expect(
       |     ^
    119|       addGuestsHandler({
    120|         ctx: { user: attendeeUser },

⎯⎯⎯⎯⎯⎯⎯⎯⎯⎯⎯⎯⎯⎯⎯⎯⎯⎯⎯⎯⎯⎯⎯⎯[2/2]⎯

