
 RUN  v0.34.3 /Users/dsifry/Developer/harnesseval/.cache/verify_repos/cal.com-10967

 ❯ |0| packages/core/EventManager.verified.test.ts  (1 test | 1 failed) 259ms
   ❯ packages/core/EventManager.verified.test.ts > EventManager createAllCalendarEvents fallback credential > must not use a DB credential marked invalid when a destination calendar credential is missing from the in-memory list
     → EventManager must not pass a credential with invalid:true to createEvent: expected "spy" to not be called with arguments: [ ObjectContaining{ …(3) }, …(2) ]

Received: 

  1st spy call:

  Array [
-   ObjectContaining {
+   Object {
+     "appId": "google-calendar",
+     "appName": "google-calendar",
+     "id": 999,
      "invalid": true,
+     "key": Object {
+       "access_token": "revoked-token",
+     },
+     "teamId": null,
+     "type": "google_calendar",
+     "userId": 1,
    },
-   Anything,
-   Anything,
+   Object {
+     "destinationCalendar": Array [
+       Object {
+         "credentialId": 999,
+         "externalId": "ext-1",
+         "integration": "google_calendar",
+       },
+     ],
+   },
+   "ext-1",
  ]


Number of calls: 1


 Test Files  1 failed (1)
      Tests  1 failed (1)
   Start at  19:57:32
   Duration  453ms (transform 178ms, setup 0ms, collect 12ms, tests 259ms, environment 0ms, prepare 44ms)

⎯⎯⎯⎯⎯⎯⎯ Failed Tests 1 ⎯⎯⎯⎯⎯⎯⎯

 FAIL  |0| packages/core/EventManager.verified.test.ts > EventManager createAllCalendarEvents fallback credential > must not use a DB credential marked invalid when a destination calendar credential is missing from the in-memory list
AssertionError: EventManager must not pass a credential with invalid:true to createEvent: expected "spy" to not be called with arguments: [ ObjectContaining{ …(3) }, …(2) ]

Received: 

  1st spy call:

  Array [
-   ObjectContaining {
+   Object {
+     "appId": "google-calendar",
+     "appName": "google-calendar",
+     "id": 999,
      "invalid": true,
+     "key": Object {
+       "access_token": "revoked-token",
+     },
+     "teamId": null,
+     "type": "google_calendar",
+     "userId": 1,
    },
-   Anything,
-   Anything,
+   Object {
+     "destinationCalendar": Array [
+       Object {
+         "credentialId": 999,
+         "externalId": "ext-1",
+         "integration": "google_calendar",
+       },
+     ],
+   },
+   "ext-1",
  ]


Number of calls: 1

 ❯ packages/core/EventManager.verified.test.ts:71:11
     69|       mocks.createEvent,
     70|       "EventManager must not pass a credential with invalid:true to cr…
     71|     ).not.toHaveBeenCalledWith(
       |           ^
     72|       expect.objectContaining({ invalid: true }),
     73|       expect.anything(),

⎯⎯⎯⎯⎯⎯⎯⎯⎯⎯⎯⎯⎯⎯⎯⎯⎯⎯⎯⎯⎯⎯⎯⎯[1/1]⎯

