
 RUN  v0.34.3 /Users/dsifry/Developer/harnesseval/.cache/verify_repos/cal.com

 ❯ |0| packages/app-store/_utils/oauth/parseRefreshTokenResponse.verified.test.ts  (1 test | 1 failed) 17ms
   ❯ packages/app-store/_utils/oauth/parseRefreshTokenResponse.verified.test.ts > [11059] credential-sync path preserves expiry + refresh_token metadata
     → expected undefined to be 3600 // Object.is equality

⎯⎯⎯⎯⎯⎯⎯ Failed Tests 1 ⎯⎯⎯⎯⎯⎯⎯

 FAIL  |0| packages/app-store/_utils/oauth/parseRefreshTokenResponse.verified.test.ts > [11059] credential-sync path preserves expiry + refresh_token metadata
AssertionError: expected undefined to be 3600 // Object.is equality

- Expected: 
3600

+ Received: 
undefined

 ❯ packages/app-store/_utils/oauth/parseRefreshTokenResponse.verified.test.ts:45:34
     43|   // (consumers then re-refresh on every request), and the missing ref…
     44|   // by the literal placeholder string.
     45|   expect(result.data.expires_in).toBe(3600);
       |                                  ^
     46|   expect(result.data.refresh_token).toBe("rt-456");
     47| });

⎯⎯⎯⎯⎯⎯⎯⎯⎯⎯⎯⎯⎯⎯⎯⎯⎯⎯⎯⎯⎯⎯⎯⎯[1/1]⎯

 Test Files  1 failed (1)
      Tests  1 failed (1)
   Start at  13:12:52
   Duration  288ms (transform 24ms, setup 15ms, collect 9ms, tests 17ms, environment 0ms, prepare 55ms)

