
 RUN  v0.34.3 /Users/dsifry/Developer/harnesseval/.cache/verify_repos/cal.com-14740

 ❯ |@calcom/core| packages/trpc/server/routers/viewer/bookings/addGuests.handler.verified.test.ts  (4 tests | 4 failed) 195ms
   ❯ packages/trpc/server/routers/viewer/bookings/addGuests.handler.verified.test.ts > addGuestsHandler booking state validation > rejects adding guests to a CANCELLED booking
     → Failed to load url @calcom/platform-types/event-types/event-types_2024_06_14/inputs/enums/booking-window.enum (resolved id: @calcom/platform-types/event-types/event-types_2024_06_14/inputs/enums/booking-window.enum) in /Users/dsifry/Developer/harnesseval/.cache/verify_repos/cal.com-14740/packages/lib/event-types/transformers/api-request.ts. Does the file exist?
   ❯ packages/trpc/server/routers/viewer/bookings/addGuests.handler.verified.test.ts > addGuestsHandler booking state validation > rejects adding guests to a REJECTED booking
     → Failed to load url @calcom/platform-types/event-types/event-types_2024_06_14/inputs/enums/booking-window.enum (resolved id: @calcom/platform-types/event-types/event-types_2024_06_14/inputs/enums/booking-window.enum) in /Users/dsifry/Developer/harnesseval/.cache/verify_repos/cal.com-14740/packages/lib/event-types/transformers/api-request.ts. Does the file exist?
   ❯ packages/trpc/server/routers/viewer/bookings/addGuests.handler.verified.test.ts > addGuestsHandler booking state validation > rejects adding guests to a PENDING booking
     → Failed to load url @calcom/platform-types/event-types/event-types_2024_06_14/inputs/enums/booking-window.enum (resolved id: @calcom/platform-types/event-types/event-types_2024_06_14/inputs/enums/booking-window.enum) in /Users/dsifry/Developer/harnesseval/.cache/verify_repos/cal.com-14740/packages/lib/event-types/transformers/api-request.ts. Does the file exist?
   ❯ packages/trpc/server/routers/viewer/bookings/addGuests.handler.verified.test.ts > addGuestsHandler booking state validation > rejects adding guests to a PAST booking
     → Failed to load url @calcom/platform-types/event-types/event-types_2024_06_14/inputs/enums/booking-window.enum (resolved id: @calcom/platform-types/event-types/event-types_2024_06_14/inputs/enums/booking-window.enum) in /Users/dsifry/Developer/harnesseval/.cache/verify_repos/cal.com-14740/packages/lib/event-types/transformers/api-request.ts. Does the file exist?

 Test Files  1 failed (1)
      Tests  4 failed (4)
   Start at  23:24:57
   Duration  785ms (transform 211ms, setup 67ms, collect 29ms, tests 195ms, environment 0ms, prepare 133ms)

(node:21830) MaxListenersExceededWarning: Possible EventEmitter memory leak detected. 11 SIGTERM listeners added to [process]. MaxListeners is 10. Use emitter.setMaxListeners() to increase limit
(Use `node --trace-warnings ...` to show where the warning was created)
(node:21830) MaxListenersExceededWarning: Possible EventEmitter memory leak detected. 11 end listeners added to [ReadStream]. MaxListeners is 10. Use emitter.setMaxListeners() to increase limit
⎯⎯⎯⎯⎯⎯⎯ Failed Tests 4 ⎯⎯⎯⎯⎯⎯⎯

 FAIL  |@calcom/core| packages/trpc/server/routers/viewer/bookings/addGuests.handler.verified.test.ts > addGuestsHandler booking state validation > rejects adding guests to a CANCELLED booking
 FAIL  |@calcom/core| packages/trpc/server/routers/viewer/bookings/addGuests.handler.verified.test.ts > addGuestsHandler booking state validation > rejects adding guests to a REJECTED booking
 FAIL  |@calcom/core| packages/trpc/server/routers/viewer/bookings/addGuests.handler.verified.test.ts > addGuestsHandler booking state validation > rejects adding guests to a PENDING booking
 FAIL  |@calcom/core| packages/trpc/server/routers/viewer/bookings/addGuests.handler.verified.test.ts > addGuestsHandler booking state validation > rejects adding guests to a PAST booking
Error: Failed to load url @calcom/platform-types/event-types/event-types_2024_06_14/inputs/enums/booking-window.enum (resolved id: @calcom/platform-types/event-types/event-types_2024_06_14/inputs/enums/booking-window.enum) in /Users/dsifry/Developer/harnesseval/.cache/verify_repos/cal.com-14740/packages/lib/event-types/transformers/api-request.ts. Does the file exist?
 ❯ loadAndTransform node_modules/vitest/node_modules/vite/dist/node/chunks/dep-4d3eff22.js:53376:21

⎯⎯⎯⎯⎯⎯⎯⎯⎯⎯⎯⎯⎯⎯⎯⎯⎯⎯⎯⎯⎯⎯⎯⎯[1/4]⎯

