
 RUN  v0.34.3 /Users/dsifry/Developer/harnesseval/.cache/verify_repos/cal.com

 ❯ |0| packages/app-store/_utils/oauth/refreshOAuthTokens.verified.test.ts  (1 test | 1 failed) 8ms
   ❯ packages/app-store/_utils/oauth/refreshOAuthTokens.verified.test.ts > hubspot credential sync refresh returns a token object, not the raw fetch response
     → expected { status: 200, ok: true, …(1) } not to be { status: 200, ok: true, …(1) } // Object.is equality

 Test Files  1 failed (1)
      Tests  1 failed (1)
   Start at  23:18:03
   Duration  254ms (transform 18ms, setup 18ms, collect 10ms, tests 8ms, environment 0ms, prepare 58ms)

⎯⎯⎯⎯⎯⎯⎯ Failed Tests 1 ⎯⎯⎯⎯⎯⎯⎯

 FAIL  |0| packages/app-store/_utils/oauth/refreshOAuthTokens.verified.test.ts > hubspot credential sync refresh returns a token object, not the raw fetch response
AssertionError: expected { status: 200, ok: true, …(1) } not to be { status: 200, ok: true, …(1) } // Object.is equality

Compared values have no visual difference.

 ❯ packages/app-store/_utils/oauth/refreshOAuthTokens.verified.test.ts:38:22
     36| 
     37|   // The credential-sync path must produce a HubSpotToken-like object,…
     38|   expect(result).not.toBe(rawSyncResponse);
       |                      ^
     39|   expect((result as { accessToken?: unknown }).accessToken).toBeDefine…
     40|   expect((result as { refreshToken?: unknown }).refreshToken).toBeDefi…

⎯⎯⎯⎯⎯⎯⎯⎯⎯⎯⎯⎯⎯⎯⎯⎯⎯⎯⎯⎯⎯⎯⎯⎯[1/1]⎯

