
 RUN  v0.34.3 /Users/dsifry/Developer/harnesseval/.cache/verify_repos/cal.com

 ❯ |0| apps/web/pages/api/webhook/app-credential.verified.test.ts  (1 test | 1 failed) 18ms
   ❯ apps/web/pages/api/webhook/app-credential.verified.test.ts > apps/web/pages/api/webhook/app-credential webhook auth > Webhook auth should fail closed when CALCOM_WEBHOOK_SECRET is unset (missing header must not authenticate)
     → Webhook auth should fail closed when CALCOM_WEBHOOK_SECRET is unset (missing header must not authenticate): expected 200 to be 500 // Object.is equality

 Test Files  1 failed (1)
      Tests  1 failed (1)
   Start at  13:37:19
   Duration  344ms (transform 33ms, setup 37ms, collect 22ms, tests 18ms, environment 0ms, prepare 53ms)

⎯⎯⎯⎯⎯⎯⎯ Failed Tests 1 ⎯⎯⎯⎯⎯⎯⎯

 FAIL  |0| apps/web/pages/api/webhook/app-credential.verified.test.ts > apps/web/pages/api/webhook/app-credential webhook auth > Webhook auth should fail closed when CALCOM_WEBHOOK_SECRET is unset (missing header must not authenticate)
AssertionError: Webhook auth should fail closed when CALCOM_WEBHOOK_SECRET is unset (missing header must not authenticate): expected 200 to be 500 // Object.is equality

- Expected
+ Received

- 500
+ 200

 ❯ apps/web/pages/api/webhook/app-credential.verified.test.ts:91:7
     89|       res.statusCode,
     90|       "Webhook auth should fail closed when CALCOM_WEBHOOK_SECRET is u…
     91|     ).toBe(500);
       |       ^
     92|     expect(res.jsonBody).toEqual({ message: "Webhook secret is not con…
     93| 

⎯⎯⎯⎯⎯⎯⎯⎯⎯⎯⎯⎯⎯⎯⎯⎯⎯⎯⎯⎯⎯⎯⎯⎯[1/1]⎯

