
 RUN  v0.34.3 /Users/dsifry/Developer/harnesseval/.cache/verify_repos/cal.com

 ❯ |0| apps/web/pages/api/webhook/app-credential.verified.test.ts  (1 test | 1 failed) 19ms
   ❯ apps/web/pages/api/webhook/app-credential.verified.test.ts > /api/webhook/app-credential webhook auth > accepts a valid secret even when CALCOM_WEBHOOK_HEADER_NAME casing differs and header value is string[]
     → Webhook auth should lowercase the env-configured header name (Node lowercases req.headers keys) and normalize string[] header values: expected 403 to be 200 // Object.is equality

 Test Files  1 failed (1)
      Tests  1 failed (1)
   Start at  13:36:34
   Duration  318ms (transform 35ms, setup 17ms, collect 18ms, tests 19ms, environment 0ms, prepare 51ms)

⎯⎯⎯⎯⎯⎯⎯ Failed Tests 1 ⎯⎯⎯⎯⎯⎯⎯

 FAIL  |0| apps/web/pages/api/webhook/app-credential.verified.test.ts > /api/webhook/app-credential webhook auth > accepts a valid secret even when CALCOM_WEBHOOK_HEADER_NAME casing differs and header value is string[]
AssertionError: Webhook auth should lowercase the env-configured header name (Node lowercases req.headers keys) and normalize string[] header values: expected 403 to be 200 // Object.is equality

- Expected
+ Received

- 200
+ 403

 ❯ apps/web/pages/api/webhook/app-credential.verified.test.ts:98:7
     96|       res.statusCode,
     97|       "Webhook auth should lowercase the env-configured header name (N…
     98|     ).toBe(200);
       |       ^
     99|     expect(res.body).toEqual({ message: "Credentials created for userI…
    100|     expect(prismaMock.credential.create).toHaveBeenCalledTimes(1);

⎯⎯⎯⎯⎯⎯⎯⎯⎯⎯⎯⎯⎯⎯⎯⎯⎯⎯⎯⎯⎯⎯⎯⎯[1/1]⎯

