(node:24035) MaxListenersExceededWarning: Possible EventEmitter memory leak detected. 11 SIGTERM listeners added to [process]. MaxListeners is 10. Use emitter.setMaxListeners() to increase limit
(Use `node --trace-warnings ...` to show where the warning was created)
(node:24035) MaxListenersExceededWarning: Possible EventEmitter memory leak detected. 11 end listeners added to [ReadStream]. MaxListeners is 10. Use emitter.setMaxListeners() to increase limit

 RUN  v0.34.3 /Users/dsifry/Developer/harnesseval/.cache/verify_repos/cal.com-14740

 ❯ |@calcom/core| packages/emails/templates/organizer-add-guests-email.verified.test.ts  (1 test | 1 failed) 136ms
   ❯ packages/emails/templates/organizer-add-guests-email.verified.test.ts > OrganizerAddGuestsEmail — team-member variant > personalizes the email for the team member, not the organizer
     → expected "spy" to be called with arguments: [ 'OrganizerAddGuestsEmail', …(1) ]

Received: 

  1st spy call:

  Array [
    "OrganizerAddGuestsEmail",
-   ObjectContaining {
-     "attendee": ObjectContaining {
-       "email": "team.member@example.com",
+   Object {
+     "attendee": Object {
+       "email": "organizer@example.com",
+       "language": Object {
+         "translate": [Function t],
+       },
+       "name": "Organizer",
+       "timeZone": "UTC",
+     },
+     "calEvent": Object {
+       "additionalInformation": "",
+       "attendees": Array [
+         Object {
+           "email": "a1@example.com",
+           "language": Object {
+             "translate": [Function t],
+           },
+           "name": "A1",
+           "timeZone": "UTC",
+         },
+         Object {
+           "email": "a2@example.com",
+           "language": Object {
+             "translate": [Function t],
+           },
+           "name": "A2",
+           "timeZone": "UTC",
+         },
+       ],
+       "description": "",
+       "destinationCalendar": null,
+       "endTime": "2026-09-18T07:20:00.561Z",
+       "location": "integrations:google:meet",
+       "organizer": Object {
+         "email": "organizer@example.com",
+         "language": Object {
+           "translate": [Function t],
+         },
+         "name": "Organizer",
+         "timeZone": "UTC",
+       },
+       "seatsPerTimeSlot": undefined,
+       "startTime": "2026-09-18T07:20:00.561Z",
+       "title": "Test",
+       "type": "team-event",
+       "uid": "uid-1",
      },
    },
  ]


Number of calls: 1


⎯⎯⎯⎯⎯⎯⎯ Failed Tests 1 ⎯⎯⎯⎯⎯⎯⎯

 FAIL  |@calcom/core| packages/emails/templates/organizer-add-guests-email.verified.test.ts > OrganizerAddGuestsEmail — team-member variant > personalizes the email for the team member, not the organizer
AssertionError: expected "spy" to be called with arguments: [ 'OrganizerAddGuestsEmail', …(1) ]

Received: 

  1st spy call:

  Array [
    "OrganizerAddGuestsEmail",
-   ObjectContaining {
-     "attendee": ObjectContaining {
-       "email": "team.member@example.com",
+   Object {
+     "attendee": Object {
+       "email": "organizer@example.com",
+       "language": Object {
+         "translate": [Function t],
+       },
+       "name": "Organizer",
+       "timeZone": "UTC",
+     },
+     "calEvent": Object {
+       "additionalInformation": "",
+       "attendees": Array [
+         Object {
+           "email": "a1@example.com",
+           "language": Object {
+             "translate": [Function t],
+           },
+           "name": "A1",
+           "timeZone": "UTC",
+         },
+         Object {
+           "email": "a2@example.com",
+           "language": Object {
+             "translate": [Function t],
+           },
+           "name": "A2",
+           "timeZone": "UTC",
+         },
+       ],
+       "description": "",
+       "destinationCalendar": null,
+       "endTime": "2026-09-18T07:20:00.561Z",
+       "location": "integrations:google:meet",
+       "organizer": Object {
+         "email": "organizer@example.com",
+         "language": Object {
+           "translate": [Function t],
+         },
+         "name": "Organizer",
+         "timeZone": "UTC",
+       },
+       "seatsPerTimeSlot": undefined,
+       "startTime": "2026-09-18T07:20:00.561Z",
+       "title": "Test",
+       "type": "team-event",
+       "uid": "uid-1",
      },
    },
  ]


Number of calls: 1

 ❯ packages/emails/templates/organizer-add-guests-email.verified.test.ts:57:31
     55|     expect(payload.to).toContain("team.member@example.com");
     56|     // the defect: the body is rendered as the ORGANIZER's variant eve…
     57|     expect(spies.renderEmail).toHaveBeenCalledWith(
       |                               ^
     58|       "OrganizerAddGuestsEmail",
     59|       expect.objectContaining({ attendee: expect.objectContaining({ em…

⎯⎯⎯⎯⎯⎯⎯⎯⎯⎯⎯⎯⎯⎯⎯⎯⎯⎯⎯⎯⎯⎯⎯⎯[1/1]⎯

 Test Files  1 failed (1)
      Tests  1 failed (1)
   Start at  00:19:59
   Duration  469ms (transform 62ms, setup 49ms, collect 13ms, tests 136ms, environment 0ms, prepare 32ms)

