
 RUN  v0.34.3 /Users/dsifry/Developer/harnesseval/.cache/verify_repos/cal.com-14740

 ❯ |@calcom/core| packages/emails/templates/organizer-add-guests-email.verified.test.ts  (2 tests | 2 failed) 4ms
   ❯ packages/emails/templates/organizer-add-guests-email.verified.test.ts > OrganizerAddGuestsEmail.getNodeMailerPayload subject > does not reject when the attendees array is empty (guarded attendees[0].name)
     → promise rejected "TypeError: Cannot read properties of undefined (reading 'name')" instead of resolving
   ❯ packages/emails/templates/organizer-add-guests-email.verified.test.ts > OrganizerAddGuestsEmail.getNodeMailerPayload subject > produces a subject string even when no guests are present
     → Cannot read properties of undefined (reading 'name')

 Test Files  1 failed (1)
      Tests  2 failed (2)
   Start at  18:20:25
   Duration  346ms (transform 53ms, setup 69ms, collect 16ms, tests 4ms, environment 0ms, prepare 79ms)

(node:87360) MaxListenersExceededWarning: Possible EventEmitter memory leak detected. 11 SIGTERM listeners added to [process]. MaxListeners is 10. Use emitter.setMaxListeners() to increase limit
(Use `node --trace-warnings ...` to show where the warning was created)
(node:87360) MaxListenersExceededWarning: Possible EventEmitter memory leak detected. 11 end listeners added to [ReadStream]. MaxListeners is 10. Use emitter.setMaxListeners() to increase limit
⎯⎯⎯⎯⎯⎯⎯ Failed Tests 2 ⎯⎯⎯⎯⎯⎯⎯

 FAIL  |@calcom/core| packages/emails/templates/organizer-add-guests-email.verified.test.ts > OrganizerAddGuestsEmail.getNodeMailerPayload subject > does not reject when the attendees array is empty (guarded attendees[0].name)
Error: promise rejected "TypeError: Cannot read properties of undefined (reading 'name')" instead of resolving
 ❯ packages/emails/templates/organizer-add-guests-email.verified.test.ts:79:5
     77|     // On the buggy code, `this.calEvent.attendees[0].name` throws a T…
     78|     // for an empty attendee list, so building the mailer payload reje…
     79|     await expect(invokeGetNodeMailerPayload(email)).resolves.toBeDefin…
       |     ^
     80|   });
     81| 

⎯⎯⎯⎯⎯⎯⎯⎯⎯⎯⎯⎯⎯⎯⎯⎯⎯⎯⎯⎯⎯⎯⎯⎯[1/2]⎯

 FAIL  |@calcom/core| packages/emails/templates/organizer-add-guests-email.verified.test.ts > OrganizerAddGuestsEmail.getNodeMailerPayload subject > produces a subject string even when no guests are present
TypeError: Cannot read properties of undefined (reading 'name')
 ❯ OrganizerAddGuestsEmail.getNodeMailerPayload packages/emails/templates/organizer-add-guests-email.ts:28:42
     26|       subject: `${this.t("guests_added_event_type_subject", {
     27|         eventType: this.calEvent.type,
     28|         name: this.calEvent.attendees[0].name,
       |                                          ^
     29|         date: this.getFormattedDate(),
     30|       })}`,
 ❯ invokeGetNodeMailerPayload packages/emails/templates/organizer-add-guests-email.verified.test.ts:70:13
 ❯ packages/emails/templates/organizer-add-guests-email.verified.test.ts:84:27

⎯⎯⎯⎯⎯⎯⎯⎯⎯⎯⎯⎯⎯⎯⎯⎯⎯⎯⎯⎯⎯⎯⎯⎯[2/2]⎯

