
 RUN  v0.34.3 /Users/dsifry/Developer/harnesseval/.cache/verify_repos/cal.com

 ❯ |0| apps/web/pages/api/webhook/app-credential.verified.test.ts  (1 test | 1 failed) 27ms
   ❯ apps/web/pages/api/webhook/app-credential.verified.test.ts > does not create duplicate credentials when two webhook deliveries race for the same user+app
     → expected [ …(2) ] to have a length of 1 but got 2

 Test Files  1 failed (1)
      Tests  1 failed (1)
   Start at  23:18:38
   Duration  314ms (transform 25ms, setup 22ms, collect 10ms, tests 27ms, environment 0ms, prepare 53ms)

⎯⎯⎯⎯⎯⎯⎯ Failed Tests 1 ⎯⎯⎯⎯⎯⎯⎯

 FAIL  |0| apps/web/pages/api/webhook/app-credential.verified.test.ts > does not create duplicate credentials when two webhook deliveries race for the same user+app
AssertionError: expected [ …(2) ] to have a length of 1 but got 2

- Expected
+ Received

- 1
+ 2

 ❯ apps/web/pages/api/webhook/app-credential.verified.test.ts:66:30
     64|   await Promise.all([handler(makeReq() as any, res1), handler(makeReq(…
     65| 
     66|   expect(createdCredentials).toHaveLength(1);
       |                              ^
     67| });
     68| 

⎯⎯⎯⎯⎯⎯⎯⎯⎯⎯⎯⎯⎯⎯⎯⎯⎯⎯⎯⎯⎯⎯⎯⎯[1/1]⎯

