
 RUN  v0.34.3 /Users/dsifry/Developer/harnesseval/.cache/verify_repos/cal.com-14740

 ❯ |@calcom/core| packages/trpc/server/routers/viewer/bookings/addGuests.handler.verified.test.ts  (1 test | 1 failed) 5ms
   ❯ packages/trpc/server/routers/viewer/bookings/addGuests.handler.verified.test.ts > addGuestsHandler - idempotent when all guests already attendees > does not throw BAD_REQUEST when every submitted email is already an attendee (idempotent retry, no probing oracle)
     → emails_must_be_unique_valid

 Test Files  1 failed (1)
      Tests  1 failed (1)
   Start at  15:16:22
   Duration  412ms (transform 54ms, setup 72ms, collect 70ms, tests 5ms, environment 0ms, prepare 47ms)

(node:94195) MaxListenersExceededWarning: Possible EventEmitter memory leak detected. 11 SIGTERM listeners added to [process]. MaxListeners is 10. Use emitter.setMaxListeners() to increase limit
(Use `node --trace-warnings ...` to show where the warning was created)
(node:94195) MaxListenersExceededWarning: Possible EventEmitter memory leak detected. 11 end listeners added to [ReadStream]. MaxListeners is 10. Use emitter.setMaxListeners() to increase limit
⎯⎯⎯⎯⎯⎯⎯ Failed Tests 1 ⎯⎯⎯⎯⎯⎯⎯

 FAIL  |@calcom/core| packages/trpc/server/routers/viewer/bookings/addGuests.handler.verified.test.ts > addGuestsHandler - idempotent when all guests already attendees > does not throw BAD_REQUEST when every submitted email is already an attendee (idempotent retry, no probing oracle)
TRPCError: emails_must_be_unique_valid
 ❯ addGuestsHandler packages/trpc/server/routers/viewer/bookings/addGuests.handler.ts:81:11
     79| 
     80|   if (uniqueGuests.length === 0)
     81|     throw new TRPCError({ code: "BAD_REQUEST", message: "emails_must_b…
       |           ^
     82| 
     83|   const guestsFullDetails = uniqueGuests.map((guest) => {
 ❯ packages/trpc/server/routers/viewer/bookings/addGuests.handler.verified.test.ts:84:20

⎯⎯⎯⎯⎯⎯⎯⎯⎯⎯⎯⎯⎯⎯⎯⎯⎯⎯⎯⎯⎯⎯⎯⎯⎯⎯⎯⎯⎯⎯
Serialized Error: { code: 'BAD_REQUEST' }
⎯⎯⎯⎯⎯⎯⎯⎯⎯⎯⎯⎯⎯⎯⎯⎯⎯⎯⎯⎯⎯⎯⎯⎯[1/1]⎯

