ead of throwing an unhandled schema error
Error: promise rejected "[
  {
    "code": "invalid_type",
    "expected": "object",
    "received": "undefined",
    "path": [],
    "message": "Required"
  }
]" instead of resolving
⎯⎯⎯⎯⎯⎯⎯⎯⎯⎯⎯⎯⎯⎯⎯⎯⎯⎯⎯⎯⎯⎯⎯⎯[1/2]⎯

 FAIL  |0| apps/web/pages/api/webhook/app-credential.verified.test.ts > app-credential webhook > responds with 400 for a malformed body instead of throwing an unhandled ZodError
Error: promise rejected "[
  {
    "code": "invalid_type",
    "expected": "number",
    "received": "string",
    "path": [
      "userId"
    ],
    "message": "Expected number, received string"
  },
  {
    "code": "invalid_type",
    "expected": "string",
    "received": "undefined",
    "path": [
      "appSlug"
    ],
    "message": "Required"
  },
  {
    "code": "invalid_type",
    "expected": "string",
    "received": "undefined",
    "path": [
      "keys"
    ],
    "message": "Required"
  }
]" instead of resolving
⎯⎯⎯⎯⎯⎯⎯⎯⎯⎯⎯⎯⎯⎯⎯⎯⎯⎯⎯⎯⎯⎯⎯⎯[2/2]⎯



FIX RUN STILL RED: a malformed body instead of throwing an unhandled ZodError
     → expected { status: [Function spy], …(1) } to be undefined

 Test Files  1 failed (1)
      Tests  2 failed (2)
   Start at  23:13:44
   Duration  700ms (transform 41ms, setup 20ms, collect 17ms, tests 29ms, environment 0ms, prepare 77ms)

⎯⎯⎯⎯⎯⎯⎯ Failed Tests 2 ⎯⎯⎯⎯⎯⎯⎯

 FAIL  |0| apps/web/pages/api/webhook/app-credential.verified.test.ts > app-credential webhook > responds with 405 for a GET request instead of throwing an unhandled schema error
 FAIL  |0| apps/web/pages/api/webhook/app-credential.verified.test.ts > app-credential webhook > responds with 400 for a malformed body instead of throwing an unhandled ZodError
AssertionError: expected { status: [Function spy], …(1) } to be undefined
⎯⎯⎯⎯⎯⎯⎯⎯⎯⎯⎯⎯⎯⎯⎯⎯⎯⎯⎯⎯⎯⎯⎯⎯[1/2]⎯

