
 RUN  v0.34.3 /Users/dsifry/Developer/harnesseval/.cache/verify_repos/cal.com

 ❯ |0| apps/web/pages/api/webhook/app-credential.verified.test.ts  (2 tests | 2 failed) 20ms
   ❯ apps/web/pages/api/webhook/app-credential.verified.test.ts > app-credential webhook > responds with 405 for a GET request instead of throwing an unhandled schema error
     → expected { status: [Function spy], …(1) } to be undefined
   ❯ apps/web/pages/api/webhook/app-credential.verified.test.ts > app-credential webhook > responds with 400 for a malformed body instead of throwing an unhandled ZodError
     → promise rejected "[
  {
    "code": "invalid_type",
    "expected": "number",
    "received": "string",
    "path": [
      "userId"
    ],
    "message": "Expected number, received string"
  },
  {
    "code": "invalid_type",
    "expected": "string",
    "received": "undefined",
    "path": [
      "appSlug"
    ],
    "message": "Required"
  },
  {
    "code": "invalid_type",
    "expected": "string",
    "received": "undefined",
    "path": [
      "keys"
    ],
    "message": "Required"
  }
]" instead of resolving

 Test Files  1 failed (1)
      Tests  2 failed (2)
   Start at  23:13:53
   Duration  225ms (transform 27ms, setup 9ms, collect 14ms, tests 20ms, environment 0ms, prepare 31ms)

⎯⎯⎯⎯⎯⎯⎯ Failed Tests 2 ⎯⎯⎯⎯⎯⎯⎯

 FAIL  |0| apps/web/pages/api/webhook/app-credential.verified.test.ts > app-credential webhook > responds with 405 for a GET request instead of throwing an unhandled schema error
AssertionError: expected { status: [Function spy], …(1) } to be undefined
⎯⎯⎯⎯⎯⎯⎯⎯⎯⎯⎯⎯⎯⎯⎯⎯⎯⎯⎯⎯⎯⎯⎯⎯[1/2]⎯

 FAIL  |0| apps/web/pages/api/webhook/app-credential.verified.test.ts > app-credential webhook > responds with 400 for a malformed body instead of throwing an unhandled ZodError
Error: promise rejected "[
  {
    "code": "invalid_type",
    "expected": "number",
    "received": "string",
    "path": [
      "userId"
    ],
    "message": "Expected number, received string"
  },
  {
    "code": "invalid_type",
    "expected": "string",
    "received": "undefined",
    "path": [
      "appSlug"
    ],
    "message": "Required"
  },
  {
    "code": "invalid_type",
    "expected": "string",
    "received": "undefined",
    "path": [
      "keys"
    ],
    "message": "Required"
  }
]" instead of resolving
⎯⎯⎯⎯⎯⎯⎯⎯⎯⎯⎯⎯⎯⎯⎯⎯⎯⎯⎯⎯⎯⎯⎯⎯[2/2]⎯

