
 RUN  v0.34.3 /Users/dsifry/Developer/harnesseval/.cache/verify_repos/cal.com-10967

 ❯ |0| packages/app-store/googlecalendar/lib/CalendarService.verified.test.ts  (1 test | 1 failed) 164ms
   ❯ packages/app-store/googlecalendar/lib/CalendarService.verified.test.ts > createEvent must return the same Google Meet link for every host calendar in a multi-host booking
     → expected 'https://meet.google.com/conference-2' to be 'https://meet.google.com/conference-1' // Object.is equality

 Test Files  1 failed (1)
      Tests  1 failed (1)
   Start at  17:00:06
   Duration  671ms (transform 147ms, setup 0ms, collect 37ms, tests 164ms, environment 0ms, prepare 84ms)

⎯⎯⎯⎯⎯⎯⎯ Failed Tests 1 ⎯⎯⎯⎯⎯⎯⎯

 FAIL  |0| packages/app-store/googlecalendar/lib/CalendarService.verified.test.ts > createEvent must return the same Google Meet link for every host calendar in a multi-host booking
AssertionError: expected 'https://meet.google.com/conference-2' to be 'https://meet.google.com/conference-1' // Object.is equality

- Expected
+ Received

- https://meet.google.com/conference-1
+ https://meet.google.com/conference-2

 ❯ packages/app-store/googlecalendar/lib/CalendarService.verified.test.ts:139:21
    137|   // Claimed defect: every host in a collective Google Meet booking mu…
    138|   // but the current implementation performs its own conference-creati…
    139|   expect(host2Link).toBe(host1Link);
       |                     ^
    140| });
    141| 

⎯⎯⎯⎯⎯⎯⎯⎯⎯⎯⎯⎯⎯⎯⎯⎯⎯⎯⎯⎯⎯⎯⎯⎯[1/1]⎯

