
 RUN  v0.34.3 /Users/dsifry/Developer/harnesseval/.cache/verify_repos/cal.com-10967

 ❯ |0| packages/core/EventManager.verified.test.ts  (1 test | 1 failed) 89ms
   ❯ packages/core/EventManager.verified.test.ts > EventManager.updateAllCalendarEvents (verified regression) > surfaces a failure instead of silently returning [] when a DB lookup throws before calendarReference is assigned
     → expected [] to not deeply equal []

 Test Files  1 failed (1)
      Tests  1 failed (1)
   Start at  15:54:01
   Duration  437ms (transform 74ms, setup 0ms, collect 28ms, tests 89ms, environment 0ms, prepare 65ms)

⎯⎯⎯⎯⎯⎯⎯ Failed Tests 1 ⎯⎯⎯⎯⎯⎯⎯

 FAIL  |0| packages/core/EventManager.verified.test.ts > EventManager.updateAllCalendarEvents (verified regression) > surfaces a failure instead of silently returning [] when a DB lookup throws before calendarReference is assigned
AssertionError: expected [] to not deeply equal []

Compared values have no visual difference.

 ❯ packages/core/EventManager.verified.test.ts:58:24
     56|     // On current (post-PR) code the catch returns `calendarReference?…
     57|     // A reschedule DB failure is therefore indistinguishable from "no…
     58|     expect(result).not.toEqual([]);
       |                        ^
     59|     expect(result.some((r: any) => r && r.success === false)).toBe(tru…
     60|     expect(errorSpy).toHaveBeenCalled();

⎯⎯⎯⎯⎯⎯⎯⎯⎯⎯⎯⎯⎯⎯⎯⎯⎯⎯⎯⎯⎯⎯⎯⎯[1/1]⎯

