
 RUN  v0.34.3 /Users/dsifry/Developer/harnesseval/.cache/verify_repos/cal.com-14740

 ❯ |@calcom/core| packages/trpc/server/routers/viewer/bookings/addGuests.handler.verified.test.ts  (1 test | 1 failed) 9ms
   ❯ packages/trpc/server/routers/viewer/bookings/addGuests.handler.verified.test.ts > addGuestsHandler permission error > should throw the message 'youdonothavepermission' as claimed by the campaign
     → expected 'you_do_not_have_permission' to be 'youdonothavepermission' // Object.is equality

 Test Files  1 failed (1)
      Tests  1 failed (1)
   Start at  18:25:05
   Duration  297ms (transform 31ms, setup 70ms, collect 25ms, tests 9ms, environment 0ms, prepare 39ms)

(node:88916) MaxListenersExceededWarning: Possible EventEmitter memory leak detected. 11 SIGTERM listeners added to [process]. MaxListeners is 10. Use emitter.setMaxListeners() to increase limit
(Use `node --trace-warnings ...` to show where the warning was created)
(node:88916) MaxListenersExceededWarning: Possible EventEmitter memory leak detected. 11 end listeners added to [ReadStream]. MaxListeners is 10. Use emitter.setMaxListeners() to increase limit
⎯⎯⎯⎯⎯⎯⎯ Failed Tests 1 ⎯⎯⎯⎯⎯⎯⎯

 FAIL  |@calcom/core| packages/trpc/server/routers/viewer/bookings/addGuests.handler.verified.test.ts > addGuestsHandler permission error > should throw the message 'youdonothavepermission' as claimed by the campaign
AssertionError: expected 'you_do_not_have_permission' to be 'youdonothavepermission' // Object.is equality

- Expected
+ Received

- youdonothavepermission
+ you_do_not_have_permission

 ❯ packages/trpc/server/routers/viewer/bookings/addGuests.handler.verified.test.ts:63:28
     61|     // The campaign claims the message is the raw key "youdonothaveper…
     62|     // (without underscores), which would be missing from common.json.
     63|     expect(error?.message).toBe("youdonothavepermission");
       |                            ^
     64|   });
     65| });

⎯⎯⎯⎯⎯⎯⎯⎯⎯⎯⎯⎯⎯⎯⎯⎯⎯⎯⎯⎯⎯⎯⎯⎯[1/1]⎯

