
 RUN  v0.34.3 /Users/dsifry/Developer/harnesseval/.cache/verify_repos/cal.com-14740

 ❯ |@calcom/core| packages/emails/email-manager.verified.test.ts  (0 test)

 Test Files  1 failed (1)
      Tests  no tests
   Start at  15:05:18
   Duration  436ms (transform 25ms, setup 102ms, collect 0ms, tests 0ms, environment 0ms, prepare 55ms)

(node:31037) MaxListenersExceededWarning: Possible EventEmitter memory leak detected. 11 SIGTERM listeners added to [process]. MaxListeners is 10. Use emitter.setMaxListeners() to increase limit
(Use `node --trace-warnings ...` to show where the warning was created)
(node:31037) MaxListenersExceededWarning: Possible EventEmitter memory leak detected. 11 end listeners added to [ReadStream]. MaxListeners is 10. Use emitter.setMaxListeners() to increase limit
⎯⎯⎯⎯⎯⎯ Failed Suites 1 ⎯⎯⎯⎯⎯⎯⎯

 FAIL  |@calcom/core| packages/emails/email-manager.verified.test.ts [ packages/emails/email-manager.verified.test.ts ]
ReferenceError: test is not defined
 ❯ packages/emails/email-manager.verified.test.ts:33:3
     31| 
     32| describe("sendAddGuestsEmails (team-member notification)", () => {
     33|   test("notifies each team member when the booking belongs to a team",…
       |   ^
     34|     const { sendAddGuestsEmails } = await import("./email-manager");
     35| 

⎯⎯⎯⎯⎯⎯⎯⎯⎯⎯⎯⎯⎯⎯⎯⎯⎯⎯⎯⎯⎯⎯⎯⎯[1/1]⎯

