
 RUN  v0.34.3 /Users/dsifry/Developer/harnesseval/.cache/verify_repos/cal.com

 ❯ |0| apps/web/pages/api/webhook/app-credential.verified.test.ts  (1 test | 1 failed) 11ms
   ❯ apps/web/pages/api/webhook/app-credential.verified.test.ts > rejects decrypted credential payloads that are not valid credential objects
     → expected "spy" to be called with arguments: [ 400 ]

Received: 

  1st spy call:

  Array [
-   400,
+   405,
  ]


Number of calls: 1


 Test Files  1 failed (1)
      Tests  1 failed (1)
   Start at  23:14:39
   Duration  234ms (transform 22ms, setup 13ms, collect 13ms, tests 11ms, environment 0ms, prepare 42ms)

⎯⎯⎯⎯⎯⎯⎯ Failed Tests 1 ⎯⎯⎯⎯⎯⎯⎯

 FAIL  |0| apps/web/pages/api/webhook/app-credential.verified.test.ts > rejects decrypted credential payloads that are not valid credential objects
AssertionError: expected "spy" to be called with arguments: [ 400 ]

Received: 

  1st spy call:

  Array [
-   400,
+   405,
  ]


Number of calls: 1

 ❯ apps/web/pages/api/webhook/app-credential.verified.test.ts:53:22
     51|   await handler(req, res);
     52| 
     53|   expect(res.status).toHaveBeenCalledWith(400);
       |                      ^
     54|   expect(prisma.credential.create).not.toHaveBeenCalled();
     55| });

⎯⎯⎯⎯⎯⎯⎯⎯⎯⎯⎯⎯⎯⎯⎯⎯⎯⎯⎯⎯⎯⎯⎯⎯[1/1]⎯

