
 RUN  v0.34.3 /Users/dsifry/Developer/harnesseval/.cache/verify_repos/cal.com

 ❯ |0| packages/app-store/_utils/oauth/parseRefreshTokenResponse.verified.test.ts  (1 test | 1 failed) 11ms
   ❯ packages/app-store/_utils/oauth/parseRefreshTokenResponse.verified.test.ts > invalid refreshed tokens reject with an HttpError-consistent error, not a bare Error
     → expected false to be true // Object.is equality

 Test Files  1 failed (1)
      Tests  1 failed (1)
   Start at  23:20:30
   Duration  343ms (transform 18ms, setup 13ms, collect 10ms, tests 11ms, environment 0ms, prepare 50ms)

⎯⎯⎯⎯⎯⎯⎯ Failed Tests 1 ⎯⎯⎯⎯⎯⎯⎯

 FAIL  |0| packages/app-store/_utils/oauth/parseRefreshTokenResponse.verified.test.ts > invalid refreshed tokens reject with an HttpError-consistent error, not a bare Error
AssertionError: expected false to be true // Object.is equality

- Expected
+ Received

- true
+ false

 ❯ packages/app-store/_utils/oauth/parseRefreshTokenResponse.verified.test.ts:40:86
     38|   // this assertion fails.
     39|   expect(thrown).toBeTruthy();
     40|   expect(typeof thrown.statusCode === "number" || typeof thrown.status…
       |                                                                                      ^
     41|   const status = thrown.statusCode ?? thrown.status;
     42|   expect(status).toBeGreaterThanOrEqual(400);

⎯⎯⎯⎯⎯⎯⎯⎯⎯⎯⎯⎯⎯⎯⎯⎯⎯⎯⎯⎯⎯⎯⎯⎯[1/1]⎯

