
 RUN  v0.34.3 /Users/dsifry/Developer/harnesseval/.cache/verify_repos/cal.com

 ❯ |0| packages/app-store/_utils/oauth/parseRefreshTokenResponse.verified.test.ts  (1 test | 1 failed) 9ms
   ❯ packages/app-store/_utils/oauth/parseRefreshTokenResponse.verified.test.ts > invalid refreshed tokens reject with an HttpError-consistent error, not a bare Error
     → expected undefined to be truthy

 Test Files  1 failed (1)
      Tests  1 failed (1)
   Start at  23:20:34
   Duration  269ms (transform 19ms, setup 22ms, collect 8ms, tests 9ms, environment 0ms, prepare 34ms)

⎯⎯⎯⎯⎯⎯⎯ Failed Tests 1 ⎯⎯⎯⎯⎯⎯⎯

 FAIL  |0| packages/app-store/_utils/oauth/parseRefreshTokenResponse.verified.test.ts > invalid refreshed tokens reject with an HttpError-consistent error, not a bare Error
AssertionError: expected undefined to be truthy

- Expected: 
undefined

+ Received: 
false

 ❯ packages/app-store/_utils/oauth/parseRefreshTokenResponse.verified.test.ts:39:18
     37|   // `new Error("Invalid refreshed tokens were returned")` with no sta…
     38|   // this assertion fails.
     39|   expect(thrown).toBeTruthy();
       |                  ^
     40|   expect(typeof thrown.statusCode === "number" || typeof thrown.status…
     41|   const status = thrown.statusCode ?? thrown.status;

⎯⎯⎯⎯⎯⎯⎯⎯⎯⎯⎯⎯⎯⎯⎯⎯⎯⎯⎯⎯⎯⎯⎯⎯[1/1]⎯

