
 RUN  v0.34.3 /Users/dsifry/Developer/harnesseval/.cache/verify_repos/cal.com-14740

 ❯ |@calcom/core| packages/trpc/server/routers/viewer/bookings/addGuests.handler.verified.test.ts  (1 test | 1 failed) 51ms
   ❯ packages/trpc/server/routers/viewer/bookings/addGuests.handler.verified.test.ts > addGuestsHandler seat capacity enforcement > rejects adding guests that exceed seatsPerTimeSlot for seated events
     → Adding guests beyond seatsPerTimeSlot must be rejected, not silently appended: expected true to be false // Object.is equality

 Test Files  1 failed (1)
      Tests  1 failed (1)
   Start at  14:30:28
   Duration  507ms (transform 62ms, setup 121ms, collect 42ms, tests 51ms, environment 0ms, prepare 73ms)

(node:79481) MaxListenersExceededWarning: Possible EventEmitter memory leak detected. 11 SIGTERM listeners added to [process]. MaxListeners is 10. Use emitter.setMaxListeners() to increase limit
(Use `node --trace-warnings ...` to show where the warning was created)
(node:79481) MaxListenersExceededWarning: Possible EventEmitter memory leak detected. 11 end listeners added to [ReadStream]. MaxListeners is 10. Use emitter.setMaxListeners() to increase limit
⎯⎯⎯⎯⎯⎯⎯ Failed Tests 1 ⎯⎯⎯⎯⎯⎯⎯

 FAIL  |@calcom/core| packages/trpc/server/routers/viewer/bookings/addGuests.handler.verified.test.ts > addGuestsHandler seat capacity enforcement > rejects adding guests that exceed seatsPerTimeSlot for seated events
AssertionError: Adding guests beyond seatsPerTimeSlot must be rejected, not silently appended: expected true to be false // Object.is equality

- Expected
+ Received

- false
+ true

 ❯ packages/trpc/server/routers/viewer/bookings/addGuests.handler.verified.test.ts:104:7
    102|       resolvedSuccessfully,
    103|       "Adding guests beyond seatsPerTimeSlot must be rejected, not sil…
    104|     ).toBe(false);
       |       ^
    105|   });
    106| });

⎯⎯⎯⎯⎯⎯⎯⎯⎯⎯⎯⎯⎯⎯⎯⎯⎯⎯⎯⎯⎯⎯⎯⎯[1/1]⎯

