
 RUN  v0.34.3 /Users/dsifry/Developer/harnesseval/.cache/verify_repos/cal.com-14740

 ❯ |@calcom/core| packages/trpc/server/routers/viewer/bookings/addGuests.schema.verified.test.ts  (2 tests | 2 failed) 7ms
   ❯ packages/trpc/server/routers/viewer/bookings/addGuests.schema.verified.test.ts > addGuests.schema bounds/authorization > rejects a guest list with an unbounded number of emails (no per-booking cap)
     → expected true to be false // Object.is equality
   ❯ packages/trpc/server/routers/viewer/bookings/addGuests.schema.verified.test.ts > addGuests.schema bounds/authorization > rejects an empty guest list
     → expected true to be false // Object.is equality

 Test Files  1 failed (1)
      Tests  2 failed (2)
   Start at  23:23:43
   Duration  353ms (transform 15ms, setup 38ms, collect 4ms, tests 7ms, environment 0ms, prepare 37ms)

(node:11743) MaxListenersExceededWarning: Possible EventEmitter memory leak detected. 11 SIGTERM listeners added to [process]. MaxListeners is 10. Use emitter.setMaxListeners() to increase limit
(Use `node --trace-warnings ...` to show where the warning was created)
(node:11743) MaxListenersExceededWarning: Possible EventEmitter memory leak detected. 11 end listeners added to [ReadStream]. MaxListeners is 10. Use emitter.setMaxListeners() to increase limit
⎯⎯⎯⎯⎯⎯⎯ Failed Tests 2 ⎯⎯⎯⎯⎯⎯⎯

 FAIL  |@calcom/core| packages/trpc/server/routers/viewer/bookings/addGuests.schema.verified.test.ts > addGuests.schema bounds/authorization > rejects a guest list with an unbounded number of emails (no per-booking cap)
AssertionError: expected true to be false // Object.is equality

- Expected
+ Received

- false
+ true

 ❯ packages/trpc/server/routers/viewer/bookings/addGuests.schema.verified.test.ts:24:28
     22|     // Claimed behavior: the schema must cap the number of guests an
     23|     // attendee can add. Current code has no `.max(...)` and returns s…
     24|     expect(result.success).toBe(false);
       |                            ^
     25|   });
     26| 

⎯⎯⎯⎯⎯⎯⎯⎯⎯⎯⎯⎯⎯⎯⎯⎯⎯⎯⎯⎯⎯⎯⎯⎯[1/2]⎯

 FAIL  |@calcom/core| packages/trpc/server/routers/viewer/bookings/addGuests.schema.verified.test.ts > addGuests.schema bounds/authorization > rejects an empty guest list
AssertionError: expected true to be false // Object.is equality

- Expected
+ Received

- false
+ true

 ❯ packages/trpc/server/routers/viewer/bookings/addGuests.schema.verified.test.ts:33:28
     31| 
     32|     // Claimed behavior: an empty request is not a valid guest-add pay…
     33|     expect(result.success).toBe(false);
       |                            ^
     34|   });
     35| });

⎯⎯⎯⎯⎯⎯⎯⎯⎯⎯⎯⎯⎯⎯⎯⎯⎯⎯⎯⎯⎯⎯⎯⎯[2/2]⎯

