
 RUN  v0.34.3 /Users/dsifry/Developer/harnesseval/.cache/verify_repos/cal.com-14740

 ❯ |@calcom/core| packages/trpc/server/routers/viewer/bookings/addGuests.handler.verified.test.ts  (1 test | 1 failed) 59ms
   ❯ packages/trpc/server/routers/viewer/bookings/addGuests.handler.verified.test.ts > addGuestsHandler — event type guest restrictions > rejects adding guests when the EventType has guests disabled
     → promise resolved "[object Object]" instead of rejecting

 Test Files  1 failed (1)
      Tests  1 failed (1)
   Start at  15:07:31
   Duration  504ms (transform 63ms, setup 107ms, collect 36ms, tests 59ms, environment 0ms, prepare 71ms)

(node:47942) MaxListenersExceededWarning: Possible EventEmitter memory leak detected. 11 SIGTERM listeners added to [process]. MaxListeners is 10. Use emitter.setMaxListeners() to increase limit
(Use `node --trace-warnings ...` to show where the warning was created)
(node:47942) MaxListenersExceededWarning: Possible EventEmitter memory leak detected. 11 end listeners added to [ReadStream]. MaxListeners is 10. Use emitter.setMaxListeners() to increase limit
⎯⎯⎯⎯⎯⎯⎯ Failed Tests 1 ⎯⎯⎯⎯⎯⎯⎯

 FAIL  |@calcom/core| packages/trpc/server/routers/viewer/bookings/addGuests.handler.verified.test.ts > addGuestsHandler — event type guest restrictions > rejects adding guests when the EventType has guests disabled
Error: promise resolved "[object Object]" instead of rejecting
 ❯ packages/trpc/server/routers/viewer/bookings/addGuests.handler.verified.test.ts:87:5
     85|     const { addGuestsHandler } = await import("./addGuests.handler");
     86| 
     87|     await expect(
       |     ^
     88|       addGuestsHandler({
     89|         ctx: { user } as any,

⎯⎯⎯⎯⎯⎯⎯⎯⎯⎯⎯⎯⎯⎯⎯⎯⎯⎯⎯⎯⎯⎯⎯⎯[1/1]⎯

