
 RUN  v0.34.3 /Users/dsifry/Developer/harnesseval/.cache/verify_repos/cal.com-14740

 ❯ packages/ui/form/MultiEmail.verified.test.tsx  (1 test | 1 failed) 48ms
   ❯ packages/ui/form/MultiEmail.verified.test.tsx > MultiEmail list keys > keeps the same DOM input element for a surviving value after a middle row is removed
     → expected <input value="c"></input> to be <input value="c"></input> // Object.is equality

If it should pass with deep equality, replace "toBe" with "toStrictEqual"

Expected: <input value="c"></input>
Received: serializes to the same string


 Test Files  1 failed (1)
      Tests  1 failed (1)
   Start at  15:05:47
   Duration  679ms (transform 43ms, setup 0ms, collect 125ms, tests 48ms, environment 254ms, prepare 62ms)

⎯⎯⎯⎯⎯⎯⎯ Failed Tests 1 ⎯⎯⎯⎯⎯⎯⎯

 FAIL  packages/ui/form/MultiEmail.verified.test.tsx > MultiEmail list keys > keeps the same DOM input element for a surviving value after a middle row is removed
AssertionError: expected <input value="c"></input> to be <input value="c"></input> // Object.is equality

If it should pass with deep equality, replace "toBe" with "toStrictEqual"

Expected: <input value="c"></input>
Received: serializes to the same string


Compared values have no visual difference.

 ❯ packages/ui/form/MultiEmail.verified.test.tsx:66:22
     64|     // With key={index} React instead reuses the node that used to ren…
     65|     // leaving the node that held "c" unmounted and the inputs stale/s…
     66|     expect(after[1]).toBe(nodeHoldingC);
       |                      ^
     67|   });
     68| });

⎯⎯⎯⎯⎯⎯⎯⎯⎯⎯⎯⎯⎯⎯⎯⎯⎯⎯⎯⎯⎯⎯⎯⎯[1/1]⎯

