
 RUN  v0.34.3 /Users/dsifry/Developer/harnesseval/.cache/verify_repos/cal.com

 ❯ |0| apps/web/pages/api/webhook/app-credential.verified.test.ts  (1 test | 1 failed) 11ms
   ❯ apps/web/pages/api/webhook/app-credential.verified.test.ts > app-credential webhook > FAILS CURRENTLY: should not overwrite an arbitrary credential when user has multiple credentials for the same app
     → should not overwrite an arbitrary credential when user has multiple credentials for the same app: expected "spy" to not be called at all, but actually been called 1 times

Received: 

  1st spy call:

    Array [
      Object {
        "data": Object {
          "key": Object {
            "token": "NEW_TOKEN",
          },
        },
        "where": Object {
          "id": "credA",
        },
      },
    ]


Number of calls: 1


 Test Files  1 failed (1)
      Tests  1 failed (1)
   Start at  13:33:29
   Duration  263ms (transform 23ms, setup 22ms, collect 12ms, tests 11ms, environment 0ms, prepare 58ms)

⎯⎯⎯⎯⎯⎯⎯ Failed Tests 1 ⎯⎯⎯⎯⎯⎯⎯

 FAIL  |0| apps/web/pages/api/webhook/app-credential.verified.test.ts > app-credential webhook > FAILS CURRENTLY: should not overwrite an arbitrary credential when user has multiple credentials for the same app
AssertionError: should not overwrite an arbitrary credential when user has multiple credentials for the same app: expected "spy" to not be called at all, but actually been called 1 times

Received: 

  1st spy call:

    Array [
      Object {
        "data": Object {
          "key": Object {
            "token": "NEW_TOKEN",
          },
        },
        "where": Object {
          "id": "credA",
        },
      },
    ]


Number of calls: 1

 ❯ apps/web/pages/api/webhook/app-credential.verified.test.ts:94:146
     92|     await handler(req, res);
     93| 
     94|     expect(prismaMock.credential.update, "should not overwrite an arbi…
       |                                                                                                                                                  ^
     95|     expect(res.statusCode).toBe(409);
     96|     expect(res.body).toEqual(

⎯⎯⎯⎯⎯⎯⎯⎯⎯⎯⎯⎯⎯⎯⎯⎯⎯⎯⎯⎯⎯⎯⎯⎯[1/1]⎯

