
 RUN  v0.34.3 /Users/dsifry/Developer/harnesseval/.cache/verify_repos/cal.com-10967

 ❯ |0| packages/core/EventManager.verified.test.ts  (1 test | 1 failed) 149ms
   ❯ packages/core/EventManager.verified.test.ts > EventManager CRM other_calendar duplicate update regression > issues exactly one external update per booking reference, including crm other_calendar references
     → expected 5 to be 3 // Object.is equality

 Test Files  1 failed (1)
      Tests  1 failed (1)
   Start at  19:33:59
   Duration  365ms (transform 117ms, setup 0ms, collect 30ms, tests 149ms, environment 0ms, prepare 47ms)

⎯⎯⎯⎯⎯⎯⎯ Failed Tests 1 ⎯⎯⎯⎯⎯⎯⎯

 FAIL  |0| packages/core/EventManager.verified.test.ts > EventManager CRM other_calendar duplicate update regression > issues exactly one external update per booking reference, including crm other_calendar references
AssertionError: expected 5 to be 3 // Object.is equality

- Expected
+ Received

- 3
+ 5

 ❯ packages/core/EventManager.verified.test.ts:139:47
    137|       "crm other_calendar reference must be updated exactly once (clai…
    138|     ).toBe(1);
    139|     expect(updateEventMock.mock.calls.length).toBe(3);
       |                                               ^
    140|   });
    141| });

⎯⎯⎯⎯⎯⎯⎯⎯⎯⎯⎯⎯⎯⎯⎯⎯⎯⎯⎯⎯⎯⎯⎯⎯[1/1]⎯

