
 RUN  v0.34.3 /Users/dsifry/Developer/harnesseval/.cache/verify_repos/cal.com

 ❯ |0| apps/web/pages/api/webhook/app-credential.verified.test.ts  (1 test | 1 failed) 11ms
   ❯ apps/web/pages/api/webhook/app-credential.verified.test.ts > app-credential webhook credential disambiguation > updates the deterministically-selected most recent credential instead of an arbitrary one when multiple credentials exist
     → default.credential.findMany is not a function

 Test Files  1 failed (1)
      Tests  1 failed (1)
   Start at  00:50:00
   Duration  298ms (transform 23ms, setup 11ms, collect 14ms, tests 11ms, environment 0ms, prepare 35ms)

⎯⎯⎯⎯⎯⎯⎯ Failed Tests 1 ⎯⎯⎯⎯⎯⎯⎯

 FAIL  |0| apps/web/pages/api/webhook/app-credential.verified.test.ts > app-credential webhook credential disambiguation > updates the deterministically-selected most recent credential instead of an arbitrary one when multiple credentials exist
TypeError: default.credential.findMany is not a function
 ❯ handler apps/web/pages/api/webhook/app-credential.ts:63:50
     61|   // If the user has multiple credentials for the same app, updating a…
     62|   // silently overwrite the wrong connected account.
     63|   const appCredentials = await prisma.credential.findMany({
       |                                                  ^
     64|     where: {
     65|       userId: reqBody.userId,
 ❯ apps/web/pages/api/webhook/app-credential.verified.test.ts:92:5

⎯⎯⎯⎯⎯⎯⎯⎯⎯⎯⎯⎯⎯⎯⎯⎯⎯⎯⎯⎯⎯⎯⎯⎯[1/1]⎯

