
 RUN  v0.34.3 /Users/dsifry/Developer/harnesseval/.cache/verify_repos/cal.com-10967

 ❯ |0| packages/core/EventManager.verified.test.ts  (1 test | 1 failed) 45ms
   ❯ packages/core/EventManager.verified.test.ts > EventManager credential ownership > should not use a credential belonging to a different tenant when updating calendar events
     → Cannot read properties of undefined (reading 'flatMap')

 Test Files  1 failed (1)
      Tests  1 failed (1)
   Start at  18:43:46
   Duration  228ms (transform 42ms, setup 0ms, collect 16ms, tests 45ms, environment 0ms, prepare 42ms)

⎯⎯⎯⎯⎯⎯⎯ Failed Tests 1 ⎯⎯⎯⎯⎯⎯⎯

 FAIL  |0| packages/core/EventManager.verified.test.ts > EventManager credential ownership > should not use a credential belonging to a different tenant when updating calendar events
TypeError: Cannot read properties of undefined (reading 'flatMap')
 ❯ new EventManager packages/core/EventManager.ts:79:58
     77|    */
     78|   constructor(user: EventManagerUser) {
     79|     const appCredentials = getApps(user.credentials, true).flatMap((ap…
       |                                                          ^
     80|       app.credentials.map((creds) => ({ ...creds, appName: app.name }))
     81|     );
 ❯ packages/core/EventManager.verified.test.ts:51:21

⎯⎯⎯⎯⎯⎯⎯⎯⎯⎯⎯⎯⎯⎯⎯⎯⎯⎯⎯⎯⎯⎯⎯⎯[1/1]⎯

