
 RUN  v0.34.3 /Users/dsifry/Developer/harnesseval/.cache/verify_repos/cal.com-10967

 ❯ |0| packages/core/EventManager.verified.test.ts  (1 test | 1 failed) 2ms
   ❯ packages/core/EventManager.verified.test.ts > EventManager video reference credentialId > persists the video integration credentialId on non-calendar references returned by create()
     → default(...).flatMap is not a function

 Test Files  1 failed (1)
      Tests  1 failed (1)
   Start at  18:47:23
   Duration  242ms (transform 38ms, setup 0ms, collect 57ms, tests 2ms, environment 0ms, prepare 39ms)

⎯⎯⎯⎯⎯⎯⎯ Failed Tests 1 ⎯⎯⎯⎯⎯⎯⎯

 FAIL  |0| packages/core/EventManager.verified.test.ts > EventManager video reference credentialId > persists the video integration credentialId on non-calendar references returned by create()
TypeError: default(...).flatMap is not a function
 ❯ new EventManager packages/core/EventManager.ts:79:60
     77|    */
     78|   constructor(user: EventManagerUser) {
     79|     const appCredentials = getApps(user.credentials, true).flatMap((ap…
       |                                                            ^
     80|       app.credentials.map((creds) => ({ ...creds, appName: app.name }))
     81|     );
 ❯ packages/core/EventManager.verified.test.ts:72:21

⎯⎯⎯⎯⎯⎯⎯⎯⎯⎯⎯⎯⎯⎯⎯⎯⎯⎯⎯⎯⎯⎯⎯⎯[1/1]⎯

