Policy preflight complete: 6 PRs; execution manifest ecc5dae60eaf5d07f48ab0ef0c0b9516f57e06795d1a063676be7fa33f664a36
https://github.com/ai-code-review-evaluation/discourse-graphite/pull/10 group 6b5b340e5b_000: complete
https://github.com/ai-code-review-evaluation/discourse-graphite/pull/10 group f6de4917c7_000: complete
https://github.com/ai-code-review-evaluation/discourse-graphite/pull/10 group 3a66c848d3_000: complete
https://github.com/ai-code-review-evaluation/discourse-graphite/pull/10 group c42771c9a5_000: complete
https://github.com/ai-code-review-evaluation/discourse-graphite/pull/10 group e4d8628741_000: complete
https://github.com/ai-code-review-evaluation/discourse-graphite/pull/10 group 8542a0fa40_000: complete
https://github.com/ai-code-review-evaluation/discourse-graphite/pull/10 group d1b231b4c9_000: complete
https://github.com/ai-code-review-evaluation/discourse-graphite/pull/10 group f163f610f7_000: complete
https://github.com/ai-code-review-evaluation/discourse-graphite/pull/10 group 7a71738628_000: complete
https://github.com/ai-code-review-evaluation/discourse-graphite/pull/10 group f5551f71de_000: complete
https://github.com/ai-code-review-evaluation/discourse-graphite/pull/10 group 35525fff7e_000: complete
https://github.com/ai-code-review-evaluation/discourse-graphite/pull/10 group 7c9cbf9853_000: complete
https://github.com/ai-code-review-evaluation/discourse-graphite/pull/10 group ae99776c7f_000: complete
https://github.com/ai-code-review-evaluation/discourse-graphite/pull/10 group 85ff8424cb_000: complete
https://github.com/ai-code-review-evaluation/discourse-graphite/pull/10 group 758c13c10f_000: complete
https://github.com/ai-code-review-evaluation/discourse-graphite/pull/10 group a9aca0cdbd_000: complete
https://github.com/ai-code-review-evaluation/discourse-graphite/pull/10 group 700994215d_000: complete
https://github.com/ai-code-review-evaluation/discourse-graphite/pull/10 group bdd9565396_000: complete
https://github.com/ai-code-review-evaluation/discourse-graphite/pull/10 group 346c8c925d_000: complete
https://github.com/ai-code-review-evaluation/discourse-graphite/pull/10 group 1ef274022d_000: complete
https://github.com/ai-code-review-evaluation/discourse-graphite/pull/10 group f112606e7b_000: complete
https://github.com/ai-code-review-evaluation/discourse-graphite/pull/10 group eb8bf0d80d_001: complete
https://github.com/ai-code-review-evaluation/discourse-graphite/pull/10 group eb8bf0d80d_000: complete
https://github.com/ai-code-review-evaluation/discourse-graphite/pull/10 group f6de4917c7_merge: complete
https://github.com/ai-code-review-evaluation/discourse-graphite/pull/10 group 8542a0fa40_merge: complete
https://github.com/ai-code-review-evaluation/discourse-graphite/pull/10 group 3a66c848d3_merge: complete
https://github.com/ai-code-review-evaluation/discourse-graphite/pull/10 group 7a71738628_merge: complete
https://github.com/ai-code-review-evaluation/discourse-graphite/pull/10 group f163f610f7_merge: complete
https://github.com/ai-code-review-evaluation/discourse-graphite/pull/10 group 7c9cbf9853_merge: complete
https://github.com/ai-code-review-evaluation/discourse-graphite/pull/10 group d1b231b4c9_merge: complete
https://github.com/ai-code-review-evaluation/discourse-graphite/pull/10 group f5551f71de_merge: complete
https://github.com/ai-code-review-evaluation/discourse-graphite/pull/10 group 35525fff7e_merge: complete
https://github.com/ai-code-review-evaluation/discourse-graphite/pull/10 group 85ff8424cb_merge: complete
https://github.com/ai-code-review-evaluation/discourse-graphite/pull/10 group 346c8c925d_merge: complete
https://github.com/ai-code-review-evaluation/discourse-graphite/pull/10 group 758c13c10f_merge: complete
https://github.com/ai-code-review-evaluation/discourse-graphite/pull/10 group ae99776c7f_merge: complete
https://github.com/ai-code-review-evaluation/discourse-graphite/pull/10 group 1ef274022d_merge: complete
https://github.com/ai-code-review-evaluation/discourse-graphite/pull/10 group 700994215d_merge: complete
https://github.com/ai-code-review-evaluation/discourse-graphite/pull/10 group a9aca0cdbd_merge: complete
https://github.com/ai-code-review-evaluation/discourse-graphite/pull/10 group eb8bf0d80d_merge: complete
https://github.com/ai-code-review-evaluation/discourse-graphite/pull/10 pair 0: complete
https://github.com/ai-code-review-evaluation/discourse-graphite/pull/10 pair 40: complete
https://github.com/ai-code-review-evaluation/discourse-graphite/pull/10 pair 100: complete
https://github.com/ai-code-review-evaluation/discourse-graphite/pull/10 pair 80: complete
https://github.com/ai-code-review-evaluation/discourse-graphite/pull/10 pair 140: complete
https://github.com/ai-code-review-evaluation/discourse-graphite/pull/10 pair 180: complete
https://github.com/ai-code-review-evaluation/discourse-graphite/pull/10 pair 120: complete
https://github.com/ai-code-review-evaluation/discourse-graphite/pull/10 pair 60: complete
https://github.com/ai-code-review-evaluation/discourse-graphite/pull/10 pair 20: complete
https://github.com/ai-code-review-evaluation/discourse-graphite/pull/10 pair 160: complete
https://github.com/ai-code-review-evaluation/discourse-graphite/pull/10 pair 60: complete
https://github.com/ai-code-review-evaluation/discourse-graphite/pull/10 pair 80: complete
https://github.com/ai-code-review-evaluation/discourse-graphite/pull/10 pair 20: complete
https://github.com/ai-code-review-evaluation/discourse-graphite/pull/10 pair 40: complete
https://github.com/ai-code-review-evaluation/discourse-graphite/pull/10 pair 0: complete
https://github.com/ai-code-review-evaluation/discourse-graphite/pull/10 pair 40: complete
https://github.com/ai-code-review-evaluation/discourse-graphite/pull/10 pair 20: complete
https://github.com/ai-code-review-evaluation/discourse-graphite/pull/10 pair 0: complete
https://github.com/ai-code-review-evaluation/discourse-graphite/pull/10 pair 20: complete
https://github.com/ai-code-review-evaluation/discourse-graphite/pull/10 pair 0: complete
https://github.com/ai-code-review-evaluation/discourse-graphite/pull/10 pair 0: complete
https://github.com/ai-code-review-evaluation/discourse-graphite/pull/10 pair 0: complete
https://github.com/ai-code-review-evaluation/discourse-graphite/pull/10 pair 0: complete
https://github.com/ai-code-review-evaluation/discourse-graphite/pull/10 pair 0: complete
https://github.com/ai-code-review-evaluation/discourse-graphite/pull/10 pair 0: complete
https://github.com/ai-code-review-evaluation/discourse-graphite/pull/10 pair 0: complete
https://github.com/ai-code-review-evaluation/discourse-graphite/pull/10 pair 0: complete
https://github.com/ai-code-review-evaluation/discourse-graphite/pull/10 pair 0: complete
https://github.com/ai-code-review-evaluation/discourse-graphite/pull/10 pair 40: complete
https://github.com/ai-code-review-evaluation/discourse-graphite/pull/10 pair 20: complete
https://github.com/ai-code-review-evaluation/discourse-graphite/pull/10 pair 100: complete
https://github.com/ai-code-review-evaluation/discourse-graphite/pull/10 pair 80: complete
https://github.com/ai-code-review-evaluation/discourse-graphite/pull/10 pair 120: complete
https://github.com/ai-code-review-evaluation/discourse-graphite/pull/10 pair 140: complete
https://github.com/ai-code-review-evaluation/discourse-graphite/pull/10 pair 180: complete
https://github.com/ai-code-review-evaluation/discourse-graphite/pull/10 pair 0: complete
https://github.com/ai-code-review-evaluation/discourse-graphite/pull/10 pair 240: complete
https://github.com/ai-code-review-evaluation/discourse-graphite/pull/10 pair 200: complete
https://github.com/ai-code-review-evaluation/discourse-graphite/pull/10 pair 220: complete
https://github.com/ai-code-review-evaluation/discourse-graphite/pull/10 pair 260: complete
https://github.com/ai-code-review-evaluation/discourse-graphite/pull/10 pair 300: complete
https://github.com/ai-code-review-evaluation/discourse-graphite/pull/10 pair 340: complete
https://github.com/ai-code-review-evaluation/discourse-graphite/pull/10 pair 380: complete
https://github.com/ai-code-review-evaluation/discourse-graphite/pull/10 pair 360: complete
https://github.com/ai-code-review-evaluation/discourse-graphite/pull/10 pair 320: complete
https://github.com/ai-code-review-evaluation/discourse-graphite/pull/10 pair 400: complete
https://github.com/ai-code-review-evaluation/discourse-graphite/pull/10 pair 420: complete
https://github.com/ai-code-review-evaluation/discourse-graphite/pull/10 pair 480: complete
https://github.com/ai-code-review-evaluation/discourse-graphite/pull/10 pair 440: complete
https://github.com/ai-code-review-evaluation/discourse-graphite/pull/10 pair 460: complete
https://github.com/ai-code-review-evaluation/discourse-graphite/pull/10 pair 520: complete
https://github.com/ai-code-review-evaluation/discourse-graphite/pull/10 pair 500: complete
https://github.com/ai-code-review-evaluation/discourse-graphite/pull/10 pair 540: complete
https://github.com/ai-code-review-evaluation/discourse-graphite/pull/10 pair 560: complete
https://github.com/ai-code-review-evaluation/discourse-graphite/pull/10 pair 600: complete
https://github.com/ai-code-review-evaluation/discourse-graphite/pull/10 pair 640: complete
https://github.com/ai-code-review-evaluation/discourse-graphite/pull/10 pair 660: complete
https://github.com/ai-code-review-evaluation/discourse-graphite/pull/10 pair 680: complete
https://github.com/ai-code-review-evaluation/discourse-graphite/pull/10 pair 700: complete
https://github.com/ai-code-review-evaluation/discourse-graphite/pull/10 pair 620: complete
https://github.com/ai-code-review-evaluation/discourse-graphite/pull/10 pair 720: complete
https://github.com/ai-code-review-evaluation/discourse-graphite/pull/10 pair 740: complete
https://github.com/ai-code-review-evaluation/discourse-graphite/pull/10 pair 760: complete
https://github.com/ai-code-review-evaluation/discourse-graphite/pull/10 pair 780: complete
https://github.com/ai-code-review-evaluation/discourse-graphite/pull/10 pair 800: complete
https://github.com/ai-code-review-evaluation/discourse-graphite/pull/10 pair 60: complete
https://github.com/ai-code-review-evaluation/discourse-graphite/pull/10 pair 820: complete
https://github.com/ai-code-review-evaluation/discourse-graphite/pull/10 pair 160: complete
https://github.com/ai-code-review-evaluation/discourse-graphite/pull/10 pair 280: complete
https://github.com/ai-code-review-evaluation/discourse-graphite/pull/10 pair 580: complete
COMPLETE POLICY PR https://github.com/ai-code-review-evaluation/discourse-graphite/pull/10: 358 advisory claims -> 187 identities
https://github.com/ai-code-review-evaluation/discourse-graphite/pull/4 group cac6664b2b_000: complete
https://github.com/ai-code-review-evaluation/discourse-graphite/pull/4 group e4d8628741_000: complete
https://github.com/ai-code-review-evaluation/discourse-graphite/pull/4 group d1b231b4c9_000: complete
https://github.com/ai-code-review-evaluation/discourse-graphite/pull/4 group 65a83098fa_000: complete
https://github.com/ai-code-review-evaluation/discourse-graphite/pull/4 group d58e3394f0_000: complete
https://github.com/ai-code-review-evaluation/discourse-graphite/pull/4 group 0507808718_000: complete
https://github.com/ai-code-review-evaluation/discourse-graphite/pull/4 group 46b00babca_000: complete
https://github.com/ai-code-review-evaluation/discourse-graphite/pull/4 group f3c3ed0f7f_000: complete
https://github.com/ai-code-review-evaluation/discourse-graphite/pull/4 group 61c3565e71_000: complete
https://github.com/ai-code-review-evaluation/discourse-graphite/pull/4 group 35525fff7e_000: complete
https://github.com/ai-code-review-evaluation/discourse-graphite/pull/4 group 25e4b86bbc_000: complete
https://github.com/ai-code-review-evaluation/discourse-graphite/pull/4 group 07a4f530e6_000: complete
https://github.com/ai-code-review-evaluation/discourse-graphite/pull/4 group 613ce46906_000: complete
https://github.com/ai-code-review-evaluation/discourse-graphite/pull/4 group 5404942a2a_000: complete
https://github.com/ai-code-review-evaluation/discourse-graphite/pull/4 group a59dcf5382_000: complete
https://github.com/ai-code-review-evaluation/discourse-graphite/pull/4 group 44f207a3ed_000: complete
https://github.com/ai-code-review-evaluation/discourse-graphite/pull/4 group 0e3cfb4630_000: complete
https://github.com/ai-code-review-evaluation/discourse-graphite/pull/4 group eb8bf0d80d_001: complete
https://github.com/ai-code-review-evaluation/discourse-graphite/pull/4 group ae99776c7f_000: complete
https://github.com/ai-code-review-evaluation/discourse-graphite/pull/4 group eb8bf0d80d_000: complete
https://github.com/ai-code-review-evaluation/discourse-graphite/pull/4 group e4d8628741_merge: complete
https://github.com/ai-code-review-evaluation/discourse-graphite/pull/4 group 0507808718_merge: complete
https://github.com/ai-code-review-evaluation/discourse-graphite/pull/4 group d58e3394f0_merge: complete
https://github.com/ai-code-review-evaluation/discourse-graphite/pull/4 group d1b231b4c9_merge: complete
https://github.com/ai-code-review-evaluation/discourse-graphite/pull/4 group 65a83098fa_merge: complete
https://github.com/ai-code-review-evaluation/discourse-graphite/pull/4 group 35525fff7e_merge: complete
https://github.com/ai-code-review-evaluation/discourse-graphite/pull/4 group 46b00babca_merge: complete
https://github.com/ai-code-review-evaluation/discourse-graphite/pull/4 group 07a4f530e6_merge: complete
https://github.com/ai-code-review-evaluation/discourse-graphite/pull/4 group 25e4b86bbc_merge: complete
https://github.com/ai-code-review-evaluation/discourse-graphite/pull/4 group a59dcf5382_merge: complete
https://github.com/ai-code-review-evaluation/discourse-graphite/pull/4 group 5404942a2a_merge: complete
https://github.com/ai-code-review-evaluation/discourse-graphite/pull/4 group 613ce46906_merge: complete
https://github.com/ai-code-review-evaluation/discourse-graphite/pull/4 group ae99776c7f_merge: complete
https://github.com/ai-code-review-evaluation/discourse-graphite/pull/4 group 44f207a3ed_merge: complete
https://github.com/ai-code-review-evaluation/discourse-graphite/pull/4 group 0e3cfb4630_merge: complete
https://github.com/ai-code-review-evaluation/discourse-graphite/pull/4 group eb8bf0d80d_merge: complete
https://github.com/ai-code-review-evaluation/discourse-graphite/pull/4 pair 40: complete
https://github.com/ai-code-review-evaluation/discourse-graphite/pull/4 pair 60: complete
https://github.com/ai-code-review-evaluation/discourse-graphite/pull/4 pair 0: complete
https://github.com/ai-code-review-evaluation/discourse-graphite/pull/4 pair 20: complete
https://github.com/ai-code-review-evaluation/discourse-graphite/pull/4 pair 80: complete
https://github.com/ai-code-review-evaluation/discourse-graphite/pull/4 pair 100: complete
https://github.com/ai-code-review-evaluation/discourse-graphite/pull/4 pair 140: complete
https://github.com/ai-code-review-evaluation/discourse-graphite/pull/4 pair 120: complete
https://github.com/ai-code-review-evaluation/discourse-graphite/pull/4 pair 0: complete
https://github.com/ai-code-review-evaluation/discourse-graphite/pull/4 pair 20: complete
https://github.com/ai-code-review-evaluation/discourse-graphite/pull/4 pair 40: complete
https://github.com/ai-code-review-evaluation/discourse-graphite/pull/4 pair 20: complete
https://github.com/ai-code-review-evaluation/discourse-graphite/pull/4 pair 0: complete
https://github.com/ai-code-review-evaluation/discourse-graphite/pull/4 pair 0: complete
https://github.com/ai-code-review-evaluation/discourse-graphite/pull/4 pair 0: complete
https://github.com/ai-code-review-evaluation/discourse-graphite/pull/4 pair 0: complete
https://github.com/ai-code-review-evaluation/discourse-graphite/pull/4 pair 0: complete
https://github.com/ai-code-review-evaluation/discourse-graphite/pull/4 pair 0: complete
https://github.com/ai-code-review-evaluation/discourse-graphite/pull/4 pair 20: complete
https://github.com/ai-code-review-evaluation/discourse-graphite/pull/4 pair 60: complete
https://github.com/ai-code-review-evaluation/discourse-graphite/pull/4 pair 40: complete
https://github.com/ai-code-review-evaluation/discourse-graphite/pull/4 pair 80: complete
https://github.com/ai-code-review-evaluation/discourse-graphite/pull/4 pair 0: complete
https://github.com/ai-code-review-evaluation/discourse-graphite/pull/4 pair 100: complete
https://github.com/ai-code-review-evaluation/discourse-graphite/pull/4 pair 140: complete
https://github.com/ai-code-review-evaluation/discourse-graphite/pull/4 pair 120: complete
https://github.com/ai-code-review-evaluation/discourse-graphite/pull/4 pair 180: complete
https://github.com/ai-code-review-evaluation/discourse-graphite/pull/4 pair 160: complete
https://github.com/ai-code-review-evaluation/discourse-graphite/pull/4 pair 200: complete
https://github.com/ai-code-review-evaluation/discourse-graphite/pull/4 pair 240: complete
https://github.com/ai-code-review-evaluation/discourse-graphite/pull/4 pair 260: complete
https://github.com/ai-code-review-evaluation/discourse-graphite/pull/4 pair 280: complete
https://github.com/ai-code-review-evaluation/discourse-graphite/pull/4 pair 320: complete
https://github.com/ai-code-review-evaluation/discourse-graphite/pull/4 pair 220: complete
https://github.com/ai-code-review-evaluation/discourse-graphite/pull/4 pair 300: complete
COMPLETE POLICY PR https://github.com/ai-code-review-evaluation/discourse-graphite/pull/4: 372 advisory claims -> 222 identities
https://github.com/ai-code-review-evaluation/discourse-graphite/pull/8 group 7291d10fad_000: complete
https://github.com/ai-code-review-evaluation/discourse-graphite/pull/8 group 3bfe895e54_000: complete
https://github.com/ai-code-review-evaluation/discourse-graphite/pull/8 group 45df0d8c50_000: complete
https://github.com/ai-code-review-evaluation/discourse-graphite/pull/8 group f5551f71de_000: complete
https://github.com/ai-code-review-evaluation/discourse-graphite/pull/8 group 442be3dc09_000: complete
https://github.com/ai-code-review-evaluation/discourse-graphite/pull/8 group eb8bf0d80d_001: complete
https://github.com/ai-code-review-evaluation/discourse-graphite/pull/8 group e0b884a8f2_000: complete
https://github.com/ai-code-review-evaluation/discourse-graphite/pull/8 group eb8bf0d80d_000: complete
https://github.com/ai-code-review-evaluation/discourse-graphite/pull/8 group 45df0d8c50_merge: complete
https://github.com/ai-code-review-evaluation/discourse-graphite/pull/8 group 3bfe895e54_merge: complete
https://github.com/ai-code-review-evaluation/discourse-graphite/pull/8 group 7291d10fad_merge: complete
https://github.com/ai-code-review-evaluation/discourse-graphite/pull/8 group 442be3dc09_merge: complete
https://github.com/ai-code-review-evaluation/discourse-graphite/pull/8 group f5551f71de_merge: complete
https://github.com/ai-code-review-evaluation/discourse-graphite/pull/8 group e0b884a8f2_merge: complete
https://github.com/ai-code-review-evaluation/discourse-graphite/pull/8 group eb8bf0d80d_merge: complete
https://github.com/ai-code-review-evaluation/discourse-graphite/pull/8 pair 60: complete
https://github.com/ai-code-review-evaluation/discourse-graphite/pull/8 pair 0: complete
https://github.com/ai-code-review-evaluation/discourse-graphite/pull/8 pair 20: complete
https://github.com/ai-code-review-evaluation/discourse-graphite/pull/8 pair 80: complete
https://github.com/ai-code-review-evaluation/discourse-graphite/pull/8 pair 40: complete
https://github.com/ai-code-review-evaluation/discourse-graphite/pull/8 pair 40: complete
https://github.com/ai-code-review-evaluation/discourse-graphite/pull/8 pair 20: complete
https://github.com/ai-code-review-evaluation/discourse-graphite/pull/8 pair 0: complete
https://github.com/ai-code-review-evaluation/discourse-graphite/pull/8 pair 20: complete
https://github.com/ai-code-review-evaluation/discourse-graphite/pull/8 pair 0: complete
https://github.com/ai-code-review-evaluation/discourse-graphite/pull/8 pair 0: complete
https://github.com/ai-code-review-evaluation/discourse-graphite/pull/8 pair 0: complete
https://github.com/ai-code-review-evaluation/discourse-graphite/pull/8 pair 0: complete
https://github.com/ai-code-review-evaluation/discourse-graphite/pull/8 pair 20: complete
https://github.com/ai-code-review-evaluation/discourse-graphite/pull/8 pair 40: complete
https://github.com/ai-code-review-evaluation/discourse-graphite/pull/8 pair 80: complete
https://github.com/ai-code-review-evaluation/discourse-graphite/pull/8 pair 60: complete
https://github.com/ai-code-review-evaluation/discourse-graphite/pull/8 pair 100: complete
https://github.com/ai-code-review-evaluation/discourse-graphite/pull/8 pair 120: complete
https://github.com/ai-code-review-evaluation/discourse-graphite/pull/8 pair 0: complete
COMPLETE POLICY PR https://github.com/ai-code-review-evaluation/discourse-graphite/pull/8: 234 advisory claims -> 148 identities
https://github.com/calcom/cal.com/pull/10967 group 924017b3c2_000: complete
https://github.com/calcom/cal.com/pull/10967 group fd6228b704_000: complete
https://github.com/calcom/cal.com/pull/10967 group ca8e74781e_000: complete
https://github.com/calcom/cal.com/pull/10967 group 8b88dbb810_000: complete
https://github.com/calcom/cal.com/pull/10967 group 34b0659646_001: complete
https://github.com/calcom/cal.com/pull/10967 group 2ece3ce969_000: complete
https://github.com/calcom/cal.com/pull/10967 group 3506c1c60a_000: complete
https://github.com/calcom/cal.com/pull/10967 group fe14398eeb_000: complete
https://github.com/calcom/cal.com/pull/10967 group dd168b7fc9_000: complete
https://github.com/calcom/cal.com/pull/10967 group eb8bf0d80d_000: complete
https://github.com/calcom/cal.com/pull/10967 group 34b0659646_000: complete
https://github.com/calcom/cal.com/pull/10967 group ca8e74781e_merge: complete
https://github.com/calcom/cal.com/pull/10967 group 924017b3c2_merge: complete
https://github.com/calcom/cal.com/pull/10967 group 8b88dbb810_merge: complete
https://github.com/calcom/cal.com/pull/10967 group 34b0659646_merge: complete
https://github.com/calcom/cal.com/pull/10967 group 3506c1c60a_merge: complete
https://github.com/calcom/cal.com/pull/10967 group dd168b7fc9_merge: complete
https://github.com/calcom/cal.com/pull/10967 group fe14398eeb_merge: complete
https://github.com/calcom/cal.com/pull/10967 group eb8bf0d80d_merge: complete
https://github.com/calcom/cal.com/pull/10967 pair 60: complete
https://github.com/calcom/cal.com/pull/10967 pair 20: complete
https://github.com/calcom/cal.com/pull/10967 pair 40: complete
https://github.com/calcom/cal.com/pull/10967 pair 0: complete
https://github.com/calcom/cal.com/pull/10967 pair 20: complete
https://github.com/calcom/cal.com/pull/10967 pair 0: complete
https://github.com/calcom/cal.com/pull/10967 pair 20: complete
https://github.com/calcom/cal.com/pull/10967 pair 0: complete
https://github.com/calcom/cal.com/pull/10967 pair 0: complete
https://github.com/calcom/cal.com/pull/10967 pair 0: complete
https://github.com/calcom/cal.com/pull/10967 pair 0: complete
https://github.com/calcom/cal.com/pull/10967 pair 0: complete
https://github.com/calcom/cal.com/pull/10967 pair 0: complete
https://github.com/calcom/cal.com/pull/10967 pair 60: complete
https://github.com/calcom/cal.com/pull/10967 pair 20: complete
https://github.com/calcom/cal.com/pull/10967 pair 40: complete
https://github.com/calcom/cal.com/pull/10967 pair 80: complete
https://github.com/calcom/cal.com/pull/10967 pair 100: complete
COMPLETE POLICY PR https://github.com/calcom/cal.com/pull/10967: 208 advisory claims -> 129 identities
Traceback (most recent call last):
  File "<frozen runpy>", line 203, in _run_module_as_main
  File "<frozen runpy>", line 88, in _run_code
  File "/Users/dsifry/Developer/harnesseval/tools/advisory_policy_dedup.py", line 406, in <module>
    main()
    ~~~~^^
  File "/Users/dsifry/Developer/harnesseval/tools/advisory_policy_dedup.py", line 401, in main
    try:asyncio.run(run_all())
        ~~~~~~~~~~~^^^^^^^^^^^
  File "/opt/homebrew/Cellar/python@3.14/3.14.7/Frameworks/Python.framework/Versions/3.14/lib/python3.14/asyncio/runners.py", line 205, in run
    return runner.run(main)
           ~~~~~~~~~~^^^^^^
  File "/opt/homebrew/Cellar/python@3.14/3.14.7/Frameworks/Python.framework/Versions/3.14/lib/python3.14/asyncio/runners.py", line 128, in run
    return self._loop.run_until_complete(task)
           ~~~~~~~~~~~~~~~~~~~~~~~~~~~~~^^^^^^
  File "/opt/homebrew/Cellar/python@3.14/3.14.7/Frameworks/Python.framework/Versions/3.14/lib/python3.14/asyncio/base_events.py", line 720, in run_until_complete
    return future.result()
           ~~~~~~~~~~~~~^^
  File "/Users/dsifry/Developer/harnesseval/tools/advisory_policy_dedup.py", line 395, in run_all
    await process_pr(base,out,policy,raw_digest,seed,members[url],sources)
  File "/Users/dsifry/Developer/harnesseval/tools/advisory_policy_dedup.py", line 313, in process_pr
    initial=await make_proposals(out/'group_proposals'/f'{key}.json',binding,buckets,texts,
            ^^^^^^^^^^^^^^^^^^^^^^^^^^^^^^^^^^^^^^^^^^^^^^^^^^^^^^^^^^^^^^^^^^^^^^^^^^^^^^^
                                 lambda order,phase:calls.group(order,phase,texts))
                                 ^^^^^^^^^^^^^^^^^^^^^^^^^^^^^^^^^^^^^^^^^^^^^^^^^^
  File "/Users/dsifry/Developer/harnesseval/tools/advisory_policy_dedup.py", line 160, in make_proposals
    if isinstance(result,BaseException):raise result
                                        ^^^^^^^^^^^^
  File "/Users/dsifry/Developer/harnesseval/tools/advisory_policy_dedup.py", line 247, in group
    return await self.checked('group',phase,req,validate)
           ^^^^^^^^^^^^^^^^^^^^^^^^^^^^^^^^^^^^^^^^^^^^^^
  File "/Users/dsifry/Developer/harnesseval/tools/advisory_policy_dedup.py", line 219, in checked
    if self.failed or (self.out/'STOP').exists():raise runner.DrainRequested()
                                                 ^^^^^^^^^^^^^^^^^^^^^^^^^^^^^
tools.readjudicate_report_advisories.DrainRequested
Verified timeout extension: 120 seconds per attempt, original three-attempt limit, four workers
Policy preflight complete: 6 PRs; execution manifest ecc5dae60eaf5d07f48ab0ef0c0b9516f57e06795d1a063676be7fa33f664a36
https://github.com/calcom/cal.com/pull/11059 group 701e4a3017_000: complete
https://github.com/calcom/cal.com/pull/11059 group 3ab48eedc5_000: complete
https://github.com/calcom/cal.com/pull/11059 group b29c51ff02_000: complete
https://github.com/calcom/cal.com/pull/11059 group afe3c34399_000: complete
https://github.com/calcom/cal.com/pull/11059 group b31b21df38_000: complete
https://github.com/calcom/cal.com/pull/11059 group eb8bf0d80d_001: complete
https://github.com/calcom/cal.com/pull/11059 group eb8bf0d80d_000: complete
https://github.com/calcom/cal.com/pull/11059 group b29c51ff02_merge: complete
https://github.com/calcom/cal.com/pull/11059 group 701e4a3017_merge: complete
https://github.com/calcom/cal.com/pull/11059 group afe3c34399_merge: complete
https://github.com/calcom/cal.com/pull/11059 group 3ab48eedc5_merge: complete
https://github.com/calcom/cal.com/pull/11059 group b31b21df38_merge: complete
https://github.com/calcom/cal.com/pull/11059 group eb8bf0d80d_merge: complete
https://github.com/calcom/cal.com/pull/11059 pair 60: complete
https://github.com/calcom/cal.com/pull/11059 pair 0: complete
https://github.com/calcom/cal.com/pull/11059 pair 20: complete
https://github.com/calcom/cal.com/pull/11059 pair 80: complete
https://github.com/calcom/cal.com/pull/11059 pair 40: complete
https://github.com/calcom/cal.com/pull/11059 pair 60: complete
https://github.com/calcom/cal.com/pull/11059 pair 20: complete
https://github.com/calcom/cal.com/pull/11059 pair 0: complete
https://github.com/calcom/cal.com/pull/11059 pair 40: complete
https://github.com/calcom/cal.com/pull/11059 pair 20: complete
https://github.com/calcom/cal.com/pull/11059 pair 0: complete
https://github.com/calcom/cal.com/pull/11059 pair 20: complete
https://github.com/calcom/cal.com/pull/11059 pair 0: complete
https://github.com/calcom/cal.com/pull/11059 pair 20: complete
https://github.com/calcom/cal.com/pull/11059 pair 0: complete
https://github.com/calcom/cal.com/pull/11059 pair 0: complete
https://github.com/calcom/cal.com/pull/11059 pair 0: complete
https://github.com/calcom/cal.com/pull/11059 pair 0: complete
https://github.com/calcom/cal.com/pull/11059 pair 0: complete
https://github.com/calcom/cal.com/pull/11059 pair 0: complete
https://github.com/calcom/cal.com/pull/11059 pair 0: complete
https://github.com/calcom/cal.com/pull/11059 pair 40: complete
https://github.com/calcom/cal.com/pull/11059 pair 20: complete
https://github.com/calcom/cal.com/pull/11059 pair 80: complete
https://github.com/calcom/cal.com/pull/11059 pair 60: complete
https://github.com/calcom/cal.com/pull/11059 pair 100: complete
https://github.com/calcom/cal.com/pull/11059 pair 120: complete
https://github.com/calcom/cal.com/pull/11059 pair 160: complete
https://github.com/calcom/cal.com/pull/11059 pair 140: complete
COMPLETE POLICY PR https://github.com/calcom/cal.com/pull/11059: 209 advisory claims -> 129 identities
https://github.com/calcom/cal.com/pull/14740 group 0d515f6f79_000: complete
https://github.com/calcom/cal.com/pull/14740 group e79dc006b7_000: complete
https://github.com/calcom/cal.com/pull/14740 group b70b8fd8cb_000: complete
https://github.com/calcom/cal.com/pull/14740 group c6648e0f56_000: complete
https://github.com/calcom/cal.com/pull/14740 group d3db95c962_000: complete
https://github.com/calcom/cal.com/pull/14740 group eb8bf0d80d_000: complete
https://github.com/calcom/cal.com/pull/14740 group 0d515f6f79_merge: complete
https://github.com/calcom/cal.com/pull/14740 group e79dc006b7_merge: complete
https://github.com/calcom/cal.com/pull/14740 group d3db95c962_merge: complete
https://github.com/calcom/cal.com/pull/14740 group b70b8fd8cb_merge: complete
https://github.com/calcom/cal.com/pull/14740 group c6648e0f56_merge: complete
https://github.com/calcom/cal.com/pull/14740 group eb8bf0d80d_merge: complete
https://github.com/calcom/cal.com/pull/14740 pair 20: complete
https://github.com/calcom/cal.com/pull/14740 pair 0: complete
https://github.com/calcom/cal.com/pull/14740 pair 0: complete
https://github.com/calcom/cal.com/pull/14740 pair 0: complete
https://github.com/calcom/cal.com/pull/14740 pair 0: complete
https://github.com/calcom/cal.com/pull/14740 pair 0: complete
https://github.com/calcom/cal.com/pull/14740 pair 0: complete
https://github.com/calcom/cal.com/pull/14740 pair 60: complete
https://github.com/calcom/cal.com/pull/14740 pair 0: complete
https://github.com/calcom/cal.com/pull/14740 pair 20: complete
https://github.com/calcom/cal.com/pull/14740 pair 40: complete
COMPLETE POLICY PR https://github.com/calcom/cal.com/pull/14740: 120 advisory claims -> 73 identities
