
 RUN  v0.34.3 /Users/dsifry/Developer/harnesseval/.cache/verify_repos/cal.com-14740

 ❯ |@calcom/core| packages/trpc/server/routers/viewer/bookings/addGuests.handler.verified.test.ts  (1 test | 1 failed) 71ms
   ❯ packages/trpc/server/routers/viewer/bookings/addGuests.handler.verified.test.ts > addGuestsHandler concurrent duplicate guest race > does not insert duplicate attendee rows when two concurrent requests add the same guest email
     → addGuests must not create duplicate attendee rows when two concurrent requests add the same email (read-then-insert without transaction/unique constraint): expected [ { id: 1, name: '', …(3) }, …(1) ] to have a length of 1 but got 2

 Test Files  1 failed (1)
      Tests  1 failed (1)
   Start at  14:32:58
   Duration  565ms (transform 66ms, setup 146ms, collect 40ms, tests 71ms, environment 0ms, prepare 92ms)

(node:97027) MaxListenersExceededWarning: Possible EventEmitter memory leak detected. 11 SIGTERM listeners added to [process]. MaxListeners is 10. Use emitter.setMaxListeners() to increase limit
(Use `node --trace-warnings ...` to show where the warning was created)
(node:97027) MaxListenersExceededWarning: Possible EventEmitter memory leak detected. 11 end listeners added to [ReadStream]. MaxListeners is 10. Use emitter.setMaxListeners() to increase limit
⎯⎯⎯⎯⎯⎯⎯ Failed Tests 1 ⎯⎯⎯⎯⎯⎯⎯

 FAIL  |@calcom/core| packages/trpc/server/routers/viewer/bookings/addGuests.handler.verified.test.ts > addGuestsHandler concurrent duplicate guest race > does not insert duplicate attendee rows when two concurrent requests add the same guest email
AssertionError: addGuests must not create duplicate attendee rows when two concurrent requests add the same email (read-then-insert without transaction/unique constraint): expected [ { id: 1, name: '', …(3) }, …(1) ] to have a length of 1 but got 2

- Expected
+ Received

- 1
+ 2

 ❯ packages/trpc/server/routers/viewer/bookings/addGuests.handler.verified.test.ts:144:7
    142|       duplicates,
    143|       "addGuests must not create duplicate attendee rows when two conc…
    144|     ).toHaveLength(1);
       |       ^
    145|   });
    146| });

⎯⎯⎯⎯⎯⎯⎯⎯⎯⎯⎯⎯⎯⎯⎯⎯⎯⎯⎯⎯⎯⎯⎯⎯[1/1]⎯

