
 RUN  v0.34.3 /Users/dsifry/Developer/harnesseval/.cache/verify_repos/cal.com-14740

 ❯ |@calcom/core| packages/emails/email-manager.verified.test.ts  (1 test | 1 failed) 738ms
   ❯ packages/emails/email-manager.verified.test.ts > sendAddGuestsEmails respects hideCalendarNotes > redacts additionalNotes before emailing newly added guests (matches scheduled-email contract)
     → sendAddGuestsEmails is not a function

 Test Files  1 failed (1)
      Tests  1 failed (1)
   Start at  15:09:31
   Duration  1.06s (transform 463ms, setup 66ms, collect 19ms, tests 738ms, environment 0ms, prepare 59ms)

(node:62043) MaxListenersExceededWarning: Possible EventEmitter memory leak detected. 11 SIGTERM listeners added to [process]. MaxListeners is 10. Use emitter.setMaxListeners() to increase limit
(Use `node --trace-warnings ...` to show where the warning was created)
(node:62043) MaxListenersExceededWarning: Possible EventEmitter memory leak detected. 11 end listeners added to [ReadStream]. MaxListeners is 10. Use emitter.setMaxListeners() to increase limit
⎯⎯⎯⎯⎯⎯⎯ Failed Tests 1 ⎯⎯⎯⎯⎯⎯⎯

 FAIL  |@calcom/core| packages/emails/email-manager.verified.test.ts > sendAddGuestsEmails respects hideCalendarNotes > redacts additionalNotes before emailing newly added guests (matches scheduled-email contract)
TypeError: sendAddGuestsEmails is not a function
 ❯ packages/emails/email-manager.verified.test.ts:92:11
     90|   it("redacts additionalNotes before emailing newly added guests (matc…
     91|     const { sendAddGuestsEmails } = await import("./email-manager");
     92|     await sendAddGuestsEmails(buildEvent() as any, [NEW_GUEST]);
       |           ^
     93| 
     94|     const leaked = h.captured.filter((c) => c.calendarEvent?.additiona…

⎯⎯⎯⎯⎯⎯⎯⎯⎯⎯⎯⎯⎯⎯⎯⎯⎯⎯⎯⎯⎯⎯⎯⎯[1/1]⎯

