
 RUN  v0.34.3 /Users/dsifry/Developer/harnesseval/.cache/verify_repos/cal.com-14740

 ❯ |@calcom/core| packages/emails/email-manager.verified.test.ts  (1 test | 1 failed) 878ms
   ❯ packages/emails/email-manager.verified.test.ts > sendAddGuestsEmails respects hideCalendarNotes > redacts additionalNotes before emailing newly added guests (matches scheduled-email contract)
     → expected [ 'OrganizerAddGuestsEmail', …(2) ] to deeply equal []

 Test Files  1 failed (1)
      Tests  1 failed (1)
   Start at  15:09:17
   Duration  1.24s (transform 512ms, setup 95ms, collect 16ms, tests 878ms, environment 0ms, prepare 59ms)

(node:60488) MaxListenersExceededWarning: Possible EventEmitter memory leak detected. 11 SIGTERM listeners added to [process]. MaxListeners is 10. Use emitter.setMaxListeners() to increase limit
(Use `node --trace-warnings ...` to show where the warning was created)
(node:60488) MaxListenersExceededWarning: Possible EventEmitter memory leak detected. 11 end listeners added to [ReadStream]. MaxListeners is 10. Use emitter.setMaxListeners() to increase limit
⎯⎯⎯⎯⎯⎯⎯ Failed Tests 1 ⎯⎯⎯⎯⎯⎯⎯

 FAIL  |@calcom/core| packages/emails/email-manager.verified.test.ts > sendAddGuestsEmails respects hideCalendarNotes > redacts additionalNotes before emailing newly added guests (matches scheduled-email contract)
AssertionError: expected [ 'OrganizerAddGuestsEmail', …(2) ] to deeply equal []

- Expected
+ Received

- Array []
+ Array [
+   "OrganizerAddGuestsEmail",
+   "AttendeeAddGuestsEmail",
+   "AttendeeScheduledEmail",
+ ]

 ❯ packages/emails/email-manager.verified.test.ts:95:43
     93| 
     94|     const leaked = h.captured.filter((c) => c.calendarEvent?.additiona…
     95|     expect(leaked.map((c) => c.template)).toEqual([]);
       |                                           ^
     96|   });
     97| });

⎯⎯⎯⎯⎯⎯⎯⎯⎯⎯⎯⎯⎯⎯⎯⎯⎯⎯⎯⎯⎯⎯⎯⎯[1/1]⎯

