
 RUN  v0.34.3 /Users/dsifry/Developer/harnesseval/.cache/verify_repos/cal.com

 ❯ |0| packages/app-store/_utils/oauth/parseRefreshTokenResponse.verified.test.ts  (1 test | 1 failed) 8ms
   ❯ packages/app-store/_utils/oauth/parseRefreshTokenResponse.verified.test.ts > invalid refresh-token responses return a failed parse result instead of throwing (so the !success branch in salesforce/lib/calendarservice.ts is not dead)
     → expected [Function] to not throw an error but 'Error: Invalid refreshed tokens were …' was thrown

 Test Files  1 failed (1)
      Tests  1 failed (1)
   Start at  23:22:51
   Duration  326ms (transform 26ms, setup 16ms, collect 12ms, tests 8ms, environment 0ms, prepare 55ms)

⎯⎯⎯⎯⎯⎯⎯ Failed Tests 1 ⎯⎯⎯⎯⎯⎯⎯

 FAIL  |0| packages/app-store/_utils/oauth/parseRefreshTokenResponse.verified.test.ts > invalid refresh-token responses return a failed parse result instead of throwing (so the !success branch in salesforce/lib/calendarservice.ts is not dead)
AssertionError: expected [Function] to not throw an error but 'Error: Invalid refreshed tokens were …' was thrown

- Expected: 
undefined

+ Received: 
"Error: Invalid refreshed tokens were returned"

 ❯ packages/app-store/_utils/oauth/parseRefreshTokenResponse.verified.test.ts:32:10
     30|       refreshSchema
     31|     );
     32|   }).not.toThrow();
       |          ^
     33| 
     34|   expect(result).toBeDefined();

⎯⎯⎯⎯⎯⎯⎯⎯⎯⎯⎯⎯⎯⎯⎯⎯⎯⎯⎯⎯⎯⎯⎯⎯[1/1]⎯

