
 RUN  v0.34.3 /Users/dsifry/Developer/harnesseval/.cache/verify_repos/cal.com

 ❯ |0| packages/app-store/_utils/oauth/refreshOAuthTokens.verified.test.ts  (1 test | 1 failed) 9ms
   ❯ packages/app-store/_utils/oauth/refreshOAuthTokens.verified.test.ts > refreshOAuthTokens credential sync authentication > authenticates outbound credential-sync requests (e.g. with calcomwebhooksecret)
     → credential-sync request must be authenticated (include calcomwebhooksecret or auth header); current request is unauthenticated and can be used to issue tokens for arbitrary users: expected false to be true // Object.is equality

 Test Files  1 failed (1)
      Tests  1 failed (1)
   Start at  23:15:48
   Duration  311ms (transform 46ms, setup 22ms, collect 22ms, tests 9ms, environment 0ms, prepare 91ms)

⎯⎯⎯⎯⎯⎯⎯ Failed Tests 1 ⎯⎯⎯⎯⎯⎯⎯

 FAIL  |0| packages/app-store/_utils/oauth/refreshOAuthTokens.verified.test.ts > refreshOAuthTokens credential sync authentication > authenticates outbound credential-sync requests (e.g. with calcomwebhooksecret)
AssertionError: credential-sync request must be authenticated (include calcomwebhooksecret or auth header); current request is unauthenticated and can be used to issue tokens for arbitrary users: expected false to be true // Object.is equality

- Expected
+ Received

- true
+ false

 ❯ packages/app-store/_utils/oauth/refreshOAuthTokens.verified.test.ts:54:7
     52|       hasAuthHeader || authInBody,
     53|       "credential-sync request must be authenticated (include calcomwe…
     54|     ).toBe(true);
       |       ^
     55|   });
     56| });

⎯⎯⎯⎯⎯⎯⎯⎯⎯⎯⎯⎯⎯⎯⎯⎯⎯⎯⎯⎯⎯⎯⎯⎯[1/1]⎯

