
 RUN  v0.34.3 /Users/dsifry/Developer/harnesseval/.cache/verify_repos/cal.com

 ❯ |0| packages/app-store/_utils/oauth/parseRefreshTokenResponse.verified.test.ts  (2 tests | 1 failed) 9ms
   ❯ packages/app-store/_utils/oauth/parseRefreshTokenResponse.verified.test.ts > parseRefreshTokenResponse regression evidence > does not throw on Zod safeParse failure; returns the safeParse result so callers can degrade gracefully
     → parseRefreshTokenResponse should degrade gracefully (return safeParse failure) instead of throwing on schema mismatch: expected [Function] to not throw an error but 'Error: Invalid refreshed tokens were …' was thrown

 Test Files  1 failed (1)
      Tests  1 failed | 1 passed (2)
   Start at  13:41:43
   Duration  279ms (transform 26ms, setup 14ms, collect 15ms, tests 9ms, environment 0ms, prepare 54ms)

⎯⎯⎯⎯⎯⎯⎯ Failed Tests 1 ⎯⎯⎯⎯⎯⎯⎯

 FAIL  |0| packages/app-store/_utils/oauth/parseRefreshTokenResponse.verified.test.ts > parseRefreshTokenResponse regression evidence > does not throw on Zod safeParse failure; returns the safeParse result so callers can degrade gracefully
AssertionError: parseRefreshTokenResponse should degrade gracefully (return safeParse failure) instead of throwing on schema mismatch: expected [Function] to not throw an error but 'Error: Invalid refreshed tokens were …' was thrown

- Expected: 
undefined

+ Received: 
"Error: Invalid refreshed tokens were returned"

 ❯ packages/app-store/_utils/oauth/parseRefreshTokenResponse.verified.test.ts:35:13
     33|         () => parseRefreshTokenResponse(malformedProviderResponse, str…
     34|         "parseRefreshTokenResponse should degrade gracefully (return s…
     35|       ).not.toThrow();
       |             ^
     36| 
     37|       // Ensure observable behavior: function returns the Zod safePars…

⎯⎯⎯⎯⎯⎯⎯⎯⎯⎯⎯⎯⎯⎯⎯⎯⎯⎯⎯⎯⎯⎯⎯⎯[1/1]⎯

