
 RUN  v0.34.3 /Users/dsifry/Developer/harnesseval/.cache/verify_repos/cal.com-14740

 ✓ packages/ui/form/MultiEmail.verified.test.tsx  (1 test) 20ms

 Test Files  1 passed (1)
      Tests  1 passed (1)
   Start at  15:11:38
   Duration  499ms (transform 39ms, setup 0ms, collect 89ms, tests 20ms, environment 188ms, prepare 62ms)

stderr | packages/ui/form/MultiEmail.verified.test.tsx > MultiEmail label association > label htmlFor points to an existing control with matching id
Warning: Invalid DOM property `htmlfor`. Did you mean `htmlFor`?
    at label
    at div
    at MultiEmail (/Users/dsifry/Developer/harnesseval/.cache/verify_repos/cal.com-14740/packages/ui/form/MultiEmail.tsx:7:23)
Warning: Unknown event handler property `onClickAddon`. It will be ignored.
    at input
    at EmailField (/Users/dsifry/Developer/harnesseval/.cache/verify_repos/cal.com-14740/packages/ui/form/MultiEmail.verified.test.tsx:11:18)
    at li
    at ul
    at div
    at MultiEmail (/Users/dsifry/Developer/harnesseval/.cache/verify_repos/cal.com-14740/packages/ui/form/MultiEmail.tsx:7:23)
Warning: React does not recognize the `addOnSuffix` prop on a DOM element. If you intentionally want it to appear in the DOM as a custom attribute, spell it as lowercase `addonsuffix` instead. If you accidentally passed it from a parent component, remove it from the DOM element.
    at input
    at EmailField (/Users/dsifry/Developer/harnesseval/.cache/verify_repos/cal.com-14740/packages/ui/form/MultiEmail.verified.test.tsx:11:18)
    at li
    at ul
    at div
    at MultiEmail (/Users/dsifry/Developer/harnesseval/.cache/verify_repos/cal.com-14740/packages/ui/form/MultiEmail.tsx:7:23)
Warning: React does not recognize the `StartIcon` prop on a DOM element. If you intentionally want it to appear in the DOM as a custom attribute, spell it as lowercase `starticon` instead. If you accidentally passed it from a parent component, remove it from the DOM element.
    at button
    at Button (/Users/dsifry/Developer/harnesseval/.cache/verify_repos/cal.com-14740/packages/ui/form/MultiEmail.verified.test.tsx:6:14)
    at div
    at MultiEmail (/Users/dsifry/Developer/harnesseval/.cache/verify_repos/cal.com-14740/packages/ui/form/MultiEmail.tsx:7:23)

