
 RUN  v0.34.3 /Users/dsifry/Developer/harnesseval/.cache/verify_repos/cal.com-14740

 ❯ packages/ui/form/MultiEmail.verified.test.tsx  (1 test | 1 failed) 23ms
   ❯ packages/ui/form/MultiEmail.verified.test.tsx > MultiEmail label association > label htmlFor points to an existing control with matching id
     → Expected label to have an htmlFor attribute: expected null to be truthy

 Test Files  1 failed (1)
      Tests  1 failed (1)
   Start at  15:10:06
   Duration  623ms (transform 41ms, setup 0ms, collect 123ms, tests 23ms, environment 220ms, prepare 67ms)

stderr | packages/ui/form/MultiEmail.verified.test.tsx > MultiEmail label association > label htmlFor points to an existing control with matching id
Warning: Unknown event handler property `onClickAddon`. It will be ignored.
    at input
    at EmailField (/Users/dsifry/Developer/harnesseval/.cache/verify_repos/cal.com-14740/packages/ui/form/MultiEmail.verified.test.tsx:11:18)
    at li
    at ul
    at div
    at MultiEmail (/Users/dsifry/Developer/harnesseval/.cache/verify_repos/cal.com-14740/packages/ui/form/MultiEmail.tsx:7:23)
Warning: React does not recognize the `addOnSuffix` prop on a DOM element. If you intentionally want it to appear in the DOM as a custom attribute, spell it as lowercase `addonsuffix` instead. If you accidentally passed it from a parent component, remove it from the DOM element.
    at input
    at EmailField (/Users/dsifry/Developer/harnesseval/.cache/verify_repos/cal.com-14740/packages/ui/form/MultiEmail.verified.test.tsx:11:18)
    at li
    at ul
    at div
    at MultiEmail (/Users/dsifry/Developer/harnesseval/.cache/verify_repos/cal.com-14740/packages/ui/form/MultiEmail.tsx:7:23)
Warning: React does not recognize the `StartIcon` prop on a DOM element. If you intentionally want it to appear in the DOM as a custom attribute, spell it as lowercase `starticon` instead. If you accidentally passed it from a parent component, remove it from the DOM element.
    at button
    at Button (/Users/dsifry/Developer/harnesseval/.cache/verify_repos/cal.com-14740/packages/ui/form/MultiEmail.verified.test.tsx:6:14)
    at div
    at MultiEmail (/Users/dsifry/Developer/harnesseval/.cache/verify_repos/cal.com-14740/packages/ui/form/MultiEmail.tsx:7:23)

⎯⎯⎯⎯⎯⎯⎯ Failed Tests 1 ⎯⎯⎯⎯⎯⎯⎯

 FAIL  packages/ui/form/MultiEmail.verified.test.tsx > MultiEmail label association > label htmlFor points to an existing control with matching id
AssertionError: Expected label to have an htmlFor attribute: expected null to be truthy

- Expected: 
null

+ Received: 
false

 ❯ packages/ui/form/MultiEmail.verified.test.tsx:34:68
     32| 
     33|     const htmlFor = label!.getAttribute("htmlFor");
     34|     expect(htmlFor, "Expected label to have an htmlFor attribute").toB…
       |                                                                    ^
     35| 
     36|     const control = container.querySelector(`#${htmlFor}`);

⎯⎯⎯⎯⎯⎯⎯⎯⎯⎯⎯⎯⎯⎯⎯⎯⎯⎯⎯⎯⎯⎯⎯⎯[1/1]⎯

