
 RUN  v0.34.3 /Users/dsifry/Developer/harnesseval/.cache/verify_repos/cal.com-10967

 ❯ |0| packages/core/EventManager.verified.test.ts  (1 test | 1 failed) 559ms
   ❯ packages/core/EventManager.verified.test.ts > EventManager externalCalendarId regression > should preserve destination externalId in booking reference when destination has no credentialId
     → Cannot read properties of undefined (reading 'filter')

 Test Files  1 failed (1)
      Tests  1 failed (1)
   Start at  19:06:15
   Duration  745ms (transform 300ms, setup 0ms, collect 12ms, tests 559ms, environment 0ms, prepare 41ms)

⎯⎯⎯⎯⎯⎯⎯ Failed Tests 1 ⎯⎯⎯⎯⎯⎯⎯

 FAIL  |0| packages/core/EventManager.verified.test.ts > EventManager externalCalendarId regression > should preserve destination externalId in booking reference when destination has no credentialId
TypeError: Cannot read properties of undefined (reading 'filter')
 ❯ packages/app-store/utils.ts:53:40
     51| function getApps(credentials: CredentialDataWithTeamName[], filterOnCr…
     52|   const apps = ALL_APPS.reduce((reducedArray, appMeta) => {
     53|     const appCredentials = credentials.filter((credential) => credenti…
       |                                        ^
     54| 
     55|     if (filterOnCredentials && !appCredentials.length && !appMeta.isGl…
 ❯ Module.getApps packages/app-store/utils.ts:52:25
 ❯ new EventManager packages/core/EventManager.ts:79:28
 ❯ packages/core/EventManager.verified.test.ts:63:26

⎯⎯⎯⎯⎯⎯⎯⎯⎯⎯⎯⎯⎯⎯⎯⎯⎯⎯⎯⎯⎯⎯⎯⎯⎯⎯⎯⎯⎯⎯
Serialized Error: { toJSON: 'Function<value>' }
⎯⎯⎯⎯⎯⎯⎯⎯⎯⎯⎯⎯⎯⎯⎯⎯⎯⎯⎯⎯⎯⎯⎯⎯[1/1]⎯

