
 RUN  v0.34.3 /Users/dsifry/Developer/harnesseval/.cache/verify_repos/cal.com-10967

 ❯ |0| packages/trpc/server/routers/viewer/bookings/requestReschedule.handler.verified.test.ts  (1 test | 1 failed) 19ms
   ❯ packages/trpc/server/routers/viewer/bookings/requestReschedule.handler.verified.test.ts > requestReschedule handler destinationCalendar fallback > falls back to user.destinationCalendar when bookingToReschedule.destinationCalendar is null
     → Cannot read properties of undefined (reading 'findFirstOrThrow')

 Test Files  1 failed (1)
      Tests  1 failed (1)
   Start at  19:01:10
   Duration  244ms (transform 26ms, setup 0ms, collect 19ms, tests 19ms, environment 0ms, prepare 37ms)

⎯⎯⎯⎯⎯⎯⎯ Failed Tests 1 ⎯⎯⎯⎯⎯⎯⎯

 FAIL  |0| packages/trpc/server/routers/viewer/bookings/requestReschedule.handler.verified.test.ts > requestReschedule handler destinationCalendar fallback > falls back to user.destinationCalendar when bookingToReschedule.destinationCalendar is null
TypeError: Cannot read properties of undefined (reading 'findFirstOrThrow')
 ❯ requestRescheduleHandler packages/trpc/server/routers/viewer/bookings/requestReschedule.handler.ts:109:36
    107|   let event: Partial<EventType> = {};
    108|   if (bookingToReschedule.eventTypeId) {
    109|     event = await prisma.eventType.findFirstOrThrow({
       |                                    ^
    110|       select: {
    111|         title: true,
 ❯ packages/trpc/server/routers/viewer/bookings/requestReschedule.handler.verified.test.ts:185:5

⎯⎯⎯⎯⎯⎯⎯⎯⎯⎯⎯⎯⎯⎯⎯⎯⎯⎯⎯⎯⎯⎯⎯⎯[1/1]⎯

