
 RUN  v0.34.3 /Users/dsifry/Developer/harnesseval/.cache/verify_repos/cal.com-10967

 ❯ |0| packages/trpc/server/routers/viewer/bookings/requestReschedule.handler.verified.test.ts  (1 test | 1 failed) 20ms
   ❯ packages/trpc/server/routers/viewer/bookings/requestReschedule.handler.verified.test.ts > requestReschedule handler destinationCalendar fallback > falls back to user.destinationCalendar when bookingToReschedule.destinationCalendar is null
     → Cannot read properties of undefined (reading 'findUniqueOrThrow')

 Test Files  1 failed (1)
      Tests  1 failed (1)
   Start at  18:55:52
   Duration  218ms (transform 33ms, setup 0ms, collect 19ms, tests 20ms, environment 0ms, prepare 46ms)

⎯⎯⎯⎯⎯⎯⎯ Failed Tests 1 ⎯⎯⎯⎯⎯⎯⎯

 FAIL  |0| packages/trpc/server/routers/viewer/bookings/requestReschedule.handler.verified.test.ts > requestReschedule handler destinationCalendar fallback > falls back to user.destinationCalendar when bookingToReschedule.destinationCalendar is null
TypeError: Cannot read properties of undefined (reading 'findUniqueOrThrow')
 ❯ requestRescheduleHandler packages/trpc/server/routers/viewer/bookings/requestReschedule.handler.ts:86:39
     84|   const bookingBelongsToTeam = !!bookingToReschedule.eventType?.teamId;
     85| 
     86|   const userTeams = await prisma.user.findUniqueOrThrow({
       |                                       ^
     87|     where: {
     88|       id: user.id,
 ❯ packages/trpc/server/routers/viewer/bookings/requestReschedule.handler.verified.test.ts:185:5

⎯⎯⎯⎯⎯⎯⎯⎯⎯⎯⎯⎯⎯⎯⎯⎯⎯⎯⎯⎯⎯⎯⎯⎯[1/1]⎯

