
 RUN  v0.34.3 /Users/dsifry/Developer/harnesseval/.cache/verify_repos/cal.com-10967

 ❯ |0| packages/core/EventManager.verified.test.ts  (1 test | 1 failed) 46ms
   ❯ packages/core/EventManager.verified.test.ts > EventManager collective destination credential regression > does not silently skip a co-host calendar when their destination credential cannot be resolved
     → Cannot read properties of undefined (reading 'flatMap')

 Test Files  1 failed (1)
      Tests  1 failed (1)
   Start at  18:53:14
   Duration  259ms (transform 42ms, setup 0ms, collect 18ms, tests 46ms, environment 0ms, prepare 38ms)

⎯⎯⎯⎯⎯⎯⎯ Failed Tests 1 ⎯⎯⎯⎯⎯⎯⎯

 FAIL  |0| packages/core/EventManager.verified.test.ts > EventManager collective destination credential regression > does not silently skip a co-host calendar when their destination credential cannot be resolved
TypeError: Cannot read properties of undefined (reading 'flatMap')
 ❯ new EventManager packages/core/EventManager.ts:79:58
     77|    */
     78|   constructor(user: EventManagerUser) {
     79|     const appCredentials = getApps(user.credentials, true).flatMap((ap…
       |                                                          ^
     80|       app.credentials.map((creds) => ({ ...creds, appName: app.name }))
     81|     );
 ❯ packages/core/EventManager.verified.test.ts:90:16

⎯⎯⎯⎯⎯⎯⎯⎯⎯⎯⎯⎯⎯⎯⎯⎯⎯⎯⎯⎯⎯⎯⎯⎯[1/1]⎯

