
 RUN  v0.34.3 /Users/dsifry/Developer/harnesseval/.cache/verify_repos/cal.com-14740

 ❯ |@calcom/core| packages/trpc/server/routers/viewer/bookings/addGuests.handler.verified.test.ts  (1 test | 1 failed) 7ms
   ❯ packages/trpc/server/routers/viewer/bookings/addGuests.handler.verified.test.ts > addGuestsHandler > persists newly added guests with a non-empty name so greetings/ICS CN are not blank
     → addGuests must persist a non-empty attendee name; empty name causes blank email greetings and ICS CN="": expected '' not to be '' // Object.is equality

 Test Files  1 failed (1)
      Tests  1 failed (1)
   Start at  14:34:11
   Duration  405ms (transform 46ms, setup 88ms, collect 58ms, tests 7ms, environment 0ms, prepare 59ms)

(node:5808) MaxListenersExceededWarning: Possible EventEmitter memory leak detected. 11 SIGTERM listeners added to [process]. MaxListeners is 10. Use emitter.setMaxListeners() to increase limit
(Use `node --trace-warnings ...` to show where the warning was created)
(node:5808) MaxListenersExceededWarning: Possible EventEmitter memory leak detected. 11 end listeners added to [ReadStream]. MaxListeners is 10. Use emitter.setMaxListeners() to increase limit
⎯⎯⎯⎯⎯⎯⎯ Failed Tests 1 ⎯⎯⎯⎯⎯⎯⎯

 FAIL  |@calcom/core| packages/trpc/server/routers/viewer/bookings/addGuests.handler.verified.test.ts > addGuestsHandler > persists newly added guests with a non-empty name so greetings/ICS CN are not blank
AssertionError: addGuests must persist a non-empty attendee name; empty name causes blank email greetings and ICS CN="": expected '' not to be '' // Object.is equality
 ❯ packages/trpc/server/routers/viewer/bookings/addGuests.handler.verified.test.ts:121:11
    119|       createdGuests[0].name,
    120|       "addGuests must persist a non-empty attendee name; empty name ca…
    121|     ).not.toBe("");
       |           ^
    122|     expect(
    123|       createdGuests[0].name,

⎯⎯⎯⎯⎯⎯⎯⎯⎯⎯⎯⎯⎯⎯⎯⎯⎯⎯⎯⎯⎯⎯⎯⎯[1/1]⎯

