
 RUN  v0.34.3 /Users/dsifry/Developer/harnesseval/.cache/verify_repos/cal.com-14740

 ❯ |@calcom/core| packages/trpc/server/routers/viewer/bookings/addGuests.handler.verified.test.ts  (1 test | 1 failed) 6ms
   ❯ packages/trpc/server/routers/viewer/bookings/addGuests.handler.verified.test.ts > addGuests handler authorization scoping > should not load a booking from another tenant before authorization (must return NOT_FOUND)
     → expected [Function] to throw error including 'booking_not_found' but got 'you_do_not_have_permission'

 Test Files  1 failed (1)
      Tests  1 failed (1)
   Start at  15:07:59
   Duration  601ms (transform 56ms, setup 90ms, collect 72ms, tests 6ms, environment 0ms, prepare 69ms)

(node:51277) MaxListenersExceededWarning: Possible EventEmitter memory leak detected. 11 SIGTERM listeners added to [process]. MaxListeners is 10. Use emitter.setMaxListeners() to increase limit
(Use `node --trace-warnings ...` to show where the warning was created)
(node:51277) MaxListenersExceededWarning: Possible EventEmitter memory leak detected. 11 end listeners added to [ReadStream]. MaxListeners is 10. Use emitter.setMaxListeners() to increase limit
⎯⎯⎯⎯⎯⎯⎯ Failed Tests 1 ⎯⎯⎯⎯⎯⎯⎯

 FAIL  |@calcom/core| packages/trpc/server/routers/viewer/bookings/addGuests.handler.verified.test.ts > addGuests handler authorization scoping > should not load a booking from another tenant before authorization (must return NOT_FOUND)
AssertionError: expected [Function] to throw error including 'booking_not_found' but got 'you_do_not_have_permission'

- Expected
+ Received

- booking_not_found
+ you_do_not_have_permission

 ❯ packages/trpc/server/routers/viewer/bookings/addGuests.handler.verified.test.ts:106:5
    104|     const user = REQUESTER_USER as any;
    105| 
    106|     await expect(
       |     ^
    107|       addGuestsHandler({
    108|         ctx: { user },

⎯⎯⎯⎯⎯⎯⎯⎯⎯⎯⎯⎯⎯⎯⎯⎯⎯⎯⎯⎯⎯⎯⎯⎯[1/1]⎯

