
 RUN  v0.34.3 /Users/dsifry/Developer/harnesseval/.cache/verify_repos/cal.com-10967

 ❯ |0| packages/features/bookings/lib/handleNewBooking.verified.test.ts  (1 test | 1 failed) 469ms
   ❯ packages/features/bookings/lib/handleNewBooking.verified.test.ts > handleNewBooking dynamic group booking loadUsers > selects organization.slug for dynamic users so org-aware booker URLs are built for organization users
     → [vitest] No "DailyLocationType" export is defined on the "@calcom/app-store/locations" mock. Did you forget to return it from "vi.mock"?
If you need to partially mock a module, you can use "vi.importActual" inside:

vi.mock("@calcom/app-store/locations", async () => {
  const actual = await vi.importActual("@calcom/app-store/locations")
  return {
    ...actual,
    // your mocked methods
  },
})


 Test Files  1 failed (1)
      Tests  1 failed (1)
   Start at  19:18:51
   Duration  710ms (transform 206ms, setup 0ms, collect 17ms, tests 469ms, environment 0ms, prepare 49ms)

⎯⎯⎯⎯⎯⎯⎯ Failed Tests 1 ⎯⎯⎯⎯⎯⎯⎯

 FAIL  |0| packages/features/bookings/lib/handleNewBooking.verified.test.ts > handleNewBooking dynamic group booking loadUsers > selects organization.slug for dynamic users so org-aware booker URLs are built for organization users
Error: [vitest] No "DailyLocationType" export is defined on the "@calcom/app-store/locations" mock. Did you forget to return it from "vi.mock"?
If you need to partially mock a module, you can use "vi.importActual" inside:

vi.mock("@calcom/app-store/locations", async () => {
  const actual = await vi.importActual("@calcom/app-store/locations")
  return {
    ...actual,
    // your mocked methods
  },
})

 ❯ packages/lib/defaultEvents.ts:67:23
     65|   slotInterval: null,
     66|   offsetStart: 0,
     67|   locations: [{ type: DailyLocationType }],
       |                       ^
     68|   customInputs,
     69|   disableGuests: true,
 ❯ packages/features/bookings/lib/handleNewBooking.ts:30:32

⎯⎯⎯⎯⎯⎯⎯⎯⎯⎯⎯⎯⎯⎯⎯⎯⎯⎯⎯⎯⎯⎯⎯⎯⎯⎯⎯⎯⎯⎯
Serialized Error: { toJSON: 'Function<value>' }
⎯⎯⎯⎯⎯⎯⎯⎯⎯⎯⎯⎯⎯⎯⎯⎯⎯⎯⎯⎯⎯⎯⎯⎯[1/1]⎯

