
 RUN  v0.34.3 /Users/dsifry/Developer/harnesseval/.cache/verify_repos/cal.com-14740

stdout | packages/trpc/server/routers/viewer/bookings/addGuests.handler.verified.test.ts > addGuestsHandler — email delivery failure handling > propagates email send failure instead of silently returning success
Error sending AddGuestsEmails

 ❯ |@calcom/core| packages/trpc/server/routers/viewer/bookings/addGuests.handler.verified.test.ts  (1 test | 1 failed) 15ms
   ❯ packages/trpc/server/routers/viewer/bookings/addGuests.handler.verified.test.ts > addGuestsHandler — email delivery failure handling > propagates email send failure instead of silently returning success
     → promise resolved "[object Object]" instead of rejecting

 Test Files  1 failed (1)
      Tests  1 failed (1)
   Start at  14:32:31
   Duration  346ms (transform 37ms, setup 48ms, collect 27ms, tests 15ms, environment 0ms, prepare 52ms)

(node:93894) MaxListenersExceededWarning: Possible EventEmitter memory leak detected. 11 SIGTERM listeners added to [process]. MaxListeners is 10. Use emitter.setMaxListeners() to increase limit
(Use `node --trace-warnings ...` to show where the warning was created)
(node:93894) MaxListenersExceededWarning: Possible EventEmitter memory leak detected. 11 end listeners added to [ReadStream]. MaxListeners is 10. Use emitter.setMaxListeners() to increase limit
⎯⎯⎯⎯⎯⎯⎯ Failed Tests 1 ⎯⎯⎯⎯⎯⎯⎯

 FAIL  |@calcom/core| packages/trpc/server/routers/viewer/bookings/addGuests.handler.verified.test.ts > addGuestsHandler — email delivery failure handling > propagates email send failure instead of silently returning success
Error: promise resolved "[object Object]" instead of rejecting
 ❯ packages/trpc/server/routers/viewer/bookings/addGuests.handler.verified.test.ts:80:5
     78|     const { addGuestsHandler } = await import("./addGuests.handler");
     79| 
     80|     await expect(
       |     ^
     81|       addGuestsHandler({
     82|         ctx: {

⎯⎯⎯⎯⎯⎯⎯⎯⎯⎯⎯⎯⎯⎯⎯⎯⎯⎯⎯⎯⎯⎯⎯⎯[1/1]⎯

