
 RUN  v0.34.3 /Users/dsifry/Developer/harnesseval/.cache/verify_repos/cal.com-14740

 ❯ |@calcom/core| packages/trpc/server/routers/viewer/bookings/addGuests.handler.verified.test.ts  (1 test | 1 failed) 11ms
   ❯ packages/trpc/server/routers/viewer/bookings/addGuests.handler.verified.test.ts > addGuestsHandler — attendee authorization on cancelled booking > forbids a non-organizer attendee from adding guests to a cancelled booking
     → promise resolved "[object Object]" instead of rejecting

 Test Files  1 failed (1)
      Tests  1 failed (1)
   Start at  00:55:58
   Duration  1.78s (transform 169ms, setup 620ms, collect 252ms, tests 11ms, environment 0ms, prepare 78ms)

(node:79620) MaxListenersExceededWarning: Possible EventEmitter memory leak detected. 11 SIGTERM listeners added to [process]. MaxListeners is 10. Use emitter.setMaxListeners() to increase limit
(Use `node --trace-warnings ...` to show where the warning was created)
(node:79620) MaxListenersExceededWarning: Possible EventEmitter memory leak detected. 11 end listeners added to [ReadStream]. MaxListeners is 10. Use emitter.setMaxListeners() to increase limit
⎯⎯⎯⎯⎯⎯⎯ Failed Tests 1 ⎯⎯⎯⎯⎯⎯⎯

 FAIL  |@calcom/core| packages/trpc/server/routers/viewer/bookings/addGuests.handler.verified.test.ts > addGuestsHandler — attendee authorization on cancelled booking > forbids a non-organizer attendee from adding guests to a cancelled booking
Error: promise resolved "[object Object]" instead of rejecting
 ❯ packages/trpc/server/routers/viewer/bookings/addGuests.handler.verified.test.ts:96:5
     94| describe("addGuestsHandler — attendee authorization on cancelled booki…
     95|   it("forbids a non-organizer attendee from adding guests to a cancell…
     96|     await expect(
       |     ^
     97|       addGuestsHandler({
     98|         ctx: { user: attendeeUser as any },

⎯⎯⎯⎯⎯⎯⎯⎯⎯⎯⎯⎯⎯⎯⎯⎯⎯⎯⎯⎯⎯⎯⎯⎯[1/1]⎯

