
 RUN  v0.34.3 /Users/dsifry/Developer/harnesseval/.cache/verify_repos/cal.com-10967

 ❯ |0| packages/core/EventManager.verified.test.ts  (1 test | 1 failed) 3ms
   ❯ packages/core/EventManager.verified.test.ts > EventManager.updateAllCalendarEvents — missing credential handling > does not update a calendar reference whose credential cannot be resolved (no stale or undefined credential reuse)
     → default(...).flatMap is not a function

 Test Files  1 failed (1)
      Tests  1 failed (1)
   Start at  19:24:34
   Duration  291ms (transform 50ms, setup 0ms, collect 77ms, tests 3ms, environment 0ms, prepare 47ms)

⎯⎯⎯⎯⎯⎯⎯ Failed Tests 1 ⎯⎯⎯⎯⎯⎯⎯

 FAIL  |0| packages/core/EventManager.verified.test.ts > EventManager.updateAllCalendarEvents — missing credential handling > does not update a calendar reference whose credential cannot be resolved (no stale or undefined credential reuse)
TypeError: default(...).flatMap is not a function
 ❯ new EventManager packages/core/EventManager.ts:79:60
     77|    */
     78|   constructor(user: EventManagerUser) {
     79|     const appCredentials = getApps(user.credentials, true).flatMap((ap…
       |                                                            ^
     80|       app.credentials.map((creds) => ({ ...creds, appName: app.name }))
     81|     );
 ❯ packages/core/EventManager.verified.test.ts:101:26

⎯⎯⎯⎯⎯⎯⎯⎯⎯⎯⎯⎯⎯⎯⎯⎯⎯⎯⎯⎯⎯⎯⎯⎯[1/1]⎯

