
 RUN  v0.34.3 /Users/dsifry/Developer/harnesseval/.cache/verify_repos/cal.com-10967

 ❯ |0| packages/core/EventManager.verified.test.ts  (0 test)

 Test Files  1 failed (1)
      Tests  no tests
   Start at  19:21:59
   Duration  354ms (transform 88ms, setup 0ms, collect 0ms, tests 0ms, environment 0ms, prepare 42ms)

⎯⎯⎯⎯⎯⎯ Failed Suites 1 ⎯⎯⎯⎯⎯⎯⎯

 FAIL  |0| packages/core/EventManager.verified.test.ts [ packages/core/EventManager.verified.test.ts ]
Error: [vitest] No "appDataSchema" export is defined on the "@calcom/app-store/dailyvideo/zod" mock. Did you forget to return it from "vi.mock"?
If you need to partially mock a module, you can use "vi.importActual" inside:

vi.mock("@calcom/app-store/dailyvideo/zod", async () => {
  const actual = await vi.importActual("@calcom/app-store/dailyvideo/zod")
  return {
    ...actual,
    // your mocked methods
  },
})

 ❯ packages/app-store/apps.schemas.generated.ts:37:15
     35| export const appDataSchemas = {
     36|   basecamp3: basecamp3_zod_ts,
     37|   dailyvideo: dailyvideo_zod_ts,
       |               ^
     38|   fathom: fathom_zod_ts,
     39|   ga4: ga4_zod_ts,
 ❯ packages/prisma/zod-utils.ts:2:31

⎯⎯⎯⎯⎯⎯⎯⎯⎯⎯⎯⎯⎯⎯⎯⎯⎯⎯⎯⎯⎯⎯⎯⎯[1/1]⎯

