
 RUN  v0.34.3 /Users/dsifry/Developer/harnesseval/.cache/verify_repos/cal.com

 ❯ |0| apps/web/pages/api/webhook/app-credential.verified.test.ts  (1 test | 1 failed) 18ms
   ❯ apps/web/pages/api/webhook/app-credential.verified.test.ts > apps/web/pages/api/webhook/app-credential.ts > Webhook credential sync updates key but does not clear previously set invalid flag
     → expected "spy" to be called with arguments: [ ObjectContaining{ …(3) } ]

Received: 

  1st spy call:

  Array [
-   ObjectContaining {
+   Object {
      "data": Object {
-       "invalid": false,
        "key": Object {
          "apiKey": "new-valid-key",
        },
      },
      "where": Object {
        "id": 999,
      },
    },
  ]


Number of calls: 1


 Test Files  1 failed (1)
      Tests  1 failed (1)
   Start at  13:41:06
   Duration  349ms (transform 25ms, setup 12ms, collect 14ms, tests 18ms, environment 0ms, prepare 48ms)

⎯⎯⎯⎯⎯⎯⎯ Failed Tests 1 ⎯⎯⎯⎯⎯⎯⎯

 FAIL  |0| apps/web/pages/api/webhook/app-credential.verified.test.ts > apps/web/pages/api/webhook/app-credential.ts > Webhook credential sync updates key but does not clear previously set invalid flag
AssertionError: expected "spy" to be called with arguments: [ ObjectContaining{ …(3) } ]

Received: 

  1st spy call:

  Array [
-   ObjectContaining {
+   Object {
      "data": Object {
-       "invalid": false,
        "key": Object {
          "apiKey": "new-valid-key",
        },
      },
      "where": Object {
        "id": 999,
      },
    },
  ]


Number of calls: 1

 ❯ apps/web/pages/api/webhook/app-credential.verified.test.ts:88:42
     86| 
     87|     // Claimed behavior: when updating an existing credential, the han…
     88|     expect(prismaMock.credential.update).toHaveBeenCalledWith(
       |                                          ^
     89|       expect.objectContaining({
     90|         where: { id: 999 },

⎯⎯⎯⎯⎯⎯⎯⎯⎯⎯⎯⎯⎯⎯⎯⎯⎯⎯⎯⎯⎯⎯⎯⎯[1/1]⎯

