
 RUN  v0.34.3 /Users/dsifry/Developer/harnesseval/.cache/verify_repos/cal.com

 ❯ |0| apps/web/pages/api/webhook/app-credential.verified.test.ts  (1 test | 1 failed) 13ms
   ❯ apps/web/pages/api/webhook/app-credential.verified.test.ts > app-credential webhook > accepts a valid secret when CALCOM_WEBHOOK_HEADER_NAME contains uppercase letters
     → expected "spy" to not be called with arguments: [ 403 ]

Received: 

  1st spy call:

Compared values have no visual difference.


Number of calls: 1


 Test Files  1 failed (1)
      Tests  1 failed (1)
   Start at  01:02:18
   Duration  257ms (transform 21ms, setup 14ms, collect 10ms, tests 13ms, environment 0ms, prepare 49ms)

⎯⎯⎯⎯⎯⎯⎯ Failed Tests 1 ⎯⎯⎯⎯⎯⎯⎯

 FAIL  |0| apps/web/pages/api/webhook/app-credential.verified.test.ts > app-credential webhook > accepts a valid secret when CALCOM_WEBHOOK_HEADER_NAME contains uppercase letters
AssertionError: expected "spy" to not be called with arguments: [ 403 ]

Received: 

  1st spy call:

Compared values have no visual difference.


Number of calls: 1

 ❯ apps/web/pages/api/webhook/app-credential.verified.test.ts:67:28
     65|     await handler(req, res);
     66| 
     67|     expect(res.status).not.toHaveBeenCalledWith(403);
       |                            ^
     68|     expect(res.status).toHaveBeenCalledWith(200);
     69|     expect(res.json).toHaveBeenCalledWith({ message: "Credentials crea…

⎯⎯⎯⎯⎯⎯⎯⎯⎯⎯⎯⎯⎯⎯⎯⎯⎯⎯⎯⎯⎯⎯⎯⎯[1/1]⎯

