
 RUN  v0.34.3 /Users/dsifry/Developer/harnesseval/.cache/verify_repos/cal.com-14740

 ❯ |@calcom/core| packages/trpc/server/routers/viewer/bookings/addGuests.handler.verified.test.ts  (1 test | 1 failed) 20ms
   ❯ packages/trpc/server/routers/viewer/bookings/addGuests.handler.verified.test.ts > addGuestsHandler — concurrent add-guests lost update > must not let a later calendar write drop guests committed by a concurrent add-guests request
     → expected [ 'existing@x.com', 'b@x.com' ] to deeply equal ArrayContaining{ …(3) }

 Test Files  1 failed (1)
      Tests  1 failed (1)
   Start at  15:15:52
   Duration  371ms (transform 29ms, setup 74ms, collect 16ms, tests 20ms, environment 0ms, prepare 60ms)

(node:90275) MaxListenersExceededWarning: Possible EventEmitter memory leak detected. 11 SIGTERM listeners added to [process]. MaxListeners is 10. Use emitter.setMaxListeners() to increase limit
(Use `node --trace-warnings ...` to show where the warning was created)
(node:90275) MaxListenersExceededWarning: Possible EventEmitter memory leak detected. 11 end listeners added to [ReadStream]. MaxListeners is 10. Use emitter.setMaxListeners() to increase limit
⎯⎯⎯⎯⎯⎯⎯ Failed Tests 1 ⎯⎯⎯⎯⎯⎯⎯

 FAIL  |@calcom/core| packages/trpc/server/routers/viewer/bookings/addGuests.handler.verified.test.ts > addGuestsHandler — concurrent add-guests lost update > must not let a later calendar write drop guests committed by a concurrent add-guests request
AssertionError: expected [ 'existing@x.com', 'b@x.com' ] to deeply equal ArrayContaining{ …(3) }

- Expected
+ Received

- ArrayContaining [
+ Array [
    "existing@x.com",
-   "a@x.com",
    "b@x.com",
  ]

 ❯ packages/trpc/server/routers/viewer/bookings/addGuests.handler.verified.test.ts:149:31
    147|       mockState.state.calendarUpdates[mockState.state.calendarUpdates.…
    148| 
    149|     expect(lastCalendarWrite).toEqual(
       |                               ^
    150|       expect.arrayContaining(["existing@x.com", "a@x.com", "b@x.com"])
    151|     );

⎯⎯⎯⎯⎯⎯⎯⎯⎯⎯⎯⎯⎯⎯⎯⎯⎯⎯⎯⎯⎯⎯⎯⎯[1/1]⎯

