
 RUN  v0.34.3 /Users/dsifry/Developer/harnesseval/.cache/verify_repos/cal.com

 ❯ |0| apps/web/pages/api/webhook/app-credential.verified.test.ts  (1 test | 1 failed) 27ms
   ❯ apps/web/pages/api/webhook/app-credential.verified.test.ts > rejects non-POST requests with 405 Method Not Allowed
     → expected "spy" to be called with arguments: [ 405 ]

Received: 

  1st spy call:

  Array [
-   405,
+   200,
  ]


Number of calls: 1


 Test Files  1 failed (1)
      Tests  1 failed (1)
   Start at  18:04:56
   Duration  515ms (transform 43ms, setup 24ms, collect 24ms, tests 27ms, environment 0ms, prepare 67ms)

⎯⎯⎯⎯⎯⎯⎯ Failed Tests 1 ⎯⎯⎯⎯⎯⎯⎯

 FAIL  |0| apps/web/pages/api/webhook/app-credential.verified.test.ts > rejects non-POST requests with 405 Method Not Allowed
AssertionError: expected "spy" to be called with arguments: [ 405 ]

Received: 

  1st spy call:

  Array [
-   405,
+   200,
  ]


Number of calls: 1

 ❯ apps/web/pages/api/webhook/app-credential.verified.test.ts:76:22
     74|   await handler(req, res);
     75| 
     76|   expect(res.status).toHaveBeenCalledWith(405);
       |                      ^
     77| });
     78| 

⎯⎯⎯⎯⎯⎯⎯⎯⎯⎯⎯⎯⎯⎯⎯⎯⎯⎯⎯⎯⎯⎯⎯⎯[1/1]⎯

