
 RUN  v0.34.3 /Users/dsifry/Developer/harnesseval/.cache/verify_repos/cal.com-10967

 ❯ |0| packages/types/Calendar.d.verified.test.ts  (2 tests | 1 failed) 8ms
   ❯ packages/types/Calendar.d.verified.test.ts > CalendarEvent.destinationCalendar shape (webhook backward compatibility) > declares destinationCalendar as a single DestinationCalendar object or null, not an array
     → expected 'DestinationCalendar[] | null' to be 'DestinationCalendar | null' // Object.is equality

 Test Files  1 failed (1)
      Tests  1 failed | 1 passed (2)
   Start at  15:33:41
   Duration  538ms (transform 22ms, setup 0ms, collect 30ms, tests 8ms, environment 0ms, prepare 85ms)

⎯⎯⎯⎯⎯⎯⎯ Failed Tests 1 ⎯⎯⎯⎯⎯⎯⎯

 FAIL  |0| packages/types/Calendar.d.verified.test.ts > CalendarEvent.destinationCalendar shape (webhook backward compatibility) > declares destinationCalendar as a single DestinationCalendar object or null, not an array
AssertionError: expected 'DestinationCalendar[] | null' to be 'DestinationCalendar | null' // Object.is equality

- Expected
+ Received

- DestinationCalendar | null
+ DestinationCalendar[] | null

 ❯ packages/types/Calendar.d.verified.test.ts:14:30
     12|     const match = source.match(/destinationCalendar\?:\s*([^;]+);/);
     13|     expect(match, "destinationCalendar must be declared in Calendar.d.…
     14|     expect(match![1].trim()).toBe("DestinationCalendar | null");
       |                              ^
     15|   });
     16| 

⎯⎯⎯⎯⎯⎯⎯⎯⎯⎯⎯⎯⎯⎯⎯⎯⎯⎯⎯⎯⎯⎯⎯⎯[1/1]⎯

