
 RUN  v0.34.3 /Users/dsifry/Developer/harnesseval/.cache/verify_repos/cal.com-10967

 ❯ |0| packages/core/EventManager.verified.test.ts  (1 test | 1 failed) 57ms
   ❯ packages/core/EventManager.verified.test.ts > EventManager – reschedule with partial host calendar failure > throws so the DB reschedule can be rolled back when a host calendar update fails
     → default(...).flatMap is not a function

 Test Files  1 failed (1)
      Tests  1 failed (1)
   Start at  19:59:45
   Duration  248ms (transform 57ms, setup 0ms, collect 15ms, tests 57ms, environment 0ms, prepare 54ms)

⎯⎯⎯⎯⎯⎯⎯ Failed Tests 1 ⎯⎯⎯⎯⎯⎯⎯

 FAIL  |0| packages/core/EventManager.verified.test.ts > EventManager – reschedule with partial host calendar failure > throws so the DB reschedule can be rolled back when a host calendar update fails
TypeError: default(...).flatMap is not a function
 ❯ new EventManager packages/core/EventManager.ts:79:60
     77|    */
     78|   constructor(user: EventManagerUser) {
     79|     const appCredentials = getApps(user.credentials, true).flatMap((ap…
       |                                                            ^
     80|       app.credentials.map((creds) => ({ ...creds, appName: app.name }))
     81|     );
 ❯ packages/core/EventManager.verified.test.ts:98:21

⎯⎯⎯⎯⎯⎯⎯⎯⎯⎯⎯⎯⎯⎯⎯⎯⎯⎯⎯⎯⎯⎯⎯⎯[1/1]⎯

