
 RUN  v0.34.3 /Users/dsifry/Developer/harnesseval/.cache/verify_repos/cal.com-10967

 ❯ |0| packages/features/bookings/lib/handleCancelBooking.verified.test.ts  (1 test | 1 failed) 184ms
   ❯ packages/features/bookings/lib/handleCancelBooking.verified.test.ts > handleCancelBooking — recurring collective cancellation > deletes each recurring event exactly once, not once per calendar reference
     → expected +0 to be 4 // Object.is equality

 Test Files  1 failed (1)
      Tests  1 failed (1)
   Start at  18:35:57
   Duration  472ms (transform 166ms, setup 0ms, collect 39ms, tests 184ms, environment 0ms, prepare 67ms)

⎯⎯⎯⎯⎯⎯⎯ Failed Tests 1 ⎯⎯⎯⎯⎯⎯⎯

 FAIL  |0| packages/features/bookings/lib/handleCancelBooking.verified.test.ts > handleCancelBooking — recurring collective cancellation > deletes each recurring event exactly once, not once per calendar reference
AssertionError: expected +0 to be 4 // Object.is equality

- Expected
+ Received

- 4
+ 0

 ❯ packages/features/bookings/lib/handleCancelBooking.verified.test.ts:207:47
    205|     // The recurring branch must not re-run the whole sweep once per c…
    206|     // reference on bookingToDelete, which would yield 8 calls.
    207|     expect(deleteEventMock.mock.calls.length).toBe(4);
       |                                               ^
    208|   });
    209| });

⎯⎯⎯⎯⎯⎯⎯⎯⎯⎯⎯⎯⎯⎯⎯⎯⎯⎯⎯⎯⎯⎯⎯⎯[1/1]⎯

