
 RUN  v0.34.3 /Users/dsifry/Developer/harnesseval/.cache/verify_repos/cal.com-10967

 ❯ |0| packages/features/bookings/lib/handleCancelBooking.verified.test.ts  (1 test | 1 failed) 40ms
   ❯ packages/features/bookings/lib/handleCancelBooking.verified.test.ts > handleCancelBooking - recurring event deletion > should delete all calendar references for each updated booking, not just the first
     → expected "spy" to be called with arguments: [ 'upd1-ref2', Anything{ …(3) }, …(1) ]

Received: 

  1st spy call:

  Array [
-   "upd1-ref2",
-   Anything,
-   Anything,
+   "upd1-ref1",
+   Object {
+     "attendees": Array [],
+     "cancellationReason": "User requested",
+     "customInputs": undefined,
+     "description": "Test Description",
+     "destinationCalendar": Array [],
+     "endTime": "2024-01-01T00:00:00Z",
+     "location": "integrations:google:meet",
+     "organizer": Object {
+       "email": "user@example.com",
+       "language": Object {
+         "locale": "en",
+         "translate": [Function anonymous],
+       },
+       "name": "Test User",
+       "timeFormat": "h:mm A",
+       "timeZone": undefined,
+     },
+     "recurringEvent": true,
+     "seatsPerTimeSlot": undefined,
+     "seatsShowAttendees": undefined,
+     "startTime": "2024-01-01T00:00:00Z",
+     "team": Object {
+       "members": Array [],
+       "name": "",
+     },
+     "title": "Test Booking",
+     "type": "Test Event",
+     "uid": "main-uid",
+   },
+   "upd1-cal1",
  ]

  2nd spy call:

  Array [
-   "upd1-ref2",
-   Anything,
-   Anything,
+   "upd2-ref1",
+   Object {
+     "attendees": Array [],
+     "cancellationReason": "User requested",
+     "customInputs": undefined,
+     "description": "Test Description",
+     "destinationCalendar": Array [],
+     "endTime": "2024-01-01T00:00:00Z",
+     "location": "integrations:google:meet",
+     "organizer": Object {
+       "email": "user@example.com",
+       "language": Object {
+         "locale": "en",
+         "translate": [Function anonymous],
+       },
+       "name": "Test User",
+       "timeFormat": "h:mm A",
+       "timeZone": undefined,
+     },
+     "recurringEvent": true,
+     "seatsPerTimeSlot": undefined,
+     "seatsShowAttendees": undefined,
+     "startTime": "2024-01-01T00:00:00Z",
+     "team": Object {
+       "members": Array [],
+       "name": "",
+     },
+     "title": "Test Booking",
+     "type": "Test Event",
+     "uid": "main-uid",
+   },
+   "upd2-cal1",
  ]

  3rd spy call:

  Array [
-   "upd1-ref2",
-   Anything,
-   Anything,
+   "upd1-ref1",
+   Object {
+     "attendees": Array [],
+     "cancellationReason": "User requested",
+     "customInputs": undefined,
+     "description": "Test Description",
+     "destinationCalendar": Array [],
+     "endTime": "2024-01-01T00:00:00Z",
+     "location": "integrations:google:meet",
+     "organizer": Object {
+       "email": "user@example.com",
+       "language": Object {
+         "locale": "en",
+         "translate": [Function anonymous],
+       },
+       "name": "Test User",
+       "timeFormat": "h:mm A",
+       "timeZone": undefined,
+     },
+     "recurringEvent": true,
+     "seatsPerTimeSlot": undefined,
+     "seatsShowAttendees": undefined,
+     "startTime": "2024-01-01T00:00:00Z",
+     "team": Object {
+       "members": Array [],
+       "name": "",
+     },
+     "title": "Test Booking",
+     "type": "Test Event",
+     "uid": "main-uid",
+   },
+   "upd1-cal1",
  ]

  4th spy call:

  Array [
-   "upd1-ref2",
-   Anything,
-   Anything,
+   "upd2-ref1",
+   Object {
+     "attendees": Array [],
+     "cancellationReason": "User requested",
+     "customInputs": undefined,
+     "description": "Test Description",
+     "destinationCalendar": Array [],
+     "endTime": "2024-01-01T00:00:00Z",
+     "location": "integrations:google:meet",
+     "organizer": Object {
+       "email": "user@example.com",
+       "language": Object {
+         "locale": "en",
+         "translate": [Function anonymous],
+       },
+       "name": "Test User",
+       "timeFormat": "h:mm A",
+       "timeZone": undefined,
+     },
+     "recurringEvent": true,
+     "seatsPerTimeSlot": undefined,
+     "seatsShowAttendees": undefined,
+     "startTime": "2024-01-01T00:00:00Z",
+     "team": Object {
+       "members": Array [],
+       "name": "",
+     },
+     "title": "Test Booking",
+     "type": "Test Event",
+     "uid": "main-uid",
+   },
+   "upd2-cal1",
  ]


Number of calls: 4


⎯⎯⎯⎯⎯⎯⎯ Failed Tests 1 ⎯⎯⎯⎯⎯⎯⎯

 FAIL  |0| packages/features/bookings/lib/handleCancelBooking.verified.test.ts > handleCancelBooking - recurring event deletion > should delete all calendar references for each updated booking, not just the first
AssertionError: expected "spy" to be called with arguments: [ 'upd1-ref2', Anything{ …(3) }, …(1) ]

Received: 

  1st spy call:

  Array [
-   "upd1-ref2",
-   Anything,
-   Anything,
+   "upd1-ref1",
+   Object {
+     "attendees": Array [],
+     "cancellationReason": "User requested",
+     "customInputs": undefined,
+     "description": "Test Description",
+     "destinationCalendar": Array [],
+     "endTime": "2024-01-01T00:00:00Z",
+     "location": "integrations:google:meet",
+     "organizer": Object {
+       "email": "user@example.com",
+       "language": Object {
+         "locale": "en",
+         "translate": [Function anonymous],
+       },
+       "name": "Test User",
+       "timeFormat": "h:mm A",
+       "timeZone": undefined,
+     },
+     "recurringEvent": true,
+     "seatsPerTimeSlot": undefined,
+     "seatsShowAttendees": undefined,
+     "startTime": "2024-01-01T00:00:00Z",
+     "team": Object {
+       "members": Array [],
+       "name": "",
+     },
+     "title": "Test Booking",
+     "type": "Test Event",
+     "uid": "main-uid",
+   },
+   "upd1-cal1",
  ]

  2nd spy call:

  Array [
-   "upd1-ref2",
-   Anything,
-   Anything,
+   "upd2-ref1",
+   Object {
+     "attendees": Array [],
+     "cancellationReason": "User requested",
+     "customInputs": undefined,
+     "description": "Test Description",
+     "destinationCalendar": Array [],
+     "endTime": "2024-01-01T00:00:00Z",
+     "location": "integrations:google:meet",
+     "organizer": Object {
+       "email": "user@example.com",
+       "language": Object {
+         "locale": "en",
+         "translate": [Function anonymous],
+       },
+       "name": "Test User",
+       "timeFormat": "h:mm A",
+       "timeZone": undefined,
+     },
+     "recurringEvent": true,
+     "seatsPerTimeSlot": undefined,
+     "seatsShowAttendees": undefined,
+     "startTime": "2024-01-01T00:00:00Z",
+     "team": Object {
+       "members": Array [],
+       "name": "",
+     },
+     "title": "Test Booking",
+     "type": "Test Event",
+     "uid": "main-uid",
+   },
+   "upd2-cal1",
  ]

  3rd spy call:

  Array [
-   "upd1-ref2",
-   Anything,
-   Anything,
+   "upd1-ref1",
+   Object {
+     "attendees": Array [],
+     "cancellationReason": "User requested",
+     "customInputs": undefined,
+     "description": "Test Description",
+     "destinationCalendar": Array [],
+     "endTime": "2024-01-01T00:00:00Z",
+     "location": "integrations:google:meet",
+     "organizer": Object {
+       "email": "user@example.com",
+       "language": Object {
+         "locale": "en",
+         "translate": [Function anonymous],
+       },
+       "name": "Test User",
+       "timeFormat": "h:mm A",
+       "timeZone": undefined,
+     },
+     "recurringEvent": true,
+     "seatsPerTimeSlot": undefined,
+     "seatsShowAttendees": undefined,
+     "startTime": "2024-01-01T00:00:00Z",
+     "team": Object {
+       "members": Array [],
+       "name": "",
+     },
+     "title": "Test Booking",
+     "type": "Test Event",
+     "uid": "main-uid",
+   },
+   "upd1-cal1",
  ]

  4th spy call:

  Array [
-   "upd1-ref2",
-   Anything,
-   Anything,
+   "upd2-ref1",
+   Object {
+     "attendees": Array [],
+     "cancellationReason": "User requested",
+     "customInputs": undefined,
+     "description": "Test Description",
+     "destinationCalendar": Array [],
+     "endTime": "2024-01-01T00:00:00Z",
+     "location": "integrations:google:meet",
+     "organizer": Object {
+       "email": "user@example.com",
+       "language": Object {
+         "locale": "en",
+         "translate": [Function anonymous],
+       },
+       "name": "Test User",
+       "timeFormat": "h:mm A",
+       "timeZone": undefined,
+     },
+     "recurringEvent": true,
+     "seatsPerTimeSlot": undefined,
+     "seatsShowAttendees": undefined,
+     "startTime": "2024-01-01T00:00:00Z",
+     "team": Object {
+       "members": Array [],
+       "name": "",
+     },
+     "title": "Test Booking",
+     "type": "Test Event",
+     "uid": "main-uid",
+   },
+   "upd2-cal1",
  ]


Number of calls: 4

 ❯ packages/features/bookings/lib/handleCancelBooking.verified.test.ts:165:29
    163|     // The current code only deletes the first calendar reference of e…
    164|     // It should delete all calendar references, including the seconda…
    165|     expect(mockDeleteEvent).toHaveBeenCalledWith("upd1-ref2", expect.a…
       |                             ^
    166|     expect(mockDeleteEvent).toHaveBeenCalledWith("upd2-ref2", expect.a…
    167|   });

⎯⎯⎯⎯⎯⎯⎯⎯⎯⎯⎯⎯⎯⎯⎯⎯⎯⎯⎯⎯⎯⎯⎯⎯[1/1]⎯

 Test Files  1 failed (1)
      Tests  1 failed (1)
   Start at  00:17:47
   Duration  333ms (transform 60ms, setup 0ms, collect 30ms, tests 40ms, environment 0ms, prepare 49ms)

