
 RUN  v0.34.3 /Users/dsifry/Developer/harnesseval/.cache/verify_repos/cal.com-14740

 ❯ |@calcom/core| packages/trpc/server/routers/viewer/bookings/addGuests.handler.verified.test.ts  (1 test | 1 failed) 50ms
   ❯ packages/trpc/server/routers/viewer/bookings/addGuests.handler.verified.test.ts > addGuestsHandler email recipients > sends AddGuests emails only to uniqueGuests, not the raw guests array
     → expected [ 'existing@example.com', …(1) ] to deeply equal [ 'new@example.com' ]

 Test Files  1 failed (1)
      Tests  1 failed (1)
   Start at  14:29:14
   Duration  613ms (transform 61ms, setup 101ms, collect 36ms, tests 50ms, environment 0ms, prepare 68ms)

(node:70826) MaxListenersExceededWarning: Possible EventEmitter memory leak detected. 11 SIGTERM listeners added to [process]. MaxListeners is 10. Use emitter.setMaxListeners() to increase limit
(Use `node --trace-warnings ...` to show where the warning was created)
(node:70826) MaxListenersExceededWarning: Possible EventEmitter memory leak detected. 11 end listeners added to [ReadStream]. MaxListeners is 10. Use emitter.setMaxListeners() to increase limit
⎯⎯⎯⎯⎯⎯⎯ Failed Tests 1 ⎯⎯⎯⎯⎯⎯⎯

 FAIL  |@calcom/core| packages/trpc/server/routers/viewer/bookings/addGuests.handler.verified.test.ts > addGuestsHandler email recipients > sends AddGuests emails only to uniqueGuests, not the raw guests array
AssertionError: expected [ 'existing@example.com', …(1) ] to deeply equal [ 'new@example.com' ]

- Expected
+ Received

  Array [
+   "existing@example.com",
    "new@example.com",
  ]

 ❯ packages/trpc/server/routers/viewer/bookings/addGuests.handler.verified.test.ts:101:27
     99|     expect(sendAddGuestsEmails).toHaveBeenCalledTimes(1);
    100|     const recipientsArg = sendAddGuestsEmails.mock.calls[0][1];
    101|     expect(recipientsArg).toEqual(["new@example.com"]);
       |                           ^
    102|   });
    103| });

⎯⎯⎯⎯⎯⎯⎯⎯⎯⎯⎯⎯⎯⎯⎯⎯⎯⎯⎯⎯⎯⎯⎯⎯[1/1]⎯

