
 RUN  v0.34.3 /Users/dsifry/Developer/harnesseval/.cache/verify_repos/cal.com-14740

 ❯ packages/trpc/server/routers/viewer/bookings/_router.verified.test.tsx  (0 test)

 Test Files  1 failed (1)
      Tests  no tests
   Start at  18:13:06
   Duration  1.24s (transform 144ms, setup 1ms, collect 0ms, tests 0ms, environment 465ms, prepare 108ms)

⎯⎯⎯⎯⎯⎯ Failed Suites 1 ⎯⎯⎯⎯⎯⎯⎯

 FAIL  packages/trpc/server/routers/viewer/bookings/_router.verified.test.tsx [ packages/trpc/server/routers/viewer/bookings/_router.verified.test.tsx ]
TypeError: default.getSubLogger is not a function
 ❯ packages/lib/redactError.ts:7:20
      5| import { IS_PRODUCTION } from "./constants";
      6| 
      7| const log = logger.getSubLogger({ prefix: [`[redactError]`] });
       |                    ^
      8| 
      9| function shouldRedact<T extends Error>(error: T) {
 ❯ packages/trpc/server/middlewares/captureErrorsMiddleware.ts:2:31

⎯⎯⎯⎯⎯⎯⎯⎯⎯⎯⎯⎯⎯⎯⎯⎯⎯⎯⎯⎯⎯⎯⎯⎯⎯⎯⎯⎯⎯⎯
Serialized Error: { toJSON: 'Function<value>' }
⎯⎯⎯⎯⎯⎯⎯⎯⎯⎯⎯⎯⎯⎯⎯⎯⎯⎯⎯⎯⎯⎯⎯⎯[1/1]⎯

