
 RUN  v0.34.3 /Users/dsifry/Developer/harnesseval/.cache/verify_repos/cal.com

 ❯ |0| packages/app-store/_utils/oauth/refreshOAuthTokens.verified.test.ts  (1 test | 1 failed) 7ms
   ❯ packages/app-store/_utils/oauth/refreshOAuthTokens.verified.test.ts > refreshOAuthTokens (credential-sync) > includes an Authorization header (shared secret) when calling the credential-sync endpoint
     → expected undefined to be 'Bearer supersecret' // Object.is equality

 Test Files  1 failed (1)
      Tests  1 failed (1)
   Start at  13:30:12
   Duration  279ms (transform 21ms, setup 18ms, collect 9ms, tests 7ms, environment 0ms, prepare 67ms)

⎯⎯⎯⎯⎯⎯⎯ Failed Tests 1 ⎯⎯⎯⎯⎯⎯⎯

 FAIL  |0| packages/app-store/_utils/oauth/refreshOAuthTokens.verified.test.ts > refreshOAuthTokens (credential-sync) > includes an Authorization header (shared secret) when calling the credential-sync endpoint
AssertionError: expected undefined to be 'Bearer supersecret' // Object.is equality

- Expected: 
"Bearer supersecret"

+ Received: 
undefined

 ❯ packages/app-store/_utils/oauth/refreshOAuthTokens.verified.test.ts:39:45
     37| 
     38|     // Executable evidence of the claim: request must carry caller aut…
     39|     expect(options?.headers?.Authorization).toBe(
       |                                             ^
     40|       `Bearer ${process.env.CALCOM_CREDENTIAL_SYNC_SECRET}`
     41|     );

⎯⎯⎯⎯⎯⎯⎯⎯⎯⎯⎯⎯⎯⎯⎯⎯⎯⎯⎯⎯⎯⎯⎯⎯[1/1]⎯

