
 RUN  v0.34.3 /Users/dsifry/Developer/harnesseval/.cache/verify_repos/cal.com

 ❯ |0| apps/web/pages/api/webhook/app-credential.verified.test.ts  (1 test | 1 failed) 16ms
   ❯ apps/web/pages/api/webhook/app-credential.verified.test.ts > /api/webhook/app-credential rate limiting > should rate limit repeated invalid webhook secret attempts (prevents unlimited online guessing)
     → CLAIM: Webhook secret check has no rate limiting, enabling unlimited online guessing/brute force: expected 403 to be 429 // Object.is equality

 Test Files  1 failed (1)
      Tests  1 failed (1)
   Start at  13:43:26
   Duration  285ms (transform 25ms, setup 19ms, collect 12ms, tests 16ms, environment 0ms, prepare 44ms)

⎯⎯⎯⎯⎯⎯⎯ Failed Tests 1 ⎯⎯⎯⎯⎯⎯⎯

 FAIL  |0| apps/web/pages/api/webhook/app-credential.verified.test.ts > /api/webhook/app-credential rate limiting > should rate limit repeated invalid webhook secret attempts (prevents unlimited online guessing)
AssertionError: CLAIM: Webhook secret check has no rate limiting, enabling unlimited online guessing/brute force: expected 403 to be 429 // Object.is equality

- Expected
+ Received

- 429
+ 403

 ❯ apps/web/pages/api/webhook/app-credential.verified.test.ts:87:7
     85|       res6.statusCode,
     86|       "CLAIM: Webhook secret check has no rate limiting, enabling unli…
     87|     ).toBe(429);
       |       ^
     88|     expect(res6.body?.message).toMatch(/too many/i);
     89|   });

⎯⎯⎯⎯⎯⎯⎯⎯⎯⎯⎯⎯⎯⎯⎯⎯⎯⎯⎯⎯⎯⎯⎯⎯[1/1]⎯

