
 RUN  v0.34.3 /Users/dsifry/Developer/harnesseval/.cache/verify_repos/cal.com-10967

 ❯ |0| packages/features/bookings/lib/handleNewBooking.verified.test.ts  (1 test | 1 failed) 7ms
   ❯ packages/features/bookings/lib/handleNewBooking.verified.test.ts > handleNewBooking collective destinationCalendar webhook leak regression > does not expose non-organizer hosts' destinationCalendar externalId in the webhook payload
     → Cannot read properties of undefined (reading 'eventTypeId')

 Test Files  1 failed (1)
      Tests  1 failed (1)
   Start at  19:46:25
   Duration  968ms (transform 351ms, setup 0ms, collect 729ms, tests 7ms, environment 0ms, prepare 53ms)

[90m19:46:27.005 [39m[1m[93mWARN[39m[22m RateLimit Disabled due to not finding UPSTASH env variables 
⎯⎯⎯⎯⎯⎯⎯ Failed Tests 1 ⎯⎯⎯⎯⎯⎯⎯

 FAIL  |0| packages/features/bookings/lib/handleNewBooking.verified.test.ts > handleNewBooking collective destinationCalendar webhook leak regression > does not expose non-organizer hosts' destinationCalendar externalId in the webhook payload
TypeError: Cannot read properties of undefined (reading 'eventTypeId')
 ❯ handler packages/features/bookings/lib/handleNewBooking.ts:649:15
    647|   // handle dynamic user
    648|   let eventType =
    649|     !req.body.eventTypeId && !!req.body.eventTypeSlug
       |               ^
    650|       ? getDefaultEvent(req.body.eventTypeSlug)
    651|       : await getEventTypesFromDB(req.body.eventTypeId);
 ❯ packages/features/bookings/lib/handleNewBooking.verified.test.ts:252:5

⎯⎯⎯⎯⎯⎯⎯⎯⎯⎯⎯⎯⎯⎯⎯⎯⎯⎯⎯⎯⎯⎯⎯⎯⎯⎯⎯⎯⎯⎯
Serialized Error: { toJSON: 'Function<value>' }
⎯⎯⎯⎯⎯⎯⎯⎯⎯⎯⎯⎯⎯⎯⎯⎯⎯⎯⎯⎯⎯⎯⎯⎯[1/1]⎯

