
 RUN  v0.34.3 /Users/dsifry/Developer/harnesseval/.cache/verify_repos/cal.com-10967

 ❯ |0| packages/features/bookings/lib/handleNewBooking.verified.test.ts  (1 test | 1 failed) 4ms
   ❯ packages/features/bookings/lib/handleNewBooking.verified.test.ts > handleNewBooking collective destinationCalendar webhook leak regression > does not expose non-organizer hosts' destinationCalendar externalId in the webhook payload
     → Cannot read properties of undefined (reading 'cf-connecting-ip')

 Test Files  1 failed (1)
      Tests  1 failed (1)
   Start at  19:40:22
   Duration  910ms (transform 328ms, setup 0ms, collect 675ms, tests 4ms, environment 0ms, prepare 52ms)

⎯⎯⎯⎯⎯⎯⎯ Failed Tests 1 ⎯⎯⎯⎯⎯⎯⎯

 FAIL  |0| packages/features/bookings/lib/handleNewBooking.verified.test.ts > handleNewBooking collective destinationCalendar webhook leak regression > does not expose non-organizer hosts' destinationCalendar externalId in the webhook payload
TypeError: Cannot read properties of undefined (reading 'cf-connecting-ip')
 ❯ Module.getIP [as default] packages/lib/getIP.ts:16:17
     14|     request instanceof Request
     15|       ? request.headers.get("cf-connecting-ip")
     16|       : request.headers["cf-connecting-ip"];
       |                 ^
     17| 
     18|   if (!xff) {
 ❯ handler packages/features/bookings/lib/handleNewBooking.ts:640:18
 ❯ packages/features/bookings/lib/handleNewBooking.verified.test.ts:252:11

⎯⎯⎯⎯⎯⎯⎯⎯⎯⎯⎯⎯⎯⎯⎯⎯⎯⎯⎯⎯⎯⎯⎯⎯⎯⎯⎯⎯⎯⎯
Serialized Error: { toJSON: 'Function<value>' }
⎯⎯⎯⎯⎯⎯⎯⎯⎯⎯⎯⎯⎯⎯⎯⎯⎯⎯⎯⎯⎯⎯⎯⎯[1/1]⎯

