
 RUN  v0.34.3 /Users/dsifry/Developer/harnesseval/.cache/verify_repos/cal.com-14740

 ❯ |@calcom/core| packages/trpc/server/routers/viewer/bookings/addGuests.schema.verified.test.ts  (1 test | 1 failed) 8ms
   ❯ packages/trpc/server/routers/viewer/bookings/addGuests.schema.verified.test.ts > addGuests input schema guest fan-out bound > rejects a payload with more than 1000 guests to prevent unbounded email/DB/calendar fan-out
     → guests array has no max() constraint; a single mutation can fan out thousands of attendees: expected true to be false // Object.is equality

 Test Files  1 failed (1)
      Tests  1 failed (1)
   Start at  14:27:23
   Duration  379ms (transform 22ms, setup 85ms, collect 14ms, tests 8ms, environment 0ms, prepare 62ms)

(node:58842) MaxListenersExceededWarning: Possible EventEmitter memory leak detected. 11 SIGTERM listeners added to [process]. MaxListeners is 10. Use emitter.setMaxListeners() to increase limit
(Use `node --trace-warnings ...` to show where the warning was created)
(node:58842) MaxListenersExceededWarning: Possible EventEmitter memory leak detected. 11 end listeners added to [ReadStream]. MaxListeners is 10. Use emitter.setMaxListeners() to increase limit
⎯⎯⎯⎯⎯⎯⎯ Failed Tests 1 ⎯⎯⎯⎯⎯⎯⎯

 FAIL  |@calcom/core| packages/trpc/server/routers/viewer/bookings/addGuests.schema.verified.test.ts > addGuests input schema guest fan-out bound > rejects a payload with more than 1000 guests to prevent unbounded email/DB/calendar fan-out
AssertionError: guests array has no max() constraint; a single mutation can fan out thousands of attendees: expected true to be false // Object.is equality

- Expected
+ Received

- false
+ true

 ❯ packages/trpc/server/routers/viewer/bookings/addGuests.schema.verified.test.ts:17:7
     15|       result.success,
     16|       "guests array has no max() constraint; a single mutation can fan…
     17|     ).toBe(false);
       |       ^
     18|   });
     19| });

⎯⎯⎯⎯⎯⎯⎯⎯⎯⎯⎯⎯⎯⎯⎯⎯⎯⎯⎯⎯⎯⎯⎯⎯[1/1]⎯

