
 RUN  v0.34.3 /Users/dsifry/Developer/harnesseval/.cache/verify_repos/cal.com

 ❯ |0| apps/web/pages/api/webhook/app-credential.verified.test.ts  (1 test | 1 failed) 13ms
   ❯ apps/web/pages/api/webhook/app-credential.verified.test.ts > app-credential webhook > rejects non-POST requests with 405 Method Not Allowed
     → handler should reject non-POST requests with 405: expected "spy" to be called with arguments: [ 405 ]

Received: 



Number of calls: 0


 Test Files  1 failed (1)
      Tests  1 failed (1)
   Start at  23:15:02
   Duration  259ms (transform 22ms, setup 20ms, collect 11ms, tests 13ms, environment 0ms, prepare 51ms)

⎯⎯⎯⎯⎯⎯⎯ Failed Tests 1 ⎯⎯⎯⎯⎯⎯⎯

 FAIL  |0| apps/web/pages/api/webhook/app-credential.verified.test.ts > app-credential webhook > rejects non-POST requests with 405 Method Not Allowed
AssertionError: handler should reject non-POST requests with 405: expected "spy" to be called with arguments: [ 405 ]

Received: 



Number of calls: 0

 ❯ apps/web/pages/api/webhook/app-credential.verified.test.ts:62:72
     60|     }
     61| 
     62|     expect(status, "handler should reject non-POST requests with 405")…
       |                                                                        ^
     63|   });
     64| });

⎯⎯⎯⎯⎯⎯⎯⎯⎯⎯⎯⎯⎯⎯⎯⎯⎯⎯⎯⎯⎯⎯⎯⎯[1/1]⎯

